[1.329s] Invoking command in '/home/user/sound_lidar_ws/src/lidar_focus': DEBUGINFOD_URLS=https://debuginfod.ubuntu.com PYTHONPATH=/home/user/sound_lidar_ws/build/lidar_focus/prefix_override:/usr/lib/python3/dist-packages/colcon_core/task/python/colcon_distutils_commands:/home/user/sound_lidar_ws/install/lidar_focus/lib/python3.12/site-packages:/home/user/sound_lidar_ws/install/sound_interfaces/lib/python3.12/site-packages:/home/user/sound_lidar_ws/build/sound_localizer:/home/user/sound_lidar_ws/install/sound_localizer/lib/python3.12/site-packages:/home/user/sound_lidar_ws/build/lidar_focus:/home/user/sound_lidar_ws/install/lidar_focus/lib/python3.12/site-packages:/opt/ros/jazzy/lib/python3.12/site-packages /usr/bin/python3 -W ignore:setup.py install is deprecated -W ignore:easy_install command is deprecated setup.py egg_info --egg-base ../../build/lidar_focus build --build-base /home/user/sound_lidar_ws/build/lidar_focus/build install --record /home/user/sound_lidar_ws/build/lidar_focus/install.log --single-version-externally-managed install_data
[1.717s] running egg_info
[1.745s] writing ../../build/lidar_focus/lidar_focus.egg-info/PKG-INFO
[1.746s] writing dependency_links to ../../build/lidar_focus/lidar_focus.egg-info/dependency_links.txt
[1.747s] writing entry points to ../../build/lidar_focus/lidar_focus.egg-info/entry_points.txt
[1.753s] writing requirements to ../../build/lidar_focus/lidar_focus.egg-info/requires.txt
[1.754s] writing top-level names to ../../build/lidar_focus/lidar_focus.egg-info/top_level.txt
[1.816s] reading manifest file '../../build/lidar_focus/lidar_focus.egg-info/SOURCES.txt'
[1.817s] writing manifest file '../../build/lidar_focus/lidar_focus.egg-info/SOURCES.txt'
[1.817s] running build
[1.817s] running build_py
[1.817s] creating /home/user/sound_lidar_ws/build/lidar_focus/build
[1.817s] creating /home/user/sound_lidar_ws/build/lidar_focus/build/lib
[1.818s] creating /home/user/sound_lidar_ws/build/lidar_focus/build/lib/lidar_focus
[1.818s] copying lidar_focus/sound_motion_roi_node.py -> /home/user/sound_lidar_ws/build/lidar_focus/build/lib/lidar_focus
[1.818s] copying lidar_focus/__init__.py -> /home/user/sound_lidar_ws/build/lidar_focus/build/lib/lidar_focus
[1.818s] copying lidar_focus/human_bbox_node.py -> /home/user/sound_lidar_ws/build/lidar_focus/build/lib/lidar_focus
[1.818s] copying lidar_focus/ground_removal_node.py -> /home/user/sound_lidar_ws/build/lidar_focus/build/lib/lidar_focus
[1.818s] copying lidar_focus/lidar_focus_node.py -> /home/user/sound_lidar_ws/build/lidar_focus/build/lib/lidar_focus
[1.819s] running install
[1.829s] running install_lib
[1.857s] creating /home/user/sound_lidar_ws/install/lidar_focus/lib/python3.12/site-packages/lidar_focus
[1.858s] copying /home/user/sound_lidar_ws/build/lidar_focus/build/lib/lidar_focus/sound_motion_roi_node.py -> /home/user/sound_lidar_ws/install/lidar_focus/lib/python3.12/site-packages/lidar_focus
[1.858s] copying /home/user/sound_lidar_ws/build/lidar_focus/build/lib/lidar_focus/__init__.py -> /home/user/sound_lidar_ws/install/lidar_focus/lib/python3.12/site-packages/lidar_focus
[1.858s] copying /home/user/sound_lidar_ws/build/lidar_focus/build/lib/lidar_focus/human_bbox_node.py -> /home/user/sound_lidar_ws/install/lidar_focus/lib/python3.12/site-packages/lidar_focus
[1.859s] copying /home/user/sound_lidar_ws/build/lidar_focus/build/lib/lidar_focus/ground_removal_node.py -> /home/user/sound_lidar_ws/install/lidar_focus/lib/python3.12/site-packages/lidar_focus
[1.859s] copying /home/user/sound_lidar_ws/build/lidar_focus/build/lib/lidar_focus/lidar_focus_node.py -> /home/user/sound_lidar_ws/install/lidar_focus/lib/python3.12/site-packages/lidar_focus
[1.860s] byte-compiling /home/user/sound_lidar_ws/install/lidar_focus/lib/python3.12/site-packages/lidar_focus/sound_motion_roi_node.py to sound_motion_roi_node.cpython-312.pyc
[1.866s] byte-compiling /home/user/sound_lidar_ws/install/lidar_focus/lib/python3.12/site-packages/lidar_focus/__init__.py to __init__.cpython-312.pyc
[1.866s] byte-compiling /home/user/sound_lidar_ws/install/lidar_focus/lib/python3.12/site-packages/lidar_focus/human_bbox_node.py to human_bbox_node.cpython-312.pyc
[1.869s] byte-compiling /home/user/sound_lidar_ws/install/lidar_focus/lib/python3.12/site-packages/lidar_focus/ground_removal_node.py to ground_removal_node.cpython-312.pyc
[1.871s] byte-compiling /home/user/sound_lidar_ws/install/lidar_focus/lib/python3.12/site-packages/lidar_focus/lidar_focus_node.py to lidar_focus_node.cpython-312.pyc
[1.873s] running install_data
[1.874s] running install_egg_info
[1.903s] Copying ../../build/lidar_focus/lidar_focus.egg-info to /home/user/sound_lidar_ws/install/lidar_focus/lib/python3.12/site-packages/lidar_focus-0.1.0-py3.12.egg-info
[1.905s] running install_scripts
[2.108s] Installing ground_removal_node script to /home/user/sound_lidar_ws/install/lidar_focus/lib/lidar_focus
[2.108s] Installing human_bbox_node script to /home/user/sound_lidar_ws/install/lidar_focus/lib/lidar_focus
[2.109s] Installing lidar_focus_node script to /home/user/sound_lidar_ws/install/lidar_focus/lib/lidar_focus
[2.109s] Installing sound_motion_roi_node script to /home/user/sound_lidar_ws/install/lidar_focus/lib/lidar_focus
[2.109s] writing list of installed files to '/home/user/sound_lidar_ws/build/lidar_focus/install.log'
[2.195s] Invoked command in '/home/user/sound_lidar_ws/src/lidar_focus' returned '0': DEBUGINFOD_URLS=https://debuginfod.ubuntu.com PYTHONPATH=/home/user/sound_lidar_ws/build/lidar_focus/prefix_override:/usr/lib/python3/dist-packages/colcon_core/task/python/colcon_distutils_commands:/home/user/sound_lidar_ws/install/lidar_focus/lib/python3.12/site-packages:/home/user/sound_lidar_ws/install/sound_interfaces/lib/python3.12/site-packages:/home/user/sound_lidar_ws/build/sound_localizer:/home/user/sound_lidar_ws/install/sound_localizer/lib/python3.12/site-packages:/home/user/sound_lidar_ws/build/lidar_focus:/home/user/sound_lidar_ws/install/lidar_focus/lib/python3.12/site-packages:/opt/ros/jazzy/lib/python3.12/site-packages /usr/bin/python3 -W ignore:setup.py install is deprecated -W ignore:easy_install command is deprecated setup.py egg_info --egg-base ../../build/lidar_focus build --build-base /home/user/sound_lidar_ws/build/lidar_focus/build install --record /home/user/sound_lidar_ws/build/lidar_focus/install.log --single-version-externally-managed install_data
