[2.008s] Invoking command in '/home/user/sound_lidar_ws/build/lidar_focus': CMAKE_PREFIX_PATH=/home/user/sound_lidar_ws/install/sound_interfaces:/home/user/ros2_ws/install/unitree_lidar_ros2:/opt/ros/jazzy/opt/gz_sim_vendor:/opt/ros/jazzy/opt/gz_sensors_vendor:/opt/ros/jazzy/opt/gz_physics_vendor:/opt/ros/jazzy/opt/sdformat_vendor:/opt/ros/jazzy/opt/gz_gui_vendor:/opt/ros/jazzy/opt/gz_transport_vendor:/opt/ros/jazzy/opt/gz_rendering_vendor:/opt/ros/jazzy/opt/gz_plugin_vendor:/opt/ros/jazzy/opt/gz_fuel_tools_vendor:/opt/ros/jazzy/opt/gz_msgs_vendor:/opt/ros/jazzy/opt/gz_common_vendor:/opt/ros/jazzy/opt/gz_math_vendor:/opt/ros/jazzy/opt/gz_utils_vendor:/opt/ros/jazzy/opt/gz_tools_vendor:/opt/ros/jazzy/opt/gz_ogre_next_vendor:/opt/ros/jazzy/opt/gz_dartsim_vendor:/opt/ros/jazzy/opt/gz_cmake_vendor DEBUGINFOD_URLS=https://debuginfod.ubuntu.com PYTHONPATH=/home/user/sound_lidar_ws/build/lidar_focus/prefix_override:/usr/lib/python3/dist-packages/colcon_core/task/python/colcon_distutils_commands:/home/user/sound_lidar_ws/install/lidar_focus/lib/python3.12/site-packages:/home/user/sound_lidar_ws/install/sound_interfaces/lib/python3.12/site-packages:/home/user/sound_lidar_ws/build/sound_localizer:/home/user/sound_lidar_ws/install/sound_localizer/lib/python3.12/site-packages:/home/user/sound_lidar_ws/build/lidar_focus:/home/user/sound_lidar_ws/install/lidar_focus/lib/python3.12/site-packages:/opt/ros/jazzy/lib/python3.12/site-packages /usr/bin/python3 -W ignore:setup.py install is deprecated -W ignore:easy_install command is deprecated setup.py develop --uninstall --editable --build-directory /home/user/sound_lidar_ws/build/lidar_focus/build
[2.694s] running develop
[3.099s] Removing /home/user/sound_lidar_ws/install/lidar_focus/lib/python3.12/site-packages/lidar-focus.egg-link (link to .)
[3.275s] Invoked command in '/home/user/sound_lidar_ws/build/lidar_focus' returned '0': CMAKE_PREFIX_PATH=/home/user/sound_lidar_ws/install/sound_interfaces:/home/user/ros2_ws/install/unitree_lidar_ros2:/opt/ros/jazzy/opt/gz_sim_vendor:/opt/ros/jazzy/opt/gz_sensors_vendor:/opt/ros/jazzy/opt/gz_physics_vendor:/opt/ros/jazzy/opt/sdformat_vendor:/opt/ros/jazzy/opt/gz_gui_vendor:/opt/ros/jazzy/opt/gz_transport_vendor:/opt/ros/jazzy/opt/gz_rendering_vendor:/opt/ros/jazzy/opt/gz_plugin_vendor:/opt/ros/jazzy/opt/gz_fuel_tools_vendor:/opt/ros/jazzy/opt/gz_msgs_vendor:/opt/ros/jazzy/opt/gz_common_vendor:/opt/ros/jazzy/opt/gz_math_vendor:/opt/ros/jazzy/opt/gz_utils_vendor:/opt/ros/jazzy/opt/gz_tools_vendor:/opt/ros/jazzy/opt/gz_ogre_next_vendor:/opt/ros/jazzy/opt/gz_dartsim_vendor:/opt/ros/jazzy/opt/gz_cmake_vendor DEBUGINFOD_URLS=https://debuginfod.ubuntu.com PYTHONPATH=/home/user/sound_lidar_ws/build/lidar_focus/prefix_override:/usr/lib/python3/dist-packages/colcon_core/task/python/colcon_distutils_commands:/home/user/sound_lidar_ws/install/lidar_focus/lib/python3.12/site-packages:/home/user/sound_lidar_ws/install/sound_interfaces/lib/python3.12/site-packages:/home/user/sound_lidar_ws/build/sound_localizer:/home/user/sound_lidar_ws/install/sound_localizer/lib/python3.12/site-packages:/home/user/sound_lidar_ws/build/lidar_focus:/home/user/sound_lidar_ws/install/lidar_focus/lib/python3.12/site-packages:/opt/ros/jazzy/lib/python3.12/site-packages /usr/bin/python3 -W ignore:setup.py install is deprecated -W ignore:easy_install command is deprecated setup.py develop --uninstall --editable --build-directory /home/user/sound_lidar_ws/build/lidar_focus/build
[3.278s] Invoking command in '/home/user/sound_lidar_ws/src/lidar_focus': CMAKE_PREFIX_PATH=/home/user/sound_lidar_ws/install/sound_interfaces:/home/user/ros2_ws/install/unitree_lidar_ros2:/opt/ros/jazzy/opt/gz_sim_vendor:/opt/ros/jazzy/opt/gz_sensors_vendor:/opt/ros/jazzy/opt/gz_physics_vendor:/opt/ros/jazzy/opt/sdformat_vendor:/opt/ros/jazzy/opt/gz_gui_vendor:/opt/ros/jazzy/opt/gz_transport_vendor:/opt/ros/jazzy/opt/gz_rendering_vendor:/opt/ros/jazzy/opt/gz_plugin_vendor:/opt/ros/jazzy/opt/gz_fuel_tools_vendor:/opt/ros/jazzy/opt/gz_msgs_vendor:/opt/ros/jazzy/opt/gz_common_vendor:/opt/ros/jazzy/opt/gz_math_vendor:/opt/ros/jazzy/opt/gz_utils_vendor:/opt/ros/jazzy/opt/gz_tools_vendor:/opt/ros/jazzy/opt/gz_ogre_next_vendor:/opt/ros/jazzy/opt/gz_dartsim_vendor:/opt/ros/jazzy/opt/gz_cmake_vendor DEBUGINFOD_URLS=https://debuginfod.ubuntu.com PYTHONPATH=/home/user/sound_lidar_ws/build/lidar_focus/prefix_override:/usr/lib/python3/dist-packages/colcon_core/task/python/colcon_distutils_commands:/home/user/sound_lidar_ws/install/lidar_focus/lib/python3.12/site-packages:/home/user/sound_lidar_ws/install/sound_interfaces/lib/python3.12/site-packages:/home/user/sound_lidar_ws/build/sound_localizer:/home/user/sound_lidar_ws/install/sound_localizer/lib/python3.12/site-packages:/home/user/sound_lidar_ws/build/lidar_focus:/home/user/sound_lidar_ws/install/lidar_focus/lib/python3.12/site-packages:/opt/ros/jazzy/lib/python3.12/site-packages /usr/bin/python3 -W ignore:setup.py install is deprecated -W ignore:easy_install command is deprecated setup.py egg_info --egg-base ../../build/lidar_focus build --build-base /home/user/sound_lidar_ws/build/lidar_focus/build install --record /home/user/sound_lidar_ws/build/lidar_focus/install.log --single-version-externally-managed install_data --force
[3.868s] running egg_info
[3.901s] writing ../../build/lidar_focus/lidar_focus.egg-info/PKG-INFO
[3.902s] writing dependency_links to ../../build/lidar_focus/lidar_focus.egg-info/dependency_links.txt
[3.905s] writing entry points to ../../build/lidar_focus/lidar_focus.egg-info/entry_points.txt
[3.905s] writing requirements to ../../build/lidar_focus/lidar_focus.egg-info/requires.txt
[3.906s] writing top-level names to ../../build/lidar_focus/lidar_focus.egg-info/top_level.txt
[3.986s] reading manifest file '../../build/lidar_focus/lidar_focus.egg-info/SOURCES.txt'
[3.988s] writing manifest file '../../build/lidar_focus/lidar_focus.egg-info/SOURCES.txt'
[3.989s] running build
[3.989s] running build_py
[3.994s] copying lidar_focus/sound_localizer_node.py -> /home/user/sound_lidar_ws/build/lidar_focus/build/lib/lidar_focus
[3.994s] copying lidar_focus/sound_source_marker_node.py -> /home/user/sound_lidar_ws/build/lidar_focus/build/lib/lidar_focus
[3.995s] copying lidar_focus/human_bbox_node.py -> /home/user/sound_lidar_ws/build/lidar_focus/build/lib/lidar_focus
[3.995s] running install
[4.007s] running install_lib
[4.053s] creating /home/user/sound_lidar_ws/install/lidar_focus/lib/python3.12/site-packages/lidar_focus
[4.053s] copying /home/user/sound_lidar_ws/build/lidar_focus/build/lib/lidar_focus/r_calibration_node.py -> /home/user/sound_lidar_ws/install/lidar_focus/lib/python3.12/site-packages/lidar_focus
[4.054s] copying /home/user/sound_lidar_ws/build/lidar_focus/build/lib/lidar_focus/__init__.py -> /home/user/sound_lidar_ws/install/lidar_focus/lib/python3.12/site-packages/lidar_focus
[4.054s] copying /home/user/sound_lidar_ws/build/lidar_focus/build/lib/lidar_focus/sound_localizer_node.py -> /home/user/sound_lidar_ws/install/lidar_focus/lib/python3.12/site-packages/lidar_focus
[4.055s] copying /home/user/sound_lidar_ws/build/lidar_focus/build/lib/lidar_focus/sound_source_marker_node.py -> /home/user/sound_lidar_ws/install/lidar_focus/lib/python3.12/site-packages/lidar_focus
[4.055s] copying /home/user/sound_lidar_ws/build/lidar_focus/build/lib/lidar_focus/human_bbox_node.py -> /home/user/sound_lidar_ws/install/lidar_focus/lib/python3.12/site-packages/lidar_focus
[4.055s] copying /home/user/sound_lidar_ws/build/lidar_focus/build/lib/lidar_focus/ground_removal_node.py -> /home/user/sound_lidar_ws/install/lidar_focus/lib/python3.12/site-packages/lidar_focus
[4.056s] copying /home/user/sound_lidar_ws/build/lidar_focus/build/lib/lidar_focus/eval_logger_node.py -> /home/user/sound_lidar_ws/install/lidar_focus/lib/python3.12/site-packages/lidar_focus
[4.057s] byte-compiling /home/user/sound_lidar_ws/install/lidar_focus/lib/python3.12/site-packages/lidar_focus/r_calibration_node.py to r_calibration_node.cpython-312.pyc
[4.063s] byte-compiling /home/user/sound_lidar_ws/install/lidar_focus/lib/python3.12/site-packages/lidar_focus/__init__.py to __init__.cpython-312.pyc
[4.063s] byte-compiling /home/user/sound_lidar_ws/install/lidar_focus/lib/python3.12/site-packages/lidar_focus/sound_localizer_node.py to sound_localizer_node.cpython-312.pyc
[4.068s] byte-compiling /home/user/sound_lidar_ws/install/lidar_focus/lib/python3.12/site-packages/lidar_focus/sound_source_marker_node.py to sound_source_marker_node.cpython-312.pyc
[4.074s] byte-compiling /home/user/sound_lidar_ws/install/lidar_focus/lib/python3.12/site-packages/lidar_focus/human_bbox_node.py to human_bbox_node.cpython-312.pyc
[4.083s] byte-compiling /home/user/sound_lidar_ws/install/lidar_focus/lib/python3.12/site-packages/lidar_focus/ground_removal_node.py to ground_removal_node.cpython-312.pyc
[4.088s] byte-compiling /home/user/sound_lidar_ws/install/lidar_focus/lib/python3.12/site-packages/lidar_focus/eval_logger_node.py to eval_logger_node.cpython-312.pyc
[4.091s] running install_data
[4.092s] copying resource/lidar_focus -> /home/user/sound_lidar_ws/install/lidar_focus/share/ament_index/resource_index/packages
[4.092s] copying package.xml -> /home/user/sound_lidar_ws/install/lidar_focus/share/lidar_focus
[4.092s] copying launch/sound_lidar.launch.py -> /home/user/sound_lidar_ws/install/lidar_focus/share/lidar_focus/launch
[4.096s] running install_egg_info
[4.145s] Copying ../../build/lidar_focus/lidar_focus.egg-info to /home/user/sound_lidar_ws/install/lidar_focus/lib/python3.12/site-packages/lidar_focus-0.1.0-py3.12.egg-info
[4.148s] running install_scripts
[4.399s] Installing eval_logger_node script to /home/user/sound_lidar_ws/install/lidar_focus/lib/lidar_focus
[4.400s] Installing ground_removal_node script to /home/user/sound_lidar_ws/install/lidar_focus/lib/lidar_focus
[4.407s] Installing human_bbox_node script to /home/user/sound_lidar_ws/install/lidar_focus/lib/lidar_focus
[4.407s] Installing lidar_focus_node script to /home/user/sound_lidar_ws/install/lidar_focus/lib/lidar_focus
[4.408s] Installing r_calibration_node script to /home/user/sound_lidar_ws/install/lidar_focus/lib/lidar_focus
[4.409s] Installing sound_localizer_node script to /home/user/sound_lidar_ws/install/lidar_focus/lib/lidar_focus
[4.410s] Installing sound_motion_roi_node script to /home/user/sound_lidar_ws/install/lidar_focus/lib/lidar_focus
[4.411s] Installing sound_source_marker_node script to /home/user/sound_lidar_ws/install/lidar_focus/lib/lidar_focus
[4.412s] writing list of installed files to '/home/user/sound_lidar_ws/build/lidar_focus/install.log'
[4.610s] Invoked command in '/home/user/sound_lidar_ws/src/lidar_focus' returned '0': CMAKE_PREFIX_PATH=/home/user/sound_lidar_ws/install/sound_interfaces:/home/user/ros2_ws/install/unitree_lidar_ros2:/opt/ros/jazzy/opt/gz_sim_vendor:/opt/ros/jazzy/opt/gz_sensors_vendor:/opt/ros/jazzy/opt/gz_physics_vendor:/opt/ros/jazzy/opt/sdformat_vendor:/opt/ros/jazzy/opt/gz_gui_vendor:/opt/ros/jazzy/opt/gz_transport_vendor:/opt/ros/jazzy/opt/gz_rendering_vendor:/opt/ros/jazzy/opt/gz_plugin_vendor:/opt/ros/jazzy/opt/gz_fuel_tools_vendor:/opt/ros/jazzy/opt/gz_msgs_vendor:/opt/ros/jazzy/opt/gz_common_vendor:/opt/ros/jazzy/opt/gz_math_vendor:/opt/ros/jazzy/opt/gz_utils_vendor:/opt/ros/jazzy/opt/gz_tools_vendor:/opt/ros/jazzy/opt/gz_ogre_next_vendor:/opt/ros/jazzy/opt/gz_dartsim_vendor:/opt/ros/jazzy/opt/gz_cmake_vendor DEBUGINFOD_URLS=https://debuginfod.ubuntu.com PYTHONPATH=/home/user/sound_lidar_ws/build/lidar_focus/prefix_override:/usr/lib/python3/dist-packages/colcon_core/task/python/colcon_distutils_commands:/home/user/sound_lidar_ws/install/lidar_focus/lib/python3.12/site-packages:/home/user/sound_lidar_ws/install/sound_interfaces/lib/python3.12/site-packages:/home/user/sound_lidar_ws/build/sound_localizer:/home/user/sound_lidar_ws/install/sound_localizer/lib/python3.12/site-packages:/home/user/sound_lidar_ws/build/lidar_focus:/home/user/sound_lidar_ws/install/lidar_focus/lib/python3.12/site-packages:/opt/ros/jazzy/lib/python3.12/site-packages /usr/bin/python3 -W ignore:setup.py install is deprecated -W ignore:easy_install command is deprecated setup.py egg_info --egg-base ../../build/lidar_focus build --build-base /home/user/sound_lidar_ws/build/lidar_focus/build install --record /home/user/sound_lidar_ws/build/lidar_focus/install.log --single-version-externally-managed install_data --force
