[2.742s] Invoking command in '/home/user/sound_lidar_ws/build/sound_localizer': DEBUGINFOD_URLS=https://debuginfod.ubuntu.com PYTHONPATH=/home/user/sound_lidar_ws/build/sound_localizer/prefix_override:/usr/lib/python3/dist-packages/colcon_core/task/python/colcon_distutils_commands:/home/user/sound_lidar_ws/install/sound_localizer/lib/python3.12/site-packages:/home/user/sound_lidar_ws/install/sound_interfaces/lib/python3.12/site-packages:/home/user/sound_lidar_ws/build/sound_localizer:/home/user/sound_lidar_ws/install/sound_localizer/lib/python3.12/site-packages:/home/user/sound_lidar_ws/build/lidar_focus:/home/user/sound_lidar_ws/install/lidar_focus/lib/python3.12/site-packages:/opt/ros/jazzy/lib/python3.12/site-packages /usr/bin/python3 -W ignore:setup.py install is deprecated -W ignore:easy_install command is deprecated setup.py develop --editable --build-directory /home/user/sound_lidar_ws/build/sound_localizer/build --no-deps symlink_data
[3.671s] running develop
[4.167s] running egg_info
[4.171s] creating sound_localizer.egg-info
[4.217s] writing sound_localizer.egg-info/PKG-INFO
[4.218s] writing dependency_links to sound_localizer.egg-info/dependency_links.txt
[4.219s] writing entry points to sound_localizer.egg-info/entry_points.txt
[4.221s] writing requirements to sound_localizer.egg-info/requires.txt
[4.222s] writing top-level names to sound_localizer.egg-info/top_level.txt
[4.223s] writing manifest file 'sound_localizer.egg-info/SOURCES.txt'
[4.330s] reading manifest file 'sound_localizer.egg-info/SOURCES.txt'
[4.336s] writing manifest file 'sound_localizer.egg-info/SOURCES.txt'
[4.429s] running build_ext
[4.431s] Creating /home/user/sound_lidar_ws/install/sound_localizer/lib/python3.12/site-packages/sound-localizer.egg-link (link to .)
[4.436s] Installing sound_localizer_node script to /home/user/sound_lidar_ws/install/sound_localizer/bin
[4.439s] 
[4.441s] Installed /home/user/sound_lidar_ws/build/sound_localizer
[4.442s] running symlink_data
[4.444s] creating /home/user/sound_lidar_ws/install/sound_localizer/share/ament_index
[4.452s] creating /home/user/sound_lidar_ws/install/sound_localizer/share/ament_index/resource_index
[4.453s] creating /home/user/sound_lidar_ws/install/sound_localizer/share/ament_index/resource_index/packages
[4.453s] symbolically linking /home/user/sound_lidar_ws/build/sound_localizer/resource/sound_localizer -> /home/user/sound_lidar_ws/install/sound_localizer/share/ament_index/resource_index/packages
[4.455s] symbolically linking /home/user/sound_lidar_ws/build/sound_localizer/package.xml -> /home/user/sound_lidar_ws/install/sound_localizer/share/sound_localizer
[4.455s] creating /home/user/sound_lidar_ws/install/sound_localizer/share/sound_localizer/launch
[4.456s] symbolically linking /home/user/sound_lidar_ws/build/sound_localizer/launch/sound_localizer.launch.py -> /home/user/sound_lidar_ws/install/sound_localizer/share/sound_localizer/launch
[4.703s] Invoked command in '/home/user/sound_lidar_ws/build/sound_localizer' returned '0': DEBUGINFOD_URLS=https://debuginfod.ubuntu.com PYTHONPATH=/home/user/sound_lidar_ws/build/sound_localizer/prefix_override:/usr/lib/python3/dist-packages/colcon_core/task/python/colcon_distutils_commands:/home/user/sound_lidar_ws/install/sound_localizer/lib/python3.12/site-packages:/home/user/sound_lidar_ws/install/sound_interfaces/lib/python3.12/site-packages:/home/user/sound_lidar_ws/build/sound_localizer:/home/user/sound_lidar_ws/install/sound_localizer/lib/python3.12/site-packages:/home/user/sound_lidar_ws/build/lidar_focus:/home/user/sound_lidar_ws/install/lidar_focus/lib/python3.12/site-packages:/opt/ros/jazzy/lib/python3.12/site-packages /usr/bin/python3 -W ignore:setup.py install is deprecated -W ignore:easy_install command is deprecated setup.py develop --editable --build-directory /home/user/sound_lidar_ws/build/sound_localizer/build --no-deps symlink_data
