[0.021s] Invoking command in '/home/user/sound_lidar_ws/build/sound_interfaces': CMAKE_PREFIX_PATH=${CMAKE_PREFIX_PATH}:/opt/ros/jazzy DEBUGINFOD_URLS=https://debuginfod.ubuntu.com /usr/bin/cmake --build /home/user/sound_lidar_ws/build/sound_interfaces -- -j4 -l4
[0.128s] [  2%] Built target sound_interfaces__rosidl_generator_type_description
[0.148s] [  2%] Built target ament_cmake_python_symlink_sound_interfaces
[0.175s] [  5%] Built target sound_interfaces__cpp
[0.179s] [ 20%] Built target sound_interfaces__rosidl_generator_c
[0.236s] [ 29%] Built target sound_interfaces__rosidl_typesupport_fastrtps_cpp
[0.236s] [ 38%] Built target sound_interfaces__rosidl_typesupport_introspection_cpp
[0.243s] [ 47%] Built target sound_interfaces__rosidl_typesupport_cpp
[0.289s] [ 61%] Built target sound_interfaces__rosidl_typesupport_fastrtps_c
[0.289s] [ 64%] Built target sound_interfaces__rosidl_typesupport_introspection_c
[0.295s] [ 73%] Built target sound_interfaces__rosidl_typesupport_c
[0.341s] [ 73%] Built target sound_interfaces
[0.382s] [ 76%] Built target sound_interfaces__py
[0.429s] [ 82%] Built target sound_interfaces__rosidl_generator_py
[0.481s] [ 88%] Built target sound_interfaces_s__rosidl_typesupport_fastrtps_c
[0.487s] [ 94%] Built target sound_interfaces_s__rosidl_typesupport_introspection_c
[0.496s] [100%] Built target sound_interfaces_s__rosidl_typesupport_c
[0.560s] running egg_info
[0.590s] writing sound_interfaces.egg-info/PKG-INFO
[0.590s] writing dependency_links to sound_interfaces.egg-info/dependency_links.txt
[0.592s] writing top-level names to sound_interfaces.egg-info/top_level.txt
[0.688s] reading manifest file 'sound_interfaces.egg-info/SOURCES.txt'
[0.689s] writing manifest file 'sound_interfaces.egg-info/SOURCES.txt'
[0.802s] [100%] Built target ament_cmake_python_build_sound_interfaces_egg
[0.848s] Invoked command in '/home/user/sound_lidar_ws/build/sound_interfaces' returned '0': CMAKE_PREFIX_PATH=${CMAKE_PREFIX_PATH}:/opt/ros/jazzy DEBUGINFOD_URLS=https://debuginfod.ubuntu.com /usr/bin/cmake --build /home/user/sound_lidar_ws/build/sound_interfaces -- -j4 -l4
[0.912s] Invoking command in '/home/user/sound_lidar_ws/build/sound_interfaces': CMAKE_PREFIX_PATH=${CMAKE_PREFIX_PATH}:/opt/ros/jazzy DEBUGINFOD_URLS=https://debuginfod.ubuntu.com /usr/bin/cmake --install /home/user/sound_lidar_ws/build/sound_interfaces
[0.939s] -- Install configuration: ""
[0.941s] -- Execute custom install script
[0.942s] -- Up-to-date symlink: /home/user/sound_lidar_ws/install/sound_interfaces/share/ament_index/resource_index/rosidl_interfaces/sound_interfaces
[0.942s] -- Up-to-date symlink: /home/user/sound_lidar_ws/install/sound_interfaces/share/sound_interfaces/msg/SoundEvent.json
[0.944s] -- Up-to-date symlink: /home/user/sound_lidar_ws/install/sound_interfaces/include/sound_interfaces/sound_interfaces/msg/detail/sound_event__functions.h
[0.944s] -- Up-to-date symlink: /home/user/sound_lidar_ws/install/sound_interfaces/include/sound_interfaces/sound_interfaces/msg/detail/sound_event__struct.h
[0.946s] -- Up-to-date symlink: /home/user/sound_lidar_ws/install/sound_interfaces/include/sound_interfaces/sound_interfaces/msg/detail/sound_event__type_support.h
[0.947s] -- Up-to-date symlink: /home/user/sound_lidar_ws/install/sound_interfaces/include/sound_interfaces/sound_interfaces/msg/rosidl_generator_c__visibility_control.h
[0.947s] -- Up-to-date symlink: /home/user/sound_lidar_ws/install/sound_interfaces/include/sound_interfaces/sound_interfaces/msg/sound_event.h
[0.947s] -- Up-to-date symlink: /home/user/sound_lidar_ws/install/sound_interfaces/share/sound_interfaces/environment/library_path.sh
[0.947s] -- Up-to-date symlink: /home/user/sound_lidar_ws/install/sound_interfaces/share/sound_interfaces/environment/library_path.dsv
[0.947s] -- Up-to-date symlink: /home/user/sound_lidar_ws/install/sound_interfaces/include/sound_interfaces/sound_interfaces/msg/detail/sound_event__rosidl_typesupport_fastrtps_c.h
[0.948s] -- Up-to-date symlink: /home/user/sound_lidar_ws/install/sound_interfaces/include/sound_interfaces/sound_interfaces/msg/rosidl_typesupport_fastrtps_c__visibility_control.h
[0.948s] -- Up-to-date symlink: /home/user/sound_lidar_ws/install/sound_interfaces/include/sound_interfaces/sound_interfaces/msg/detail/sound_event__rosidl_typesupport_introspection_c.h
[0.949s] -- Up-to-date symlink: /home/user/sound_lidar_ws/install/sound_interfaces/include/sound_interfaces/sound_interfaces/msg/rosidl_typesupport_introspection_c__visibility_control.h
[0.950s] -- Up-to-date symlink: /home/user/sound_lidar_ws/install/sound_interfaces/include/sound_interfaces/sound_interfaces/msg/detail/sound_event__builder.hpp
[0.950s] -- Up-to-date symlink: /home/user/sound_lidar_ws/install/sound_interfaces/include/sound_interfaces/sound_interfaces/msg/detail/sound_event__struct.hpp
[0.950s] -- Up-to-date symlink: /home/user/sound_lidar_ws/install/sound_interfaces/include/sound_interfaces/sound_interfaces/msg/detail/sound_event__traits.hpp
[0.951s] -- Up-to-date symlink: /home/user/sound_lidar_ws/install/sound_interfaces/include/sound_interfaces/sound_interfaces/msg/detail/sound_event__type_support.hpp
[0.952s] -- Up-to-date symlink: /home/user/sound_lidar_ws/install/sound_interfaces/include/sound_interfaces/sound_interfaces/msg/rosidl_generator_cpp__visibility_control.hpp
[0.953s] -- Up-to-date symlink: /home/user/sound_lidar_ws/install/sound_interfaces/include/sound_interfaces/sound_interfaces/msg/sound_event.hpp
[0.953s] -- Up-to-date symlink: /home/user/sound_lidar_ws/install/sound_interfaces/include/sound_interfaces/sound_interfaces/msg/detail/sound_event__rosidl_typesupport_fastrtps_cpp.hpp
[0.954s] -- Up-to-date symlink: /home/user/sound_lidar_ws/install/sound_interfaces/include/sound_interfaces/sound_interfaces/msg/rosidl_typesupport_fastrtps_cpp__visibility_control.h
[0.955s] -- Up-to-date symlink: /home/user/sound_lidar_ws/install/sound_interfaces/include/sound_interfaces/sound_interfaces/msg/detail/sound_event__rosidl_typesupport_introspection_cpp.hpp
[0.956s] -- Up-to-date symlink: /home/user/sound_lidar_ws/install/sound_interfaces/share/sound_interfaces/environment/pythonpath.sh
[0.956s] -- Up-to-date symlink: /home/user/sound_lidar_ws/install/sound_interfaces/share/sound_interfaces/environment/pythonpath.dsv
[0.957s] -- Up-to-date symlink: /home/user/sound_lidar_ws/install/sound_interfaces/lib/python3.12/site-packages/sound_interfaces-0.1.0-py3.12.egg-info/PKG-INFO
[0.957s] -- Up-to-date symlink: /home/user/sound_lidar_ws/install/sound_interfaces/lib/python3.12/site-packages/sound_interfaces-0.1.0-py3.12.egg-info/SOURCES.txt
[0.958s] -- Up-to-date symlink: /home/user/sound_lidar_ws/install/sound_interfaces/lib/python3.12/site-packages/sound_interfaces-0.1.0-py3.12.egg-info/dependency_links.txt
[0.959s] -- Up-to-date symlink: /home/user/sound_lidar_ws/install/sound_interfaces/lib/python3.12/site-packages/sound_interfaces-0.1.0-py3.12.egg-info/top_level.txt
[0.961s] -- Up-to-date symlink: /home/user/sound_lidar_ws/install/sound_interfaces/lib/python3.12/site-packages/sound_interfaces/__init__.py
[0.961s] -- Up-to-date symlink: /home/user/sound_lidar_ws/install/sound_interfaces/lib/python3.12/site-packages/sound_interfaces/_sound_interfaces_s.ep.rosidl_typesupport_c.c
[0.961s] -- Up-to-date symlink: /home/user/sound_lidar_ws/install/sound_interfaces/lib/python3.12/site-packages/sound_interfaces/_sound_interfaces_s.ep.rosidl_typesupport_fastrtps_c.c
[0.961s] -- Up-to-date symlink: /home/user/sound_lidar_ws/install/sound_interfaces/lib/python3.12/site-packages/sound_interfaces/_sound_interfaces_s.ep.rosidl_typesupport_introspection_c.c
[0.961s] -- Up-to-date symlink: /home/user/sound_lidar_ws/install/sound_interfaces/lib/python3.12/site-packages/sound_interfaces/msg/__init__.py
[0.963s] -- Up-to-date symlink: /home/user/sound_lidar_ws/install/sound_interfaces/lib/python3.12/site-packages/sound_interfaces/msg/_sound_event.py
[0.963s] -- Up-to-date symlink: /home/user/sound_lidar_ws/install/sound_interfaces/lib/python3.12/site-packages/sound_interfaces/msg/_sound_event_s.c
[0.963s] -- Up-to-date symlink: /home/user/sound_lidar_ws/install/sound_interfaces/lib/python3.12/site-packages/sound_interfaces/sound_interfaces_s__rosidl_typesupport_c.so
[0.964s] -- Up-to-date symlink: /home/user/sound_lidar_ws/install/sound_interfaces/lib/python3.12/site-packages/sound_interfaces/sound_interfaces_s__rosidl_typesupport_fastrtps_c.so
[0.965s] -- Up-to-date symlink: /home/user/sound_lidar_ws/install/sound_interfaces/lib/python3.12/site-packages/sound_interfaces/sound_interfaces_s__rosidl_typesupport_introspection_c.so
[0.965s] -- Up-to-date symlink: /home/user/sound_lidar_ws/install/sound_interfaces/lib/python3.12/site-packages/sound_interfaces/sound_interfaces_s__rosidl_typesupport_fastrtps_c.so
[0.966s] -- Up-to-date symlink: /home/user/sound_lidar_ws/install/sound_interfaces/lib/python3.12/site-packages/sound_interfaces/sound_interfaces_s__rosidl_typesupport_introspection_c.so
[0.967s] -- Up-to-date symlink: /home/user/sound_lidar_ws/install/sound_interfaces/lib/python3.12/site-packages/sound_interfaces/sound_interfaces_s__rosidl_typesupport_c.so
[0.968s] -- Up-to-date symlink: /home/user/sound_lidar_ws/install/sound_interfaces/share/sound_interfaces/msg/SoundEvent.idl
[0.968s] -- Up-to-date symlink: /home/user/sound_lidar_ws/install/sound_interfaces/share/sound_interfaces/msg/SoundEvent.msg
[0.970s] -- Up-to-date symlink: /home/user/sound_lidar_ws/install/sound_interfaces/share/ament_index/resource_index/package_run_dependencies/sound_interfaces
[0.970s] -- Up-to-date symlink: /home/user/sound_lidar_ws/install/sound_interfaces/share/ament_index/resource_index/parent_prefix_path/sound_interfaces
[0.971s] -- Up-to-date symlink: /home/user/sound_lidar_ws/install/sound_interfaces/share/sound_interfaces/environment/ament_prefix_path.sh
[0.972s] -- Up-to-date symlink: /home/user/sound_lidar_ws/install/sound_interfaces/share/sound_interfaces/environment/ament_prefix_path.dsv
[0.972s] -- Up-to-date symlink: /home/user/sound_lidar_ws/install/sound_interfaces/share/sound_interfaces/environment/path.sh
[0.973s] -- Up-to-date symlink: /home/user/sound_lidar_ws/install/sound_interfaces/share/sound_interfaces/environment/path.dsv
[0.975s] -- Up-to-date symlink: /home/user/sound_lidar_ws/install/sound_interfaces/share/sound_interfaces/local_setup.bash
[0.975s] -- Up-to-date symlink: /home/user/sound_lidar_ws/install/sound_interfaces/share/sound_interfaces/local_setup.sh
[0.976s] -- Up-to-date symlink: /home/user/sound_lidar_ws/install/sound_interfaces/share/sound_interfaces/local_setup.zsh
[0.977s] -- Up-to-date symlink: /home/user/sound_lidar_ws/install/sound_interfaces/share/sound_interfaces/local_setup.dsv
[0.977s] -- Symlinking: /home/user/sound_lidar_ws/install/sound_interfaces/share/sound_interfaces/package.dsv
[1.013s] -- Up-to-date symlink: /home/user/sound_lidar_ws/install/sound_interfaces/share/ament_index/resource_index/packages/sound_interfaces
[1.014s] -- Up-to-date symlink: /home/user/sound_lidar_ws/install/sound_interfaces/share/sound_interfaces/cmake/rosidl_cmake-extras.cmake
[1.015s] -- Up-to-date symlink: /home/user/sound_lidar_ws/install/sound_interfaces/share/sound_interfaces/cmake/ament_cmake_export_dependencies-extras.cmake
[1.016s] -- Up-to-date symlink: /home/user/sound_lidar_ws/install/sound_interfaces/share/sound_interfaces/cmake/ament_cmake_export_include_directories-extras.cmake
[1.017s] -- Up-to-date symlink: /home/user/sound_lidar_ws/install/sound_interfaces/share/sound_interfaces/cmake/ament_cmake_export_libraries-extras.cmake
[1.017s] -- Up-to-date symlink: /home/user/sound_lidar_ws/install/sound_interfaces/share/sound_interfaces/cmake/ament_cmake_export_targets-extras.cmake
[1.019s] -- Up-to-date symlink: /home/user/sound_lidar_ws/install/sound_interfaces/share/sound_interfaces/cmake/rosidl_cmake_export_typesupport_targets-extras.cmake
[1.019s] -- Up-to-date symlink: /home/user/sound_lidar_ws/install/sound_interfaces/share/sound_interfaces/cmake/rosidl_cmake_export_typesupport_libraries-extras.cmake
[1.020s] -- Up-to-date symlink: /home/user/sound_lidar_ws/install/sound_interfaces/share/sound_interfaces/cmake/sound_interfacesConfig.cmake
[1.021s] -- Up-to-date symlink: /home/user/sound_lidar_ws/install/sound_interfaces/share/sound_interfaces/cmake/sound_interfacesConfig-version.cmake
[1.021s] -- Up-to-date symlink: /home/user/sound_lidar_ws/install/sound_interfaces/share/sound_interfaces/package.xml
[1.022s] -- Up-to-date: /home/user/sound_lidar_ws/install/sound_interfaces/lib/libsound_interfaces__rosidl_generator_c.so
[1.022s] -- Up-to-date: /home/user/sound_lidar_ws/install/sound_interfaces/lib/libsound_interfaces__rosidl_typesupport_fastrtps_c.so
[1.025s] -- Up-to-date: /home/user/sound_lidar_ws/install/sound_interfaces/lib/libsound_interfaces__rosidl_typesupport_introspection_c.so
[1.025s] -- Up-to-date: /home/user/sound_lidar_ws/install/sound_interfaces/lib/libsound_interfaces__rosidl_typesupport_c.so
[1.025s] -- Up-to-date: /home/user/sound_lidar_ws/install/sound_interfaces/lib/libsound_interfaces__rosidl_typesupport_fastrtps_cpp.so
[1.026s] -- Up-to-date: /home/user/sound_lidar_ws/install/sound_interfaces/lib/libsound_interfaces__rosidl_typesupport_introspection_cpp.so
[1.026s] -- Up-to-date: /home/user/sound_lidar_ws/install/sound_interfaces/lib/libsound_interfaces__rosidl_typesupport_cpp.so
[1.101s] Listing '/home/user/sound_lidar_ws/install/sound_interfaces/lib/python3.12/site-packages/sound_interfaces'...
[1.101s] Listing '/home/user/sound_lidar_ws/install/sound_interfaces/lib/python3.12/site-packages/sound_interfaces/msg'...
[1.127s] -- Up-to-date: /home/user/sound_lidar_ws/install/sound_interfaces/lib/libsound_interfaces__rosidl_generator_py.so
[1.127s] -- Up-to-date: /home/user/sound_lidar_ws/install/sound_interfaces/share/sound_interfaces/cmake/export_sound_interfaces__rosidl_generator_cExport.cmake
[1.128s] -- Up-to-date: /home/user/sound_lidar_ws/install/sound_interfaces/share/sound_interfaces/cmake/export_sound_interfaces__rosidl_generator_cExport-noconfig.cmake
[1.131s] -- Up-to-date: /home/user/sound_lidar_ws/install/sound_interfaces/share/sound_interfaces/cmake/export_sound_interfaces__rosidl_typesupport_fastrtps_cExport.cmake
[1.131s] -- Up-to-date: /home/user/sound_lidar_ws/install/sound_interfaces/share/sound_interfaces/cmake/export_sound_interfaces__rosidl_typesupport_fastrtps_cExport-noconfig.cmake
[1.131s] -- Up-to-date: /home/user/sound_lidar_ws/install/sound_interfaces/share/sound_interfaces/cmake/sound_interfaces__rosidl_typesupport_introspection_cExport.cmake
[1.132s] -- Up-to-date: /home/user/sound_lidar_ws/install/sound_interfaces/share/sound_interfaces/cmake/sound_interfaces__rosidl_typesupport_introspection_cExport-noconfig.cmake
[1.132s] -- Up-to-date: /home/user/sound_lidar_ws/install/sound_interfaces/share/sound_interfaces/cmake/sound_interfaces__rosidl_typesupport_cExport.cmake
[1.132s] -- Up-to-date: /home/user/sound_lidar_ws/install/sound_interfaces/share/sound_interfaces/cmake/sound_interfaces__rosidl_typesupport_cExport-noconfig.cmake
[1.132s] -- Up-to-date: /home/user/sound_lidar_ws/install/sound_interfaces/share/sound_interfaces/cmake/export_sound_interfaces__rosidl_generator_cppExport.cmake
[1.132s] -- Up-to-date: /home/user/sound_lidar_ws/install/sound_interfaces/share/sound_interfaces/cmake/export_sound_interfaces__rosidl_typesupport_fastrtps_cppExport.cmake
[1.132s] -- Up-to-date: /home/user/sound_lidar_ws/install/sound_interfaces/share/sound_interfaces/cmake/export_sound_interfaces__rosidl_typesupport_fastrtps_cppExport-noconfig.cmake
[1.132s] -- Up-to-date: /home/user/sound_lidar_ws/install/sound_interfaces/share/sound_interfaces/cmake/sound_interfaces__rosidl_typesupport_introspection_cppExport.cmake
[1.132s] -- Up-to-date: /home/user/sound_lidar_ws/install/sound_interfaces/share/sound_interfaces/cmake/sound_interfaces__rosidl_typesupport_introspection_cppExport-noconfig.cmake
[1.133s] -- Up-to-date: /home/user/sound_lidar_ws/install/sound_interfaces/share/sound_interfaces/cmake/sound_interfaces__rosidl_typesupport_cppExport.cmake
[1.133s] -- Up-to-date: /home/user/sound_lidar_ws/install/sound_interfaces/share/sound_interfaces/cmake/sound_interfaces__rosidl_typesupport_cppExport-noconfig.cmake
[1.134s] -- Up-to-date: /home/user/sound_lidar_ws/install/sound_interfaces/share/sound_interfaces/cmake/export_sound_interfaces__rosidl_generator_pyExport.cmake
[1.135s] -- Up-to-date: /home/user/sound_lidar_ws/install/sound_interfaces/share/sound_interfaces/cmake/export_sound_interfaces__rosidl_generator_pyExport-noconfig.cmake
[1.143s] Invoked command in '/home/user/sound_lidar_ws/build/sound_interfaces' returned '0': CMAKE_PREFIX_PATH=${CMAKE_PREFIX_PATH}:/opt/ros/jazzy DEBUGINFOD_URLS=https://debuginfod.ubuntu.com /usr/bin/cmake --install /home/user/sound_lidar_ws/build/sound_interfaces
