[0.184s] DEBUG:colcon:Command line arguments: ['/usr/bin/colcon', 'build', '--symlink-install']
[0.184s] DEBUG:colcon:Parsed command line arguments: Namespace(log_base=None, log_level=None, verb_name='build', build_base='build', install_base='install', merge_install=False, symlink_install=True, test_result_base=None, continue_on_error=False, executor='parallel', parallel_workers=4, event_handlers=None, ignore_user_meta=False, metas=['./colcon.meta'], base_paths=['.'], packages_ignore=None, packages_ignore_regex=None, paths=None, packages_up_to=None, packages_up_to_regex=None, packages_above=None, packages_above_and_dependencies=None, packages_above_depth=None, packages_select_by_dep=None, packages_skip_by_dep=None, packages_skip_up_to=None, packages_select_build_failed=False, packages_skip_build_finished=False, packages_select_test_failures=False, packages_skip_test_passed=False, packages_select=None, packages_skip=None, packages_select_regex=None, packages_skip_regex=None, packages_start=None, packages_end=None, allow_overriding=[], cmake_args=None, cmake_target=None, cmake_target_skip_unavailable=False, cmake_clean_cache=False, cmake_clean_first=False, cmake_force_configure=False, ament_cmake_args=None, catkin_cmake_args=None, catkin_skip_building_tests=False, mixin_files=None, mixin=None, verb_parser=<colcon_mixin.mixin.mixin_argument.MixinArgumentDecorator object at 0xffff8dfd4920>, verb_extension=<colcon_core.verb.build.BuildVerb object at 0xffff8de99c70>, main=<bound method BuildVerb.main of <colcon_core.verb.build.BuildVerb object at 0xffff8de99c70>>, mixin_verb=('build',))
[0.256s] Level 1:colcon.colcon_core.package_discovery:discover_packages(colcon_meta) check parameters
[0.257s] Level 1:colcon.colcon_core.package_discovery:discover_packages(recursive) check parameters
[0.257s] Level 1:colcon.colcon_core.package_discovery:discover_packages(ignore) check parameters
[0.257s] Level 1:colcon.colcon_core.package_discovery:discover_packages(path) check parameters
[0.257s] Level 1:colcon.colcon_core.package_discovery:discover_packages(colcon_meta) discover
[0.257s] Level 1:colcon.colcon_core.package_discovery:discover_packages(recursive) discover
[0.257s] INFO:colcon.colcon_core.package_discovery:Crawling recursively for packages in '/home/user/sound_lidar_ws'
[0.257s] Level 1:colcon.colcon_core.package_identification:_identify(.) by extensions ['ignore', 'ignore_ament_install']
[0.257s] Level 1:colcon.colcon_core.package_identification:_identify(.) by extension 'ignore'
[0.257s] Level 1:colcon.colcon_core.package_identification:_identify(.) by extension 'ignore_ament_install'
[0.257s] Level 1:colcon.colcon_core.package_identification:_identify(.) by extensions ['colcon_pkg']
[0.257s] Level 1:colcon.colcon_core.package_identification:_identify(.) by extension 'colcon_pkg'
[0.257s] Level 1:colcon.colcon_core.package_identification:_identify(.) by extensions ['colcon_meta']
[0.258s] Level 1:colcon.colcon_core.package_identification:_identify(.) by extension 'colcon_meta'
[0.258s] Level 1:colcon.colcon_core.package_identification:_identify(.) by extensions ['ros']
[0.258s] Level 1:colcon.colcon_core.package_identification:_identify(.) by extension 'ros'
[0.307s] Level 1:colcon.colcon_core.package_identification:_identify(.) by extensions ['cmake', 'python']
[0.307s] Level 1:colcon.colcon_core.package_identification:_identify(.) by extension 'cmake'
[0.307s] Level 1:colcon.colcon_core.package_identification:_identify(.) by extension 'python'
[0.307s] Level 1:colcon.colcon_core.package_identification:_identify(.) by extensions ['python_setup_py']
[0.307s] Level 1:colcon.colcon_core.package_identification:_identify(.) by extension 'python_setup_py'
[0.308s] Level 1:colcon.colcon_core.package_identification:_identify(build) by extensions ['ignore', 'ignore_ament_install']
[0.308s] Level 1:colcon.colcon_core.package_identification:_identify(build) by extension 'ignore'
[0.308s] Level 1:colcon.colcon_core.package_identification:_identify(build) ignored
[0.308s] Level 1:colcon.colcon_core.package_identification:_identify(install) by extensions ['ignore', 'ignore_ament_install']
[0.308s] Level 1:colcon.colcon_core.package_identification:_identify(install) by extension 'ignore'
[0.308s] Level 1:colcon.colcon_core.package_identification:_identify(install) ignored
[0.308s] Level 1:colcon.colcon_core.package_identification:_identify(log) by extensions ['ignore', 'ignore_ament_install']
[0.308s] Level 1:colcon.colcon_core.package_identification:_identify(log) by extension 'ignore'
[0.308s] Level 1:colcon.colcon_core.package_identification:_identify(log) ignored
[0.308s] Level 1:colcon.colcon_core.package_identification:_identify(my_lidar_data) by extensions ['ignore', 'ignore_ament_install']
[0.309s] Level 1:colcon.colcon_core.package_identification:_identify(my_lidar_data) by extension 'ignore'
[0.309s] Level 1:colcon.colcon_core.package_identification:_identify(my_lidar_data) by extension 'ignore_ament_install'
[0.309s] Level 1:colcon.colcon_core.package_identification:_identify(my_lidar_data) by extensions ['colcon_pkg']
[0.309s] Level 1:colcon.colcon_core.package_identification:_identify(my_lidar_data) by extension 'colcon_pkg'
[0.309s] Level 1:colcon.colcon_core.package_identification:_identify(my_lidar_data) by extensions ['colcon_meta']
[0.309s] Level 1:colcon.colcon_core.package_identification:_identify(my_lidar_data) by extension 'colcon_meta'
[0.309s] Level 1:colcon.colcon_core.package_identification:_identify(my_lidar_data) by extensions ['ros']
[0.309s] Level 1:colcon.colcon_core.package_identification:_identify(my_lidar_data) by extension 'ros'
[0.309s] Level 1:colcon.colcon_core.package_identification:_identify(my_lidar_data) by extensions ['cmake', 'python']
[0.309s] Level 1:colcon.colcon_core.package_identification:_identify(my_lidar_data) by extension 'cmake'
[0.309s] Level 1:colcon.colcon_core.package_identification:_identify(my_lidar_data) by extension 'python'
[0.309s] Level 1:colcon.colcon_core.package_identification:_identify(my_lidar_data) by extensions ['python_setup_py']
[0.309s] Level 1:colcon.colcon_core.package_identification:_identify(my_lidar_data) by extension 'python_setup_py'
[0.309s] Level 1:colcon.colcon_core.package_identification:_identify(src) by extensions ['ignore', 'ignore_ament_install']
[0.309s] Level 1:colcon.colcon_core.package_identification:_identify(src) by extension 'ignore'
[0.309s] Level 1:colcon.colcon_core.package_identification:_identify(src) by extension 'ignore_ament_install'
[0.309s] Level 1:colcon.colcon_core.package_identification:_identify(src) by extensions ['colcon_pkg']
[0.309s] Level 1:colcon.colcon_core.package_identification:_identify(src) by extension 'colcon_pkg'
[0.309s] Level 1:colcon.colcon_core.package_identification:_identify(src) by extensions ['colcon_meta']
[0.309s] Level 1:colcon.colcon_core.package_identification:_identify(src) by extension 'colcon_meta'
[0.309s] Level 1:colcon.colcon_core.package_identification:_identify(src) by extensions ['ros']
[0.309s] Level 1:colcon.colcon_core.package_identification:_identify(src) by extension 'ros'
[0.310s] Level 1:colcon.colcon_core.package_identification:_identify(src) by extensions ['cmake', 'python']
[0.310s] Level 1:colcon.colcon_core.package_identification:_identify(src) by extension 'cmake'
[0.310s] Level 1:colcon.colcon_core.package_identification:_identify(src) by extension 'python'
[0.310s] Level 1:colcon.colcon_core.package_identification:_identify(src) by extensions ['python_setup_py']
[0.310s] Level 1:colcon.colcon_core.package_identification:_identify(src) by extension 'python_setup_py'
[0.310s] Level 1:colcon.colcon_core.package_identification:_identify(src/lidar_focus) by extensions ['ignore', 'ignore_ament_install']
[0.310s] Level 1:colcon.colcon_core.package_identification:_identify(src/lidar_focus) by extension 'ignore'
[0.310s] Level 1:colcon.colcon_core.package_identification:_identify(src/lidar_focus) by extension 'ignore_ament_install'
[0.310s] Level 1:colcon.colcon_core.package_identification:_identify(src/lidar_focus) by extensions ['colcon_pkg']
[0.310s] Level 1:colcon.colcon_core.package_identification:_identify(src/lidar_focus) by extension 'colcon_pkg'
[0.310s] Level 1:colcon.colcon_core.package_identification:_identify(src/lidar_focus) by extensions ['colcon_meta']
[0.310s] Level 1:colcon.colcon_core.package_identification:_identify(src/lidar_focus) by extension 'colcon_meta'
[0.310s] Level 1:colcon.colcon_core.package_identification:_identify(src/lidar_focus) by extensions ['ros']
[0.310s] Level 1:colcon.colcon_core.package_identification:_identify(src/lidar_focus) by extension 'ros'
[0.314s] DEBUG:colcon.colcon_core.package_identification:Package 'src/lidar_focus' with type 'ros.ament_python' and name 'lidar_focus'
[0.315s] Level 1:colcon.colcon_core.package_identification:_identify(src/sound_interfaces) by extensions ['ignore', 'ignore_ament_install']
[0.315s] Level 1:colcon.colcon_core.package_identification:_identify(src/sound_interfaces) by extension 'ignore'
[0.315s] Level 1:colcon.colcon_core.package_identification:_identify(src/sound_interfaces) by extension 'ignore_ament_install'
[0.315s] Level 1:colcon.colcon_core.package_identification:_identify(src/sound_interfaces) by extensions ['colcon_pkg']
[0.315s] Level 1:colcon.colcon_core.package_identification:_identify(src/sound_interfaces) by extension 'colcon_pkg'
[0.315s] Level 1:colcon.colcon_core.package_identification:_identify(src/sound_interfaces) by extensions ['colcon_meta']
[0.315s] Level 1:colcon.colcon_core.package_identification:_identify(src/sound_interfaces) by extension 'colcon_meta'
[0.315s] Level 1:colcon.colcon_core.package_identification:_identify(src/sound_interfaces) by extensions ['ros']
[0.315s] Level 1:colcon.colcon_core.package_identification:_identify(src/sound_interfaces) by extension 'ros'
[0.316s] DEBUG:colcon.colcon_core.package_identification:Package 'src/sound_interfaces' with type 'ros.ament_cmake' and name 'sound_interfaces'
[0.317s] Level 1:colcon.colcon_core.package_identification:_identify(src/sound_localizer) by extensions ['ignore', 'ignore_ament_install']
[0.317s] Level 1:colcon.colcon_core.package_identification:_identify(src/sound_localizer) by extension 'ignore'
[0.317s] Level 1:colcon.colcon_core.package_identification:_identify(src/sound_localizer) by extension 'ignore_ament_install'
[0.317s] Level 1:colcon.colcon_core.package_identification:_identify(src/sound_localizer) by extensions ['colcon_pkg']
[0.317s] Level 1:colcon.colcon_core.package_identification:_identify(src/sound_localizer) by extension 'colcon_pkg'
[0.317s] Level 1:colcon.colcon_core.package_identification:_identify(src/sound_localizer) by extensions ['colcon_meta']
[0.317s] Level 1:colcon.colcon_core.package_identification:_identify(src/sound_localizer) by extension 'colcon_meta'
[0.317s] Level 1:colcon.colcon_core.package_identification:_identify(src/sound_localizer) by extensions ['ros']
[0.317s] Level 1:colcon.colcon_core.package_identification:_identify(src/sound_localizer) by extension 'ros'
[0.318s] DEBUG:colcon.colcon_core.package_identification:Package 'src/sound_localizer' with type 'ros.ament_python' and name 'sound_localizer'
[0.318s] Level 1:colcon.colcon_core.package_discovery:discover_packages(recursive) using defaults
[0.318s] Level 1:colcon.colcon_core.package_discovery:discover_packages(ignore) discover
[0.318s] Level 1:colcon.colcon_core.package_discovery:discover_packages(ignore) using defaults
[0.318s] Level 1:colcon.colcon_core.package_discovery:discover_packages(path) discover
[0.318s] Level 1:colcon.colcon_core.package_discovery:discover_packages(path) using defaults
[0.352s] Level 1:colcon.colcon_core.package_discovery:discover_packages(prefix_path) check parameters
[0.352s] Level 1:colcon.colcon_core.package_discovery:discover_packages(prefix_path) discover
[0.356s] DEBUG:colcon.colcon_installed_package_information.package_discovery:Found 3 installed packages in /home/user/sound_lidar_ws/install
[0.358s] DEBUG:colcon.colcon_installed_package_information.package_discovery:Found 337 installed packages in /opt/ros/jazzy
[0.362s] Level 1:colcon.colcon_core.package_discovery:discover_packages(prefix_path) using defaults
[0.443s] Level 5:colcon.colcon_core.verb:set package 'sound_interfaces' build argument 'cmake_args' from command line to 'None'
[0.443s] Level 5:colcon.colcon_core.verb:set package 'sound_interfaces' build argument 'cmake_target' from command line to 'None'
[0.444s] Level 5:colcon.colcon_core.verb:set package 'sound_interfaces' build argument 'cmake_target_skip_unavailable' from command line to 'False'
[0.444s] Level 5:colcon.colcon_core.verb:set package 'sound_interfaces' build argument 'cmake_clean_cache' from command line to 'False'
[0.444s] Level 5:colcon.colcon_core.verb:set package 'sound_interfaces' build argument 'cmake_clean_first' from command line to 'False'
[0.444s] Level 5:colcon.colcon_core.verb:set package 'sound_interfaces' build argument 'cmake_force_configure' from command line to 'False'
[0.444s] Level 5:colcon.colcon_core.verb:set package 'sound_interfaces' build argument 'ament_cmake_args' from command line to 'None'
[0.444s] Level 5:colcon.colcon_core.verb:set package 'sound_interfaces' build argument 'catkin_cmake_args' from command line to 'None'
[0.444s] Level 5:colcon.colcon_core.verb:set package 'sound_interfaces' build argument 'catkin_skip_building_tests' from command line to 'False'
[0.444s] DEBUG:colcon.colcon_core.verb:Building package 'sound_interfaces' with the following arguments: {'ament_cmake_args': None, 'build_base': '/home/user/sound_lidar_ws/build/sound_interfaces', 'catkin_cmake_args': None, 'catkin_skip_building_tests': False, 'cmake_args': None, 'cmake_clean_cache': False, 'cmake_clean_first': False, 'cmake_force_configure': False, 'cmake_target': None, 'cmake_target_skip_unavailable': False, 'install_base': '/home/user/sound_lidar_ws/install/sound_interfaces', 'merge_install': False, 'path': '/home/user/sound_lidar_ws/src/sound_interfaces', 'symlink_install': True, 'test_result_base': None}
[0.444s] Level 5:colcon.colcon_core.verb:set package 'lidar_focus' build argument 'cmake_args' from command line to 'None'
[0.444s] Level 5:colcon.colcon_core.verb:set package 'lidar_focus' build argument 'cmake_target' from command line to 'None'
[0.444s] Level 5:colcon.colcon_core.verb:set package 'lidar_focus' build argument 'cmake_target_skip_unavailable' from command line to 'False'
[0.444s] Level 5:colcon.colcon_core.verb:set package 'lidar_focus' build argument 'cmake_clean_cache' from command line to 'False'
[0.444s] Level 5:colcon.colcon_core.verb:set package 'lidar_focus' build argument 'cmake_clean_first' from command line to 'False'
[0.444s] Level 5:colcon.colcon_core.verb:set package 'lidar_focus' build argument 'cmake_force_configure' from command line to 'False'
[0.444s] Level 5:colcon.colcon_core.verb:set package 'lidar_focus' build argument 'ament_cmake_args' from command line to 'None'
[0.444s] Level 5:colcon.colcon_core.verb:set package 'lidar_focus' build argument 'catkin_cmake_args' from command line to 'None'
[0.444s] Level 5:colcon.colcon_core.verb:set package 'lidar_focus' build argument 'catkin_skip_building_tests' from command line to 'False'
[0.444s] DEBUG:colcon.colcon_core.verb:Building package 'lidar_focus' with the following arguments: {'ament_cmake_args': None, 'build_base': '/home/user/sound_lidar_ws/build/lidar_focus', 'catkin_cmake_args': None, 'catkin_skip_building_tests': False, 'cmake_args': None, 'cmake_clean_cache': False, 'cmake_clean_first': False, 'cmake_force_configure': False, 'cmake_target': None, 'cmake_target_skip_unavailable': False, 'install_base': '/home/user/sound_lidar_ws/install/lidar_focus', 'merge_install': False, 'path': '/home/user/sound_lidar_ws/src/lidar_focus', 'symlink_install': True, 'test_result_base': None}
[0.445s] Level 5:colcon.colcon_core.verb:set package 'sound_localizer' build argument 'cmake_args' from command line to 'None'
[0.445s] Level 5:colcon.colcon_core.verb:set package 'sound_localizer' build argument 'cmake_target' from command line to 'None'
[0.445s] Level 5:colcon.colcon_core.verb:set package 'sound_localizer' build argument 'cmake_target_skip_unavailable' from command line to 'False'
[0.445s] Level 5:colcon.colcon_core.verb:set package 'sound_localizer' build argument 'cmake_clean_cache' from command line to 'False'
[0.445s] Level 5:colcon.colcon_core.verb:set package 'sound_localizer' build argument 'cmake_clean_first' from command line to 'False'
[0.445s] Level 5:colcon.colcon_core.verb:set package 'sound_localizer' build argument 'cmake_force_configure' from command line to 'False'
[0.445s] Level 5:colcon.colcon_core.verb:set package 'sound_localizer' build argument 'ament_cmake_args' from command line to 'None'
[0.445s] Level 5:colcon.colcon_core.verb:set package 'sound_localizer' build argument 'catkin_cmake_args' from command line to 'None'
[0.445s] Level 5:colcon.colcon_core.verb:set package 'sound_localizer' build argument 'catkin_skip_building_tests' from command line to 'False'
[0.445s] DEBUG:colcon.colcon_core.verb:Building package 'sound_localizer' with the following arguments: {'ament_cmake_args': None, 'build_base': '/home/user/sound_lidar_ws/build/sound_localizer', 'catkin_cmake_args': None, 'catkin_skip_building_tests': False, 'cmake_args': None, 'cmake_clean_cache': False, 'cmake_clean_first': False, 'cmake_force_configure': False, 'cmake_target': None, 'cmake_target_skip_unavailable': False, 'install_base': '/home/user/sound_lidar_ws/install/sound_localizer', 'merge_install': False, 'path': '/home/user/sound_lidar_ws/src/sound_localizer', 'symlink_install': True, 'test_result_base': None}
[0.445s] INFO:colcon.colcon_core.executor:Executing jobs using 'parallel' executor
[0.447s] DEBUG:colcon.colcon_parallel_executor.executor.parallel:run_until_complete
[0.447s] INFO:colcon.colcon_ros.task.ament_cmake.build:Building ROS package in '/home/user/sound_lidar_ws/src/sound_interfaces' with build type 'ament_cmake'
[0.447s] INFO:colcon.colcon_cmake.task.cmake.build:Building CMake package in '/home/user/sound_lidar_ws/src/sound_interfaces'
[0.453s] INFO:colcon.colcon_core.plugin_system:Skipping extension 'colcon_core.shell.bat': Not used on non-Windows systems
[0.454s] INFO:colcon.colcon_core.shell:Skip shell extension 'powershell' for command environment: Not usable outside of PowerShell
[0.454s] DEBUG:colcon.colcon_core.shell:Skip shell extension 'dsv' for command environment
[0.479s] DEBUG:colcon.colcon_core.event_handler.log_command:Invoking command in '/home/user/sound_lidar_ws/build/sound_interfaces': CMAKE_PREFIX_PATH=${CMAKE_PREFIX_PATH}:/home/user/sound_lidar_ws/install/sound_localizer:/home/user/sound_lidar_ws/install/lidar_focus:/opt/ros/jazzy DEBUGINFOD_URLS=https://debuginfod.ubuntu.com /usr/bin/cmake --build /home/user/sound_lidar_ws/build/sound_interfaces -- -j4 -l4
[1.285s] DEBUG:colcon.colcon_core.event_handler.log_command:Invoked command in '/home/user/sound_lidar_ws/build/sound_interfaces' returned '0': CMAKE_PREFIX_PATH=${CMAKE_PREFIX_PATH}:/home/user/sound_lidar_ws/install/sound_localizer:/home/user/sound_lidar_ws/install/lidar_focus:/opt/ros/jazzy DEBUGINFOD_URLS=https://debuginfod.ubuntu.com /usr/bin/cmake --build /home/user/sound_lidar_ws/build/sound_interfaces -- -j4 -l4
[1.307s] DEBUG:colcon.colcon_core.event_handler.log_command:Invoking command in '/home/user/sound_lidar_ws/build/sound_interfaces': CMAKE_PREFIX_PATH=${CMAKE_PREFIX_PATH}:/home/user/sound_lidar_ws/install/sound_localizer:/home/user/sound_lidar_ws/install/lidar_focus:/opt/ros/jazzy DEBUGINFOD_URLS=https://debuginfod.ubuntu.com /usr/bin/cmake --install /home/user/sound_lidar_ws/build/sound_interfaces
[2.825s] Level 1:colcon.colcon_core.environment:create_environment_scripts_only(sound_interfaces)
[2.826s] DEBUG:colcon.colcon_core.event_handler.log_command:Invoked command in '/home/user/sound_lidar_ws/build/sound_interfaces' returned '0': CMAKE_PREFIX_PATH=${CMAKE_PREFIX_PATH}:/home/user/sound_lidar_ws/install/sound_localizer:/home/user/sound_lidar_ws/install/lidar_focus:/opt/ros/jazzy DEBUGINFOD_URLS=https://debuginfod.ubuntu.com /usr/bin/cmake --install /home/user/sound_lidar_ws/build/sound_interfaces
[2.829s] Level 1:colcon.colcon_core.environment:checking '/home/user/sound_lidar_ws/install/sound_interfaces' for CMake module files
[2.830s] Level 1:colcon.colcon_core.environment:checking '/home/user/sound_lidar_ws/install/sound_interfaces' for CMake config files
[2.830s] Level 1:colcon.colcon_core.shell:create_environment_hook('sound_interfaces', 'cmake_prefix_path')
[2.831s] INFO:colcon.colcon_core.shell:Creating environment hook '/home/user/sound_lidar_ws/install/sound_interfaces/share/sound_interfaces/hook/cmake_prefix_path.ps1'
[2.832s] INFO:colcon.colcon_core.shell:Creating environment descriptor '/home/user/sound_lidar_ws/install/sound_interfaces/share/sound_interfaces/hook/cmake_prefix_path.dsv'
[2.833s] INFO:colcon.colcon_core.shell:Creating environment hook '/home/user/sound_lidar_ws/install/sound_interfaces/share/sound_interfaces/hook/cmake_prefix_path.sh'
[2.835s] Level 1:colcon.colcon_core.environment:checking '/home/user/sound_lidar_ws/install/sound_interfaces/lib'
[2.835s] Level 1:colcon.colcon_core.shell:create_environment_hook('sound_interfaces', 'ld_library_path_lib')
[2.835s] INFO:colcon.colcon_core.shell:Creating environment hook '/home/user/sound_lidar_ws/install/sound_interfaces/share/sound_interfaces/hook/ld_library_path_lib.ps1'
[2.836s] INFO:colcon.colcon_core.shell:Creating environment descriptor '/home/user/sound_lidar_ws/install/sound_interfaces/share/sound_interfaces/hook/ld_library_path_lib.dsv'
[2.837s] INFO:colcon.colcon_core.shell:Creating environment hook '/home/user/sound_lidar_ws/install/sound_interfaces/share/sound_interfaces/hook/ld_library_path_lib.sh'
[2.838s] Level 1:colcon.colcon_core.environment:checking '/home/user/sound_lidar_ws/install/sound_interfaces/bin'
[2.838s] Level 1:colcon.colcon_core.environment:checking '/home/user/sound_lidar_ws/install/sound_interfaces/lib/pkgconfig/sound_interfaces.pc'
[2.838s] Level 1:colcon.colcon_core.environment:checking '/home/user/sound_lidar_ws/install/sound_interfaces/lib/python3.12/site-packages'
[2.838s] Level 1:colcon.colcon_core.shell:create_environment_hook('sound_interfaces', 'pythonpath')
[2.839s] INFO:colcon.colcon_core.shell:Creating environment hook '/home/user/sound_lidar_ws/install/sound_interfaces/share/sound_interfaces/hook/pythonpath.ps1'
[2.839s] INFO:colcon.colcon_core.shell:Creating environment descriptor '/home/user/sound_lidar_ws/install/sound_interfaces/share/sound_interfaces/hook/pythonpath.dsv'
[2.840s] INFO:colcon.colcon_core.shell:Creating environment hook '/home/user/sound_lidar_ws/install/sound_interfaces/share/sound_interfaces/hook/pythonpath.sh'
[2.841s] Level 1:colcon.colcon_core.environment:checking '/home/user/sound_lidar_ws/install/sound_interfaces/bin'
[2.842s] INFO:colcon.colcon_core.shell:Creating package script '/home/user/sound_lidar_ws/install/sound_interfaces/share/sound_interfaces/package.ps1'
[2.843s] INFO:colcon.colcon_core.shell:Creating package descriptor '/home/user/sound_lidar_ws/install/sound_interfaces/share/sound_interfaces/package.dsv'
[2.844s] INFO:colcon.colcon_core.shell:Creating package script '/home/user/sound_lidar_ws/install/sound_interfaces/share/sound_interfaces/package.sh'
[2.844s] INFO:colcon.colcon_core.shell:Creating package script '/home/user/sound_lidar_ws/install/sound_interfaces/share/sound_interfaces/package.bash'
[2.845s] INFO:colcon.colcon_core.shell:Creating package script '/home/user/sound_lidar_ws/install/sound_interfaces/share/sound_interfaces/package.zsh'
[2.846s] Level 1:colcon.colcon_core.environment:create_file_with_runtime_dependencies(/home/user/sound_lidar_ws/install/sound_interfaces/share/colcon-core/packages/sound_interfaces)
[2.848s] Level 1:colcon.colcon_core.environment:create_environment_scripts_only(sound_interfaces)
[2.848s] Level 1:colcon.colcon_core.environment:checking '/home/user/sound_lidar_ws/install/sound_interfaces' for CMake module files
[2.849s] Level 1:colcon.colcon_core.environment:checking '/home/user/sound_lidar_ws/install/sound_interfaces' for CMake config files
[2.849s] Level 1:colcon.colcon_core.shell:create_environment_hook('sound_interfaces', 'cmake_prefix_path')
[2.850s] INFO:colcon.colcon_core.shell:Creating environment hook '/home/user/sound_lidar_ws/install/sound_interfaces/share/sound_interfaces/hook/cmake_prefix_path.ps1'
[2.852s] INFO:colcon.colcon_core.shell:Creating environment descriptor '/home/user/sound_lidar_ws/install/sound_interfaces/share/sound_interfaces/hook/cmake_prefix_path.dsv'
[2.853s] INFO:colcon.colcon_core.shell:Creating environment hook '/home/user/sound_lidar_ws/install/sound_interfaces/share/sound_interfaces/hook/cmake_prefix_path.sh'
[2.856s] Level 1:colcon.colcon_core.environment:checking '/home/user/sound_lidar_ws/install/sound_interfaces/lib'
[2.856s] Level 1:colcon.colcon_core.shell:create_environment_hook('sound_interfaces', 'ld_library_path_lib')
[2.856s] INFO:colcon.colcon_core.shell:Creating environment hook '/home/user/sound_lidar_ws/install/sound_interfaces/share/sound_interfaces/hook/ld_library_path_lib.ps1'
[2.857s] INFO:colcon.colcon_core.shell:Creating environment descriptor '/home/user/sound_lidar_ws/install/sound_interfaces/share/sound_interfaces/hook/ld_library_path_lib.dsv'
[2.858s] INFO:colcon.colcon_core.shell:Creating environment hook '/home/user/sound_lidar_ws/install/sound_interfaces/share/sound_interfaces/hook/ld_library_path_lib.sh'
[2.859s] Level 1:colcon.colcon_core.environment:checking '/home/user/sound_lidar_ws/install/sound_interfaces/bin'
[2.859s] Level 1:colcon.colcon_core.environment:checking '/home/user/sound_lidar_ws/install/sound_interfaces/lib/pkgconfig/sound_interfaces.pc'
[2.860s] Level 1:colcon.colcon_core.environment:checking '/home/user/sound_lidar_ws/install/sound_interfaces/lib/python3.12/site-packages'
[2.860s] Level 1:colcon.colcon_core.shell:create_environment_hook('sound_interfaces', 'pythonpath')
[2.860s] INFO:colcon.colcon_core.shell:Creating environment hook '/home/user/sound_lidar_ws/install/sound_interfaces/share/sound_interfaces/hook/pythonpath.ps1'
[2.861s] INFO:colcon.colcon_core.shell:Creating environment descriptor '/home/user/sound_lidar_ws/install/sound_interfaces/share/sound_interfaces/hook/pythonpath.dsv'
[2.861s] INFO:colcon.colcon_core.shell:Creating environment hook '/home/user/sound_lidar_ws/install/sound_interfaces/share/sound_interfaces/hook/pythonpath.sh'
[2.863s] Level 1:colcon.colcon_core.environment:checking '/home/user/sound_lidar_ws/install/sound_interfaces/bin'
[2.863s] INFO:colcon.colcon_core.shell:Creating package script '/home/user/sound_lidar_ws/install/sound_interfaces/share/sound_interfaces/package.ps1'
[2.864s] INFO:colcon.colcon_core.shell:Creating package descriptor '/home/user/sound_lidar_ws/install/sound_interfaces/share/sound_interfaces/package.dsv'
[2.865s] INFO:colcon.colcon_core.shell:Creating package script '/home/user/sound_lidar_ws/install/sound_interfaces/share/sound_interfaces/package.sh'
[2.866s] INFO:colcon.colcon_core.shell:Creating package script '/home/user/sound_lidar_ws/install/sound_interfaces/share/sound_interfaces/package.bash'
[2.867s] INFO:colcon.colcon_core.shell:Creating package script '/home/user/sound_lidar_ws/install/sound_interfaces/share/sound_interfaces/package.zsh'
[2.868s] Level 1:colcon.colcon_core.environment:create_file_with_runtime_dependencies(/home/user/sound_lidar_ws/install/sound_interfaces/share/colcon-core/packages/sound_interfaces)
[2.869s] INFO:colcon.colcon_ros.task.ament_python.build:Building ROS package in '/home/user/sound_lidar_ws/src/lidar_focus' with build type 'ament_python'
[2.869s] Level 1:colcon.colcon_core.shell:create_environment_hook('lidar_focus', 'ament_prefix_path')
[2.869s] INFO:colcon.colcon_core.shell:Creating environment hook '/home/user/sound_lidar_ws/install/lidar_focus/share/lidar_focus/hook/ament_prefix_path.ps1'
[2.871s] INFO:colcon.colcon_core.shell:Creating environment descriptor '/home/user/sound_lidar_ws/install/lidar_focus/share/lidar_focus/hook/ament_prefix_path.dsv'
[2.874s] INFO:colcon.colcon_core.shell:Creating environment hook '/home/user/sound_lidar_ws/install/lidar_focus/share/lidar_focus/hook/ament_prefix_path.sh'
[2.877s] INFO:colcon.colcon_core.shell:Skip shell extension 'powershell' for command environment: Not usable outside of PowerShell
[2.878s] DEBUG:colcon.colcon_core.shell:Skip shell extension 'dsv' for command environment
[2.887s] INFO:colcon.colcon_ros.task.ament_python.build:Building ROS package in '/home/user/sound_lidar_ws/src/sound_localizer' with build type 'ament_python'
[2.888s] Level 1:colcon.colcon_core.shell:create_environment_hook('sound_localizer', 'ament_prefix_path')
[2.889s] INFO:colcon.colcon_core.shell:Creating environment hook '/home/user/sound_lidar_ws/install/sound_localizer/share/sound_localizer/hook/ament_prefix_path.ps1'
[2.891s] INFO:colcon.colcon_core.shell:Creating environment descriptor '/home/user/sound_lidar_ws/install/sound_localizer/share/sound_localizer/hook/ament_prefix_path.dsv'
[2.892s] INFO:colcon.colcon_core.shell:Creating environment hook '/home/user/sound_lidar_ws/install/sound_localizer/share/sound_localizer/hook/ament_prefix_path.sh'
[2.894s] INFO:colcon.colcon_core.shell:Skip shell extension 'powershell' for command environment: Not usable outside of PowerShell
[2.895s] DEBUG:colcon.colcon_core.shell:Skip shell extension 'dsv' for command environment
[3.249s] INFO:colcon.colcon_core.task.python.build:Building Python package in '/home/user/sound_lidar_ws/src/lidar_focus'
[3.249s] INFO:colcon.colcon_core.shell:Skip shell extension 'powershell' for command environment: Not usable outside of PowerShell
[3.250s] DEBUG:colcon.colcon_core.shell:Skip shell extension 'dsv' for command environment
[3.606s] INFO:colcon.colcon_core.task.python.build:Building Python package in '/home/user/sound_lidar_ws/src/sound_localizer'
[3.607s] INFO:colcon.colcon_core.shell:Skip shell extension 'powershell' for command environment: Not usable outside of PowerShell
[3.607s] DEBUG:colcon.colcon_core.shell:Skip shell extension 'dsv' for command environment
[4.639s] DEBUG:colcon.colcon_core.event_handler.log_command:Invoking command in '/home/user/sound_lidar_ws/build/sound_localizer': DEBUGINFOD_URLS=https://debuginfod.ubuntu.com PYTHONPATH=/home/user/sound_lidar_ws/build/sound_localizer/prefix_override:/usr/lib/python3/dist-packages/colcon_core/task/python/colcon_distutils_commands:/home/user/sound_lidar_ws/install/sound_localizer/lib/python3.12/site-packages:/home/user/sound_lidar_ws/install/sound_interfaces/lib/python3.12/site-packages:/home/user/sound_lidar_ws/build/sound_localizer:/home/user/sound_lidar_ws/install/sound_localizer/lib/python3.12/site-packages:/home/user/sound_lidar_ws/build/lidar_focus:/home/user/sound_lidar_ws/install/lidar_focus/lib/python3.12/site-packages:/opt/ros/jazzy/lib/python3.12/site-packages /usr/bin/python3 -W ignore:setup.py install is deprecated -W ignore:easy_install command is deprecated setup.py develop --editable --build-directory /home/user/sound_lidar_ws/build/sound_localizer/build --no-deps symlink_data
[4.650s] DEBUG:colcon.colcon_core.task.python.build:While undoing a previous installation files outside the Python library path are being ignored: /home/user/sound_lidar_ws/install/lidar_focus/share/ament_index/resource_index/packages/lidar_focus
[4.650s] DEBUG:colcon.colcon_core.task.python.build:While undoing a previous installation files outside the Python library path are being ignored: /home/user/sound_lidar_ws/install/lidar_focus/share/lidar_focus/package.xml
[4.650s] DEBUG:colcon.colcon_core.task.python.build:While undoing a previous installation files outside the Python library path are being ignored: /home/user/sound_lidar_ws/install/lidar_focus/share/lidar_focus/launch/sound_lidar.launch.py
[4.650s] DEBUG:colcon.colcon_core.task.python.build:While undoing a previous installation files outside the Python library path are being ignored: /home/user/sound_lidar_ws/install/lidar_focus/lib/lidar_focus/ground_removal_node
[4.651s] DEBUG:colcon.colcon_core.task.python.build:While undoing a previous installation files outside the Python library path are being ignored: /home/user/sound_lidar_ws/install/lidar_focus/lib/lidar_focus/human_bbox_node
[4.651s] DEBUG:colcon.colcon_core.task.python.build:While undoing a previous installation files outside the Python library path are being ignored: /home/user/sound_lidar_ws/install/lidar_focus/lib/lidar_focus/lidar_focus_node
[4.651s] DEBUG:colcon.colcon_core.task.python.build:While undoing a previous installation files outside the Python library path are being ignored: /home/user/sound_lidar_ws/install/lidar_focus/lib/lidar_focus/sound_motion_roi_node
[4.655s] DEBUG:colcon.colcon_core.event_handler.log_command:Invoking command in '/home/user/sound_lidar_ws/build/lidar_focus': DEBUGINFOD_URLS=https://debuginfod.ubuntu.com PYTHONPATH=/home/user/sound_lidar_ws/build/lidar_focus/prefix_override:/usr/lib/python3/dist-packages/colcon_core/task/python/colcon_distutils_commands:/home/user/sound_lidar_ws/install/lidar_focus/lib/python3.12/site-packages:/home/user/sound_lidar_ws/install/sound_interfaces/lib/python3.12/site-packages:/home/user/sound_lidar_ws/build/sound_localizer:/home/user/sound_lidar_ws/install/sound_localizer/lib/python3.12/site-packages:/home/user/sound_lidar_ws/build/lidar_focus:/home/user/sound_lidar_ws/install/lidar_focus/lib/python3.12/site-packages:/opt/ros/jazzy/lib/python3.12/site-packages /usr/bin/python3 -W ignore:setup.py install is deprecated -W ignore:easy_install command is deprecated setup.py develop --editable --build-directory /home/user/sound_lidar_ws/build/lidar_focus/build --no-deps symlink_data --force
[5.896s] Level 1:colcon.colcon_core.shell:create_environment_hook('sound_localizer', 'pythonpath_develop')
[5.897s] INFO:colcon.colcon_core.shell:Creating environment hook '/home/user/sound_lidar_ws/build/sound_localizer/share/sound_localizer/hook/pythonpath_develop.ps1'
[5.897s] DEBUG:colcon.colcon_core.event_handler.log_command:Invoked command in '/home/user/sound_lidar_ws/build/sound_localizer' returned '0': DEBUGINFOD_URLS=https://debuginfod.ubuntu.com PYTHONPATH=/home/user/sound_lidar_ws/build/sound_localizer/prefix_override:/usr/lib/python3/dist-packages/colcon_core/task/python/colcon_distutils_commands:/home/user/sound_lidar_ws/install/sound_localizer/lib/python3.12/site-packages:/home/user/sound_lidar_ws/install/sound_interfaces/lib/python3.12/site-packages:/home/user/sound_lidar_ws/build/sound_localizer:/home/user/sound_lidar_ws/install/sound_localizer/lib/python3.12/site-packages:/home/user/sound_lidar_ws/build/lidar_focus:/home/user/sound_lidar_ws/install/lidar_focus/lib/python3.12/site-packages:/opt/ros/jazzy/lib/python3.12/site-packages /usr/bin/python3 -W ignore:setup.py install is deprecated -W ignore:easy_install command is deprecated setup.py develop --editable --build-directory /home/user/sound_lidar_ws/build/sound_localizer/build --no-deps symlink_data
[5.898s] INFO:colcon.colcon_core.shell:Creating environment descriptor '/home/user/sound_lidar_ws/build/sound_localizer/share/sound_localizer/hook/pythonpath_develop.dsv'
[5.899s] INFO:colcon.colcon_core.shell:Creating environment hook '/home/user/sound_lidar_ws/build/sound_localizer/share/sound_localizer/hook/pythonpath_develop.sh'
[5.901s] Level 1:colcon.colcon_core.environment:checking '/home/user/sound_lidar_ws/install/sound_localizer' for CMake module files
[5.901s] Level 1:colcon.colcon_core.environment:checking '/home/user/sound_lidar_ws/install/sound_localizer' for CMake config files
[5.902s] Level 1:colcon.colcon_core.environment:checking '/home/user/sound_lidar_ws/install/sound_localizer/lib'
[5.902s] Level 1:colcon.colcon_core.environment:checking '/home/user/sound_lidar_ws/install/sound_localizer/bin'
[5.902s] Level 1:colcon.colcon_core.shell:create_environment_hook('sound_localizer', 'path')
[5.902s] INFO:colcon.colcon_core.shell:Creating environment hook '/home/user/sound_lidar_ws/install/sound_localizer/share/sound_localizer/hook/path.ps1'
[5.903s] INFO:colcon.colcon_core.shell:Creating environment descriptor '/home/user/sound_lidar_ws/install/sound_localizer/share/sound_localizer/hook/path.dsv'
[5.904s] INFO:colcon.colcon_core.shell:Creating environment hook '/home/user/sound_lidar_ws/install/sound_localizer/share/sound_localizer/hook/path.sh'
[5.905s] Level 1:colcon.colcon_core.environment:checking '/home/user/sound_lidar_ws/install/sound_localizer/lib/pkgconfig/sound_localizer.pc'
[5.905s] Level 1:colcon.colcon_core.environment:checking '/home/user/sound_lidar_ws/install/sound_localizer/lib/python3.12/site-packages'
[5.905s] Level 1:colcon.colcon_core.shell:create_environment_hook('sound_localizer', 'pythonpath')
[5.905s] INFO:colcon.colcon_core.shell:Creating environment hook '/home/user/sound_lidar_ws/install/sound_localizer/share/sound_localizer/hook/pythonpath.ps1'
[5.906s] INFO:colcon.colcon_core.shell:Creating environment descriptor '/home/user/sound_lidar_ws/install/sound_localizer/share/sound_localizer/hook/pythonpath.dsv'
[5.907s] INFO:colcon.colcon_core.shell:Creating environment hook '/home/user/sound_lidar_ws/install/sound_localizer/share/sound_localizer/hook/pythonpath.sh'
[5.908s] Level 1:colcon.colcon_core.environment:checking '/home/user/sound_lidar_ws/install/sound_localizer/bin'
[5.908s] Level 1:colcon.colcon_core.shell:create_environment_hook('sound_localizer', 'pythonscriptspath')
[5.909s] INFO:colcon.colcon_core.shell:Creating environment hook '/home/user/sound_lidar_ws/install/sound_localizer/share/sound_localizer/hook/pythonscriptspath.ps1'
[5.909s] INFO:colcon.colcon_core.shell:Creating environment descriptor '/home/user/sound_lidar_ws/install/sound_localizer/share/sound_localizer/hook/pythonscriptspath.dsv'
[5.910s] INFO:colcon.colcon_core.shell:Creating environment hook '/home/user/sound_lidar_ws/install/sound_localizer/share/sound_localizer/hook/pythonscriptspath.sh'
[5.911s] Level 1:colcon.colcon_core.environment:create_environment_scripts_only(sound_localizer)
[5.911s] INFO:colcon.colcon_core.shell:Creating package script '/home/user/sound_lidar_ws/install/sound_localizer/share/sound_localizer/package.ps1'
[5.912s] INFO:colcon.colcon_core.shell:Creating package descriptor '/home/user/sound_lidar_ws/install/sound_localizer/share/sound_localizer/package.dsv'
[5.913s] INFO:colcon.colcon_core.shell:Creating package script '/home/user/sound_lidar_ws/install/sound_localizer/share/sound_localizer/package.sh'
[5.914s] INFO:colcon.colcon_core.shell:Creating package script '/home/user/sound_lidar_ws/install/sound_localizer/share/sound_localizer/package.bash'
[5.915s] INFO:colcon.colcon_core.shell:Creating package script '/home/user/sound_lidar_ws/install/sound_localizer/share/sound_localizer/package.zsh'
[5.915s] Level 1:colcon.colcon_core.environment:create_file_with_runtime_dependencies(/home/user/sound_lidar_ws/install/sound_localizer/share/colcon-core/packages/sound_localizer)
[5.919s] Level 1:colcon.colcon_core.shell:create_environment_hook('lidar_focus', 'pythonpath_develop')
[5.920s] INFO:colcon.colcon_core.shell:Creating environment hook '/home/user/sound_lidar_ws/build/lidar_focus/share/lidar_focus/hook/pythonpath_develop.ps1'
[5.921s] DEBUG:colcon.colcon_core.event_handler.log_command:Invoked command in '/home/user/sound_lidar_ws/build/lidar_focus' returned '0': DEBUGINFOD_URLS=https://debuginfod.ubuntu.com PYTHONPATH=/home/user/sound_lidar_ws/build/lidar_focus/prefix_override:/usr/lib/python3/dist-packages/colcon_core/task/python/colcon_distutils_commands:/home/user/sound_lidar_ws/install/lidar_focus/lib/python3.12/site-packages:/home/user/sound_lidar_ws/install/sound_interfaces/lib/python3.12/site-packages:/home/user/sound_lidar_ws/build/sound_localizer:/home/user/sound_lidar_ws/install/sound_localizer/lib/python3.12/site-packages:/home/user/sound_lidar_ws/build/lidar_focus:/home/user/sound_lidar_ws/install/lidar_focus/lib/python3.12/site-packages:/opt/ros/jazzy/lib/python3.12/site-packages /usr/bin/python3 -W ignore:setup.py install is deprecated -W ignore:easy_install command is deprecated setup.py develop --editable --build-directory /home/user/sound_lidar_ws/build/lidar_focus/build --no-deps symlink_data --force
[5.922s] INFO:colcon.colcon_core.shell:Creating environment descriptor '/home/user/sound_lidar_ws/build/lidar_focus/share/lidar_focus/hook/pythonpath_develop.dsv'
[5.924s] INFO:colcon.colcon_core.shell:Creating environment hook '/home/user/sound_lidar_ws/build/lidar_focus/share/lidar_focus/hook/pythonpath_develop.sh'
[5.925s] Level 1:colcon.colcon_core.environment:checking '/home/user/sound_lidar_ws/install/lidar_focus' for CMake module files
[5.927s] Level 1:colcon.colcon_core.environment:checking '/home/user/sound_lidar_ws/install/lidar_focus' for CMake config files
[5.928s] Level 1:colcon.colcon_core.environment:checking '/home/user/sound_lidar_ws/install/lidar_focus/lib'
[5.929s] Level 1:colcon.colcon_core.environment:checking '/home/user/sound_lidar_ws/install/lidar_focus/bin'
[5.929s] Level 1:colcon.colcon_core.shell:create_environment_hook('lidar_focus', 'path')
[5.929s] INFO:colcon.colcon_core.shell:Creating environment hook '/home/user/sound_lidar_ws/install/lidar_focus/share/lidar_focus/hook/path.ps1'
[5.931s] INFO:colcon.colcon_core.shell:Creating environment descriptor '/home/user/sound_lidar_ws/install/lidar_focus/share/lidar_focus/hook/path.dsv'
[5.933s] INFO:colcon.colcon_core.shell:Creating environment hook '/home/user/sound_lidar_ws/install/lidar_focus/share/lidar_focus/hook/path.sh'
[5.934s] Level 1:colcon.colcon_core.environment:checking '/home/user/sound_lidar_ws/install/lidar_focus/lib/pkgconfig/lidar_focus.pc'
[5.934s] Level 1:colcon.colcon_core.environment:checking '/home/user/sound_lidar_ws/install/lidar_focus/lib/python3.12/site-packages'
[5.935s] Level 1:colcon.colcon_core.shell:create_environment_hook('lidar_focus', 'pythonpath')
[5.935s] INFO:colcon.colcon_core.shell:Creating environment hook '/home/user/sound_lidar_ws/install/lidar_focus/share/lidar_focus/hook/pythonpath.ps1'
[5.935s] INFO:colcon.colcon_core.shell:Creating environment descriptor '/home/user/sound_lidar_ws/install/lidar_focus/share/lidar_focus/hook/pythonpath.dsv'
[5.936s] INFO:colcon.colcon_core.shell:Creating environment hook '/home/user/sound_lidar_ws/install/lidar_focus/share/lidar_focus/hook/pythonpath.sh'
[5.938s] Level 1:colcon.colcon_core.environment:checking '/home/user/sound_lidar_ws/install/lidar_focus/bin'
[5.938s] Level 1:colcon.colcon_core.shell:create_environment_hook('lidar_focus', 'pythonscriptspath')
[5.938s] INFO:colcon.colcon_core.shell:Creating environment hook '/home/user/sound_lidar_ws/install/lidar_focus/share/lidar_focus/hook/pythonscriptspath.ps1'
[5.939s] INFO:colcon.colcon_core.shell:Creating environment descriptor '/home/user/sound_lidar_ws/install/lidar_focus/share/lidar_focus/hook/pythonscriptspath.dsv'
[5.939s] INFO:colcon.colcon_core.shell:Creating environment hook '/home/user/sound_lidar_ws/install/lidar_focus/share/lidar_focus/hook/pythonscriptspath.sh'
[5.940s] Level 1:colcon.colcon_core.environment:create_environment_scripts_only(lidar_focus)
[5.941s] INFO:colcon.colcon_core.shell:Creating package script '/home/user/sound_lidar_ws/install/lidar_focus/share/lidar_focus/package.ps1'
[5.942s] INFO:colcon.colcon_core.shell:Creating package descriptor '/home/user/sound_lidar_ws/install/lidar_focus/share/lidar_focus/package.dsv'
[5.942s] INFO:colcon.colcon_core.shell:Creating package script '/home/user/sound_lidar_ws/install/lidar_focus/share/lidar_focus/package.sh'
[5.943s] INFO:colcon.colcon_core.shell:Creating package script '/home/user/sound_lidar_ws/install/lidar_focus/share/lidar_focus/package.bash'
[5.944s] INFO:colcon.colcon_core.shell:Creating package script '/home/user/sound_lidar_ws/install/lidar_focus/share/lidar_focus/package.zsh'
[5.945s] Level 1:colcon.colcon_core.environment:create_file_with_runtime_dependencies(/home/user/sound_lidar_ws/install/lidar_focus/share/colcon-core/packages/lidar_focus)
[5.946s] DEBUG:colcon.colcon_parallel_executor.executor.parallel:closing loop
[5.947s] DEBUG:colcon.colcon_parallel_executor.executor.parallel:loop closed
[5.947s] DEBUG:colcon.colcon_parallel_executor.executor.parallel:run_until_complete finished with '0'
[5.947s] DEBUG:colcon.colcon_core.event_reactor:joining thread
[5.961s] INFO:colcon.colcon_core.plugin_system:Skipping extension 'colcon_notification.desktop_notification.terminal_notifier': Not used on non-Darwin systems
[5.962s] INFO:colcon.colcon_core.plugin_system:Skipping extension 'colcon_notification.desktop_notification.win32': Not used on non-Windows systems
[5.962s] INFO:colcon.colcon_notification.desktop_notification:Sending desktop notification using 'notify2'
[5.990s] DEBUG:colcon.colcon_core.event_reactor:joined thread
[5.990s] INFO:colcon.colcon_core.shell:Creating prefix script '/home/user/sound_lidar_ws/install/local_setup.ps1'
[5.991s] INFO:colcon.colcon_core.shell:Creating prefix util module '/home/user/sound_lidar_ws/install/_local_setup_util_ps1.py'
[5.993s] INFO:colcon.colcon_core.shell:Creating prefix chain script '/home/user/sound_lidar_ws/install/setup.ps1'
[5.996s] INFO:colcon.colcon_core.shell:Creating prefix script '/home/user/sound_lidar_ws/install/local_setup.sh'
[5.997s] INFO:colcon.colcon_core.shell:Creating prefix util module '/home/user/sound_lidar_ws/install/_local_setup_util_sh.py'
[5.998s] INFO:colcon.colcon_core.shell:Creating prefix chain script '/home/user/sound_lidar_ws/install/setup.sh'
[6.000s] INFO:colcon.colcon_core.shell:Creating prefix script '/home/user/sound_lidar_ws/install/local_setup.bash'
[6.001s] INFO:colcon.colcon_core.shell:Creating prefix chain script '/home/user/sound_lidar_ws/install/setup.bash'
[6.003s] INFO:colcon.colcon_core.shell:Creating prefix script '/home/user/sound_lidar_ws/install/local_setup.zsh'
[6.004s] INFO:colcon.colcon_core.shell:Creating prefix chain script '/home/user/sound_lidar_ws/install/setup.zsh'
