[1.784s] Invoking command in '/home/user/sound_lidar_ws/build/lidar_focus': DEBUGINFOD_URLS=https://debuginfod.ubuntu.com PYTHONPATH=/home/user/sound_lidar_ws/build/lidar_focus/prefix_override:/usr/lib/python3/dist-packages/colcon_core/task/python/colcon_distutils_commands:/home/user/sound_lidar_ws/install/lidar_focus/lib/python3.12/site-packages:/home/user/sound_lidar_ws/install/sound_interfaces/lib/python3.12/site-packages:/home/user/sound_lidar_ws/build/sound_localizer:/home/user/sound_lidar_ws/install/sound_localizer/lib/python3.12/site-packages:/home/user/sound_lidar_ws/build/lidar_focus:/home/user/sound_lidar_ws/install/lidar_focus/lib/python3.12/site-packages:/opt/ros/jazzy/lib/python3.12/site-packages /usr/bin/python3 -W ignore:setup.py install is deprecated -W ignore:easy_install command is deprecated setup.py develop --editable --build-directory /home/user/sound_lidar_ws/build/lidar_focus/build --no-deps symlink_data --force
[2.452s] running develop
[2.753s] running egg_info
[2.779s] writing lidar_focus.egg-info/PKG-INFO
[2.780s] writing dependency_links to lidar_focus.egg-info/dependency_links.txt
[2.783s] writing entry points to lidar_focus.egg-info/entry_points.txt
[2.783s] writing requirements to lidar_focus.egg-info/requires.txt
[2.783s] writing top-level names to lidar_focus.egg-info/top_level.txt
[2.846s] reading manifest file 'lidar_focus.egg-info/SOURCES.txt'
[2.847s] writing manifest file 'lidar_focus.egg-info/SOURCES.txt'
[2.876s] running build_ext
[2.876s] Creating /home/user/sound_lidar_ws/install/lidar_focus/lib/python3.12/site-packages/lidar-focus.egg-link (link to .)
[2.878s] Installing ground_removal_node script to /home/user/sound_lidar_ws/install/lidar_focus/lib/lidar_focus
[2.879s] Installing human_bbox_node script to /home/user/sound_lidar_ws/install/lidar_focus/lib/lidar_focus
[2.879s] Installing lidar_focus_node script to /home/user/sound_lidar_ws/install/lidar_focus/lib/lidar_focus
[2.879s] Installing sound_motion_roi_node script to /home/user/sound_lidar_ws/install/lidar_focus/lib/lidar_focus
[2.880s] 
[2.880s] Installed /home/user/sound_lidar_ws/build/lidar_focus
[2.880s] running symlink_data
[2.880s] symbolically linking /home/user/sound_lidar_ws/build/lidar_focus/resource/lidar_focus -> /home/user/sound_lidar_ws/install/lidar_focus/share/ament_index/resource_index/packages
[2.881s] symbolically linking /home/user/sound_lidar_ws/build/lidar_focus/package.xml -> /home/user/sound_lidar_ws/install/lidar_focus/share/lidar_focus
[2.881s] symbolically linking /home/user/sound_lidar_ws/build/lidar_focus/launch/sound_lidar.launch.py -> /home/user/sound_lidar_ws/install/lidar_focus/share/lidar_focus/launch
[3.050s] Invoked command in '/home/user/sound_lidar_ws/build/lidar_focus' returned '0': DEBUGINFOD_URLS=https://debuginfod.ubuntu.com PYTHONPATH=/home/user/sound_lidar_ws/build/lidar_focus/prefix_override:/usr/lib/python3/dist-packages/colcon_core/task/python/colcon_distutils_commands:/home/user/sound_lidar_ws/install/lidar_focus/lib/python3.12/site-packages:/home/user/sound_lidar_ws/install/sound_interfaces/lib/python3.12/site-packages:/home/user/sound_lidar_ws/build/sound_localizer:/home/user/sound_lidar_ws/install/sound_localizer/lib/python3.12/site-packages:/home/user/sound_lidar_ws/build/lidar_focus:/home/user/sound_lidar_ws/install/lidar_focus/lib/python3.12/site-packages:/opt/ros/jazzy/lib/python3.12/site-packages /usr/bin/python3 -W ignore:setup.py install is deprecated -W ignore:easy_install command is deprecated setup.py develop --editable --build-directory /home/user/sound_lidar_ws/build/lidar_focus/build --no-deps symlink_data --force
