[0.149s] DEBUG:colcon:Command line arguments: ['/usr/bin/colcon', 'build', '--symlink-install']
[0.149s] DEBUG:colcon:Parsed command line arguments: Namespace(log_base=None, log_level=None, verb_name='build', build_base='build', install_base='install', merge_install=False, symlink_install=True, test_result_base=None, continue_on_error=False, executor='parallel', parallel_workers=4, event_handlers=None, ignore_user_meta=False, metas=['./colcon.meta'], base_paths=['.'], packages_ignore=None, packages_ignore_regex=None, paths=None, packages_up_to=None, packages_up_to_regex=None, packages_above=None, packages_above_and_dependencies=None, packages_above_depth=None, packages_select_by_dep=None, packages_skip_by_dep=None, packages_skip_up_to=None, packages_select_build_failed=False, packages_skip_build_finished=False, packages_select_test_failures=False, packages_skip_test_passed=False, packages_select=None, packages_skip=None, packages_select_regex=None, packages_skip_regex=None, packages_start=None, packages_end=None, allow_overriding=[], cmake_args=None, cmake_target=None, cmake_target_skip_unavailable=False, cmake_clean_cache=False, cmake_clean_first=False, cmake_force_configure=False, ament_cmake_args=None, catkin_cmake_args=None, catkin_skip_building_tests=False, mixin_files=None, mixin=None, verb_parser=<colcon_mixin.mixin.mixin_argument.MixinArgumentDecorator object at 0xffff8b0b94f0>, verb_extension=<colcon_core.verb.build.BuildVerb object at 0xffff8b271ac0>, main=<bound method BuildVerb.main of <colcon_core.verb.build.BuildVerb object at 0xffff8b271ac0>>, mixin_verb=('build',))
[0.204s] Level 1:colcon.colcon_core.package_discovery:discover_packages(colcon_meta) check parameters
[0.205s] Level 1:colcon.colcon_core.package_discovery:discover_packages(recursive) check parameters
[0.205s] Level 1:colcon.colcon_core.package_discovery:discover_packages(ignore) check parameters
[0.205s] Level 1:colcon.colcon_core.package_discovery:discover_packages(path) check parameters
[0.205s] Level 1:colcon.colcon_core.package_discovery:discover_packages(colcon_meta) discover
[0.205s] Level 1:colcon.colcon_core.package_discovery:discover_packages(recursive) discover
[0.205s] INFO:colcon.colcon_core.package_discovery:Crawling recursively for packages in '/home/user/sound_lidar_ws'
[0.205s] Level 1:colcon.colcon_core.package_identification:_identify(.) by extensions ['ignore', 'ignore_ament_install']
[0.205s] Level 1:colcon.colcon_core.package_identification:_identify(.) by extension 'ignore'
[0.205s] Level 1:colcon.colcon_core.package_identification:_identify(.) by extension 'ignore_ament_install'
[0.205s] Level 1:colcon.colcon_core.package_identification:_identify(.) by extensions ['colcon_pkg']
[0.205s] Level 1:colcon.colcon_core.package_identification:_identify(.) by extension 'colcon_pkg'
[0.205s] Level 1:colcon.colcon_core.package_identification:_identify(.) by extensions ['colcon_meta']
[0.205s] Level 1:colcon.colcon_core.package_identification:_identify(.) by extension 'colcon_meta'
[0.205s] Level 1:colcon.colcon_core.package_identification:_identify(.) by extensions ['ros']
[0.205s] Level 1:colcon.colcon_core.package_identification:_identify(.) by extension 'ros'
[0.243s] Level 1:colcon.colcon_core.package_identification:_identify(.) by extensions ['cmake', 'python']
[0.243s] Level 1:colcon.colcon_core.package_identification:_identify(.) by extension 'cmake'
[0.243s] Level 1:colcon.colcon_core.package_identification:_identify(.) by extension 'python'
[0.243s] Level 1:colcon.colcon_core.package_identification:_identify(.) by extensions ['python_setup_py']
[0.243s] Level 1:colcon.colcon_core.package_identification:_identify(.) by extension 'python_setup_py'
[0.244s] Level 1:colcon.colcon_core.package_identification:_identify(build) by extensions ['ignore', 'ignore_ament_install']
[0.244s] Level 1:colcon.colcon_core.package_identification:_identify(build) by extension 'ignore'
[0.244s] Level 1:colcon.colcon_core.package_identification:_identify(build) ignored
[0.244s] Level 1:colcon.colcon_core.package_identification:_identify(empty_scene_data) by extensions ['ignore', 'ignore_ament_install']
[0.244s] Level 1:colcon.colcon_core.package_identification:_identify(empty_scene_data) by extension 'ignore'
[0.244s] Level 1:colcon.colcon_core.package_identification:_identify(empty_scene_data) by extension 'ignore_ament_install'
[0.244s] Level 1:colcon.colcon_core.package_identification:_identify(empty_scene_data) by extensions ['colcon_pkg']
[0.244s] Level 1:colcon.colcon_core.package_identification:_identify(empty_scene_data) by extension 'colcon_pkg'
[0.244s] Level 1:colcon.colcon_core.package_identification:_identify(empty_scene_data) by extensions ['colcon_meta']
[0.244s] Level 1:colcon.colcon_core.package_identification:_identify(empty_scene_data) by extension 'colcon_meta'
[0.244s] Level 1:colcon.colcon_core.package_identification:_identify(empty_scene_data) by extensions ['ros']
[0.244s] Level 1:colcon.colcon_core.package_identification:_identify(empty_scene_data) by extension 'ros'
[0.245s] Level 1:colcon.colcon_core.package_identification:_identify(empty_scene_data) by extensions ['cmake', 'python']
[0.245s] Level 1:colcon.colcon_core.package_identification:_identify(empty_scene_data) by extension 'cmake'
[0.245s] Level 1:colcon.colcon_core.package_identification:_identify(empty_scene_data) by extension 'python'
[0.245s] Level 1:colcon.colcon_core.package_identification:_identify(empty_scene_data) by extensions ['python_setup_py']
[0.245s] Level 1:colcon.colcon_core.package_identification:_identify(empty_scene_data) by extension 'python_setup_py'
[0.245s] Level 1:colcon.colcon_core.package_identification:_identify(install) by extensions ['ignore', 'ignore_ament_install']
[0.245s] Level 1:colcon.colcon_core.package_identification:_identify(install) by extension 'ignore'
[0.245s] Level 1:colcon.colcon_core.package_identification:_identify(install) ignored
[0.245s] Level 1:colcon.colcon_core.package_identification:_identify(log) by extensions ['ignore', 'ignore_ament_install']
[0.245s] Level 1:colcon.colcon_core.package_identification:_identify(log) by extension 'ignore'
[0.245s] Level 1:colcon.colcon_core.package_identification:_identify(log) ignored
[0.245s] Level 1:colcon.colcon_core.package_identification:_identify(my_lidar_data) by extensions ['ignore', 'ignore_ament_install']
[0.245s] Level 1:colcon.colcon_core.package_identification:_identify(my_lidar_data) by extension 'ignore'
[0.245s] Level 1:colcon.colcon_core.package_identification:_identify(my_lidar_data) by extension 'ignore_ament_install'
[0.245s] Level 1:colcon.colcon_core.package_identification:_identify(my_lidar_data) by extensions ['colcon_pkg']
[0.245s] Level 1:colcon.colcon_core.package_identification:_identify(my_lidar_data) by extension 'colcon_pkg'
[0.246s] Level 1:colcon.colcon_core.package_identification:_identify(my_lidar_data) by extensions ['colcon_meta']
[0.246s] Level 1:colcon.colcon_core.package_identification:_identify(my_lidar_data) by extension 'colcon_meta'
[0.246s] Level 1:colcon.colcon_core.package_identification:_identify(my_lidar_data) by extensions ['ros']
[0.246s] Level 1:colcon.colcon_core.package_identification:_identify(my_lidar_data) by extension 'ros'
[0.246s] Level 1:colcon.colcon_core.package_identification:_identify(my_lidar_data) by extensions ['cmake', 'python']
[0.246s] Level 1:colcon.colcon_core.package_identification:_identify(my_lidar_data) by extension 'cmake'
[0.246s] Level 1:colcon.colcon_core.package_identification:_identify(my_lidar_data) by extension 'python'
[0.246s] Level 1:colcon.colcon_core.package_identification:_identify(my_lidar_data) by extensions ['python_setup_py']
[0.246s] Level 1:colcon.colcon_core.package_identification:_identify(my_lidar_data) by extension 'python_setup_py'
[0.246s] Level 1:colcon.colcon_core.package_identification:_identify(src) by extensions ['ignore', 'ignore_ament_install']
[0.246s] Level 1:colcon.colcon_core.package_identification:_identify(src) by extension 'ignore'
[0.246s] Level 1:colcon.colcon_core.package_identification:_identify(src) by extension 'ignore_ament_install'
[0.246s] Level 1:colcon.colcon_core.package_identification:_identify(src) by extensions ['colcon_pkg']
[0.246s] Level 1:colcon.colcon_core.package_identification:_identify(src) by extension 'colcon_pkg'
[0.246s] Level 1:colcon.colcon_core.package_identification:_identify(src) by extensions ['colcon_meta']
[0.246s] Level 1:colcon.colcon_core.package_identification:_identify(src) by extension 'colcon_meta'
[0.246s] Level 1:colcon.colcon_core.package_identification:_identify(src) by extensions ['ros']
[0.246s] Level 1:colcon.colcon_core.package_identification:_identify(src) by extension 'ros'
[0.246s] Level 1:colcon.colcon_core.package_identification:_identify(src) by extensions ['cmake', 'python']
[0.246s] Level 1:colcon.colcon_core.package_identification:_identify(src) by extension 'cmake'
[0.246s] Level 1:colcon.colcon_core.package_identification:_identify(src) by extension 'python'
[0.246s] Level 1:colcon.colcon_core.package_identification:_identify(src) by extensions ['python_setup_py']
[0.246s] Level 1:colcon.colcon_core.package_identification:_identify(src) by extension 'python_setup_py'
[0.247s] Level 1:colcon.colcon_core.package_identification:_identify(src/lidar_focus) by extensions ['ignore', 'ignore_ament_install']
[0.247s] Level 1:colcon.colcon_core.package_identification:_identify(src/lidar_focus) by extension 'ignore'
[0.247s] Level 1:colcon.colcon_core.package_identification:_identify(src/lidar_focus) by extension 'ignore_ament_install'
[0.247s] Level 1:colcon.colcon_core.package_identification:_identify(src/lidar_focus) by extensions ['colcon_pkg']
[0.247s] Level 1:colcon.colcon_core.package_identification:_identify(src/lidar_focus) by extension 'colcon_pkg'
[0.247s] Level 1:colcon.colcon_core.package_identification:_identify(src/lidar_focus) by extensions ['colcon_meta']
[0.247s] Level 1:colcon.colcon_core.package_identification:_identify(src/lidar_focus) by extension 'colcon_meta'
[0.247s] Level 1:colcon.colcon_core.package_identification:_identify(src/lidar_focus) by extensions ['ros']
[0.247s] Level 1:colcon.colcon_core.package_identification:_identify(src/lidar_focus) by extension 'ros'
[0.250s] DEBUG:colcon.colcon_core.package_identification:Package 'src/lidar_focus' with type 'ros.ament_python' and name 'lidar_focus'
[0.250s] Level 1:colcon.colcon_core.package_identification:_identify(src/sound_interfaces) by extensions ['ignore', 'ignore_ament_install']
[0.250s] Level 1:colcon.colcon_core.package_identification:_identify(src/sound_interfaces) by extension 'ignore'
[0.250s] Level 1:colcon.colcon_core.package_identification:_identify(src/sound_interfaces) by extension 'ignore_ament_install'
[0.251s] Level 1:colcon.colcon_core.package_identification:_identify(src/sound_interfaces) by extensions ['colcon_pkg']
[0.251s] Level 1:colcon.colcon_core.package_identification:_identify(src/sound_interfaces) by extension 'colcon_pkg'
[0.251s] Level 1:colcon.colcon_core.package_identification:_identify(src/sound_interfaces) by extensions ['colcon_meta']
[0.251s] Level 1:colcon.colcon_core.package_identification:_identify(src/sound_interfaces) by extension 'colcon_meta'
[0.251s] Level 1:colcon.colcon_core.package_identification:_identify(src/sound_interfaces) by extensions ['ros']
[0.251s] Level 1:colcon.colcon_core.package_identification:_identify(src/sound_interfaces) by extension 'ros'
[0.251s] DEBUG:colcon.colcon_core.package_identification:Package 'src/sound_interfaces' with type 'ros.ament_cmake' and name 'sound_interfaces'
[0.251s] Level 1:colcon.colcon_core.package_identification:_identify(src/sound_localizer) by extensions ['ignore', 'ignore_ament_install']
[0.252s] Level 1:colcon.colcon_core.package_identification:_identify(src/sound_localizer) by extension 'ignore'
[0.252s] Level 1:colcon.colcon_core.package_identification:_identify(src/sound_localizer) by extension 'ignore_ament_install'
[0.252s] Level 1:colcon.colcon_core.package_identification:_identify(src/sound_localizer) by extensions ['colcon_pkg']
[0.252s] Level 1:colcon.colcon_core.package_identification:_identify(src/sound_localizer) by extension 'colcon_pkg'
[0.252s] Level 1:colcon.colcon_core.package_identification:_identify(src/sound_localizer) by extensions ['colcon_meta']
[0.252s] Level 1:colcon.colcon_core.package_identification:_identify(src/sound_localizer) by extension 'colcon_meta'
[0.252s] Level 1:colcon.colcon_core.package_identification:_identify(src/sound_localizer) by extensions ['ros']
[0.252s] Level 1:colcon.colcon_core.package_identification:_identify(src/sound_localizer) by extension 'ros'
[0.252s] DEBUG:colcon.colcon_core.package_identification:Package 'src/sound_localizer' with type 'ros.ament_python' and name 'sound_localizer'
[0.253s] Level 1:colcon.colcon_core.package_identification:_identify(usb_4_mic_array) by extensions ['ignore', 'ignore_ament_install']
[0.253s] Level 1:colcon.colcon_core.package_identification:_identify(usb_4_mic_array) by extension 'ignore'
[0.253s] Level 1:colcon.colcon_core.package_identification:_identify(usb_4_mic_array) by extension 'ignore_ament_install'
[0.253s] Level 1:colcon.colcon_core.package_identification:_identify(usb_4_mic_array) by extensions ['colcon_pkg']
[0.253s] Level 1:colcon.colcon_core.package_identification:_identify(usb_4_mic_array) by extension 'colcon_pkg'
[0.253s] Level 1:colcon.colcon_core.package_identification:_identify(usb_4_mic_array) by extensions ['colcon_meta']
[0.253s] Level 1:colcon.colcon_core.package_identification:_identify(usb_4_mic_array) by extension 'colcon_meta'
[0.253s] Level 1:colcon.colcon_core.package_identification:_identify(usb_4_mic_array) by extensions ['ros']
[0.253s] Level 1:colcon.colcon_core.package_identification:_identify(usb_4_mic_array) by extension 'ros'
[0.253s] Level 1:colcon.colcon_core.package_identification:_identify(usb_4_mic_array) by extensions ['cmake', 'python']
[0.253s] Level 1:colcon.colcon_core.package_identification:_identify(usb_4_mic_array) by extension 'cmake'
[0.253s] Level 1:colcon.colcon_core.package_identification:_identify(usb_4_mic_array) by extension 'python'
[0.253s] Level 1:colcon.colcon_core.package_identification:_identify(usb_4_mic_array) by extensions ['python_setup_py']
[0.253s] Level 1:colcon.colcon_core.package_identification:_identify(usb_4_mic_array) by extension 'python_setup_py'
[0.253s] Level 1:colcon.colcon_core.package_identification:_identify(usb_4_mic_array/MicArrayV3_firmware) by extensions ['ignore', 'ignore_ament_install']
[0.253s] Level 1:colcon.colcon_core.package_identification:_identify(usb_4_mic_array/MicArrayV3_firmware) by extension 'ignore'
[0.253s] Level 1:colcon.colcon_core.package_identification:_identify(usb_4_mic_array/MicArrayV3_firmware) by extension 'ignore_ament_install'
[0.253s] Level 1:colcon.colcon_core.package_identification:_identify(usb_4_mic_array/MicArrayV3_firmware) by extensions ['colcon_pkg']
[0.253s] Level 1:colcon.colcon_core.package_identification:_identify(usb_4_mic_array/MicArrayV3_firmware) by extension 'colcon_pkg'
[0.253s] Level 1:colcon.colcon_core.package_identification:_identify(usb_4_mic_array/MicArrayV3_firmware) by extensions ['colcon_meta']
[0.253s] Level 1:colcon.colcon_core.package_identification:_identify(usb_4_mic_array/MicArrayV3_firmware) by extension 'colcon_meta'
[0.254s] Level 1:colcon.colcon_core.package_identification:_identify(usb_4_mic_array/MicArrayV3_firmware) by extensions ['ros']
[0.254s] Level 1:colcon.colcon_core.package_identification:_identify(usb_4_mic_array/MicArrayV3_firmware) by extension 'ros'
[0.254s] Level 1:colcon.colcon_core.package_identification:_identify(usb_4_mic_array/MicArrayV3_firmware) by extensions ['cmake', 'python']
[0.254s] Level 1:colcon.colcon_core.package_identification:_identify(usb_4_mic_array/MicArrayV3_firmware) by extension 'cmake'
[0.254s] Level 1:colcon.colcon_core.package_identification:_identify(usb_4_mic_array/MicArrayV3_firmware) by extension 'python'
[0.254s] Level 1:colcon.colcon_core.package_identification:_identify(usb_4_mic_array/MicArrayV3_firmware) by extensions ['python_setup_py']
[0.254s] Level 1:colcon.colcon_core.package_identification:_identify(usb_4_mic_array/MicArrayV3_firmware) by extension 'python_setup_py'
[0.254s] Level 1:colcon.colcon_core.package_identification:_identify(usb_4_mic_array/__pycache__) by extensions ['ignore', 'ignore_ament_install']
[0.254s] Level 1:colcon.colcon_core.package_identification:_identify(usb_4_mic_array/__pycache__) by extension 'ignore'
[0.254s] Level 1:colcon.colcon_core.package_identification:_identify(usb_4_mic_array/__pycache__) by extension 'ignore_ament_install'
[0.254s] Level 1:colcon.colcon_core.package_identification:_identify(usb_4_mic_array/__pycache__) by extensions ['colcon_pkg']
[0.254s] Level 1:colcon.colcon_core.package_identification:_identify(usb_4_mic_array/__pycache__) by extension 'colcon_pkg'
[0.254s] Level 1:colcon.colcon_core.package_identification:_identify(usb_4_mic_array/__pycache__) by extensions ['colcon_meta']
[0.254s] Level 1:colcon.colcon_core.package_identification:_identify(usb_4_mic_array/__pycache__) by extension 'colcon_meta'
[0.254s] Level 1:colcon.colcon_core.package_identification:_identify(usb_4_mic_array/__pycache__) by extensions ['ros']
[0.254s] Level 1:colcon.colcon_core.package_identification:_identify(usb_4_mic_array/__pycache__) by extension 'ros'
[0.254s] Level 1:colcon.colcon_core.package_identification:_identify(usb_4_mic_array/__pycache__) by extensions ['cmake', 'python']
[0.254s] Level 1:colcon.colcon_core.package_identification:_identify(usb_4_mic_array/__pycache__) by extension 'cmake'
[0.254s] Level 1:colcon.colcon_core.package_identification:_identify(usb_4_mic_array/__pycache__) by extension 'python'
[0.254s] Level 1:colcon.colcon_core.package_identification:_identify(usb_4_mic_array/__pycache__) by extensions ['python_setup_py']
[0.254s] Level 1:colcon.colcon_core.package_identification:_identify(usb_4_mic_array/__pycache__) by extension 'python_setup_py'
[0.255s] Level 1:colcon.colcon_core.package_identification:_identify(usb_4_mic_array/test) by extensions ['ignore', 'ignore_ament_install']
[0.255s] Level 1:colcon.colcon_core.package_identification:_identify(usb_4_mic_array/test) by extension 'ignore'
[0.255s] Level 1:colcon.colcon_core.package_identification:_identify(usb_4_mic_array/test) by extension 'ignore_ament_install'
[0.255s] Level 1:colcon.colcon_core.package_identification:_identify(usb_4_mic_array/test) by extensions ['colcon_pkg']
[0.255s] Level 1:colcon.colcon_core.package_identification:_identify(usb_4_mic_array/test) by extension 'colcon_pkg'
[0.255s] Level 1:colcon.colcon_core.package_identification:_identify(usb_4_mic_array/test) by extensions ['colcon_meta']
[0.255s] Level 1:colcon.colcon_core.package_identification:_identify(usb_4_mic_array/test) by extension 'colcon_meta'
[0.255s] Level 1:colcon.colcon_core.package_identification:_identify(usb_4_mic_array/test) by extensions ['ros']
[0.255s] Level 1:colcon.colcon_core.package_identification:_identify(usb_4_mic_array/test) by extension 'ros'
[0.255s] Level 1:colcon.colcon_core.package_identification:_identify(usb_4_mic_array/test) by extensions ['cmake', 'python']
[0.255s] Level 1:colcon.colcon_core.package_identification:_identify(usb_4_mic_array/test) by extension 'cmake'
[0.255s] Level 1:colcon.colcon_core.package_identification:_identify(usb_4_mic_array/test) by extension 'python'
[0.255s] Level 1:colcon.colcon_core.package_identification:_identify(usb_4_mic_array/test) by extensions ['python_setup_py']
[0.255s] Level 1:colcon.colcon_core.package_identification:_identify(usb_4_mic_array/test) by extension 'python_setup_py'
[0.255s] Level 1:colcon.colcon_core.package_identification:_identify(usb_4_mic_array/test/pocketsphinx-data) by extensions ['ignore', 'ignore_ament_install']
[0.255s] Level 1:colcon.colcon_core.package_identification:_identify(usb_4_mic_array/test/pocketsphinx-data) by extension 'ignore'
[0.255s] Level 1:colcon.colcon_core.package_identification:_identify(usb_4_mic_array/test/pocketsphinx-data) by extension 'ignore_ament_install'
[0.255s] Level 1:colcon.colcon_core.package_identification:_identify(usb_4_mic_array/test/pocketsphinx-data) by extensions ['colcon_pkg']
[0.255s] Level 1:colcon.colcon_core.package_identification:_identify(usb_4_mic_array/test/pocketsphinx-data) by extension 'colcon_pkg'
[0.255s] Level 1:colcon.colcon_core.package_identification:_identify(usb_4_mic_array/test/pocketsphinx-data) by extensions ['colcon_meta']
[0.256s] Level 1:colcon.colcon_core.package_identification:_identify(usb_4_mic_array/test/pocketsphinx-data) by extension 'colcon_meta'
[0.256s] Level 1:colcon.colcon_core.package_identification:_identify(usb_4_mic_array/test/pocketsphinx-data) by extensions ['ros']
[0.256s] Level 1:colcon.colcon_core.package_identification:_identify(usb_4_mic_array/test/pocketsphinx-data) by extension 'ros'
[0.256s] Level 1:colcon.colcon_core.package_identification:_identify(usb_4_mic_array/test/pocketsphinx-data) by extensions ['cmake', 'python']
[0.256s] Level 1:colcon.colcon_core.package_identification:_identify(usb_4_mic_array/test/pocketsphinx-data) by extension 'cmake'
[0.256s] Level 1:colcon.colcon_core.package_identification:_identify(usb_4_mic_array/test/pocketsphinx-data) by extension 'python'
[0.256s] Level 1:colcon.colcon_core.package_identification:_identify(usb_4_mic_array/test/pocketsphinx-data) by extensions ['python_setup_py']
[0.256s] Level 1:colcon.colcon_core.package_identification:_identify(usb_4_mic_array/test/pocketsphinx-data) by extension 'python_setup_py'
[0.256s] Level 1:colcon.colcon_core.package_discovery:discover_packages(recursive) using defaults
[0.256s] Level 1:colcon.colcon_core.package_discovery:discover_packages(ignore) discover
[0.256s] Level 1:colcon.colcon_core.package_discovery:discover_packages(ignore) using defaults
[0.256s] Level 1:colcon.colcon_core.package_discovery:discover_packages(path) discover
[0.256s] Level 1:colcon.colcon_core.package_discovery:discover_packages(path) using defaults
[0.280s] Level 1:colcon.colcon_core.package_discovery:discover_packages(prefix_path) check parameters
[0.280s] Level 1:colcon.colcon_core.package_discovery:discover_packages(prefix_path) discover
[0.282s] DEBUG:colcon.colcon_installed_package_information.package_discovery:Found 3 installed packages in /home/user/sound_lidar_ws/install
[0.285s] DEBUG:colcon.colcon_installed_package_information.package_discovery:Found 337 installed packages in /opt/ros/jazzy
[0.287s] Level 1:colcon.colcon_core.package_discovery:discover_packages(prefix_path) using defaults
[0.353s] Level 5:colcon.colcon_core.verb:set package 'sound_interfaces' build argument 'cmake_args' from command line to 'None'
[0.353s] Level 5:colcon.colcon_core.verb:set package 'sound_interfaces' build argument 'cmake_target' from command line to 'None'
[0.353s] Level 5:colcon.colcon_core.verb:set package 'sound_interfaces' build argument 'cmake_target_skip_unavailable' from command line to 'False'
[0.353s] Level 5:colcon.colcon_core.verb:set package 'sound_interfaces' build argument 'cmake_clean_cache' from command line to 'False'
[0.353s] Level 5:colcon.colcon_core.verb:set package 'sound_interfaces' build argument 'cmake_clean_first' from command line to 'False'
[0.353s] Level 5:colcon.colcon_core.verb:set package 'sound_interfaces' build argument 'cmake_force_configure' from command line to 'False'
[0.353s] Level 5:colcon.colcon_core.verb:set package 'sound_interfaces' build argument 'ament_cmake_args' from command line to 'None'
[0.353s] Level 5:colcon.colcon_core.verb:set package 'sound_interfaces' build argument 'catkin_cmake_args' from command line to 'None'
[0.353s] Level 5:colcon.colcon_core.verb:set package 'sound_interfaces' build argument 'catkin_skip_building_tests' from command line to 'False'
[0.354s] DEBUG:colcon.colcon_core.verb:Building package 'sound_interfaces' with the following arguments: {'ament_cmake_args': None, 'build_base': '/home/user/sound_lidar_ws/build/sound_interfaces', 'catkin_cmake_args': None, 'catkin_skip_building_tests': False, 'cmake_args': None, 'cmake_clean_cache': False, 'cmake_clean_first': False, 'cmake_force_configure': False, 'cmake_target': None, 'cmake_target_skip_unavailable': False, 'install_base': '/home/user/sound_lidar_ws/install/sound_interfaces', 'merge_install': False, 'path': '/home/user/sound_lidar_ws/src/sound_interfaces', 'symlink_install': True, 'test_result_base': None}
[0.354s] Level 5:colcon.colcon_core.verb:set package 'lidar_focus' build argument 'cmake_args' from command line to 'None'
[0.354s] Level 5:colcon.colcon_core.verb:set package 'lidar_focus' build argument 'cmake_target' from command line to 'None'
[0.354s] Level 5:colcon.colcon_core.verb:set package 'lidar_focus' build argument 'cmake_target_skip_unavailable' from command line to 'False'
[0.354s] Level 5:colcon.colcon_core.verb:set package 'lidar_focus' build argument 'cmake_clean_cache' from command line to 'False'
[0.354s] Level 5:colcon.colcon_core.verb:set package 'lidar_focus' build argument 'cmake_clean_first' from command line to 'False'
[0.354s] Level 5:colcon.colcon_core.verb:set package 'lidar_focus' build argument 'cmake_force_configure' from command line to 'False'
[0.354s] Level 5:colcon.colcon_core.verb:set package 'lidar_focus' build argument 'ament_cmake_args' from command line to 'None'
[0.354s] Level 5:colcon.colcon_core.verb:set package 'lidar_focus' build argument 'catkin_cmake_args' from command line to 'None'
[0.354s] Level 5:colcon.colcon_core.verb:set package 'lidar_focus' build argument 'catkin_skip_building_tests' from command line to 'False'
[0.354s] DEBUG:colcon.colcon_core.verb:Building package 'lidar_focus' with the following arguments: {'ament_cmake_args': None, 'build_base': '/home/user/sound_lidar_ws/build/lidar_focus', 'catkin_cmake_args': None, 'catkin_skip_building_tests': False, 'cmake_args': None, 'cmake_clean_cache': False, 'cmake_clean_first': False, 'cmake_force_configure': False, 'cmake_target': None, 'cmake_target_skip_unavailable': False, 'install_base': '/home/user/sound_lidar_ws/install/lidar_focus', 'merge_install': False, 'path': '/home/user/sound_lidar_ws/src/lidar_focus', 'symlink_install': True, 'test_result_base': None}
[0.354s] Level 5:colcon.colcon_core.verb:set package 'sound_localizer' build argument 'cmake_args' from command line to 'None'
[0.355s] Level 5:colcon.colcon_core.verb:set package 'sound_localizer' build argument 'cmake_target' from command line to 'None'
[0.355s] Level 5:colcon.colcon_core.verb:set package 'sound_localizer' build argument 'cmake_target_skip_unavailable' from command line to 'False'
[0.355s] Level 5:colcon.colcon_core.verb:set package 'sound_localizer' build argument 'cmake_clean_cache' from command line to 'False'
[0.355s] Level 5:colcon.colcon_core.verb:set package 'sound_localizer' build argument 'cmake_clean_first' from command line to 'False'
[0.355s] Level 5:colcon.colcon_core.verb:set package 'sound_localizer' build argument 'cmake_force_configure' from command line to 'False'
[0.355s] Level 5:colcon.colcon_core.verb:set package 'sound_localizer' build argument 'ament_cmake_args' from command line to 'None'
[0.355s] Level 5:colcon.colcon_core.verb:set package 'sound_localizer' build argument 'catkin_cmake_args' from command line to 'None'
[0.355s] Level 5:colcon.colcon_core.verb:set package 'sound_localizer' build argument 'catkin_skip_building_tests' from command line to 'False'
[0.355s] DEBUG:colcon.colcon_core.verb:Building package 'sound_localizer' with the following arguments: {'ament_cmake_args': None, 'build_base': '/home/user/sound_lidar_ws/build/sound_localizer', 'catkin_cmake_args': None, 'catkin_skip_building_tests': False, 'cmake_args': None, 'cmake_clean_cache': False, 'cmake_clean_first': False, 'cmake_force_configure': False, 'cmake_target': None, 'cmake_target_skip_unavailable': False, 'install_base': '/home/user/sound_lidar_ws/install/sound_localizer', 'merge_install': False, 'path': '/home/user/sound_lidar_ws/src/sound_localizer', 'symlink_install': True, 'test_result_base': None}
[0.355s] INFO:colcon.colcon_core.executor:Executing jobs using 'parallel' executor
[0.356s] DEBUG:colcon.colcon_parallel_executor.executor.parallel:run_until_complete
[0.357s] INFO:colcon.colcon_ros.task.ament_cmake.build:Building ROS package in '/home/user/sound_lidar_ws/src/sound_interfaces' with build type 'ament_cmake'
[0.357s] INFO:colcon.colcon_cmake.task.cmake.build:Building CMake package in '/home/user/sound_lidar_ws/src/sound_interfaces'
[0.362s] INFO:colcon.colcon_core.plugin_system:Skipping extension 'colcon_core.shell.bat': Not used on non-Windows systems
[0.362s] INFO:colcon.colcon_core.shell:Skip shell extension 'powershell' for command environment: Not usable outside of PowerShell
[0.362s] DEBUG:colcon.colcon_core.shell:Skip shell extension 'dsv' for command environment
[0.379s] DEBUG:colcon.colcon_core.event_handler.log_command:Invoking command in '/home/user/sound_lidar_ws/build/sound_interfaces': CMAKE_PREFIX_PATH=${CMAKE_PREFIX_PATH}:/home/user/sound_lidar_ws/install/sound_localizer:/home/user/sound_lidar_ws/install/lidar_focus:/opt/ros/jazzy DEBUGINFOD_URLS=https://debuginfod.ubuntu.com /usr/bin/cmake --build /home/user/sound_lidar_ws/build/sound_interfaces -- -j4 -l4
[1.098s] DEBUG:colcon.colcon_core.event_handler.log_command:Invoked command in '/home/user/sound_lidar_ws/build/sound_interfaces' returned '0': CMAKE_PREFIX_PATH=${CMAKE_PREFIX_PATH}:/home/user/sound_lidar_ws/install/sound_localizer:/home/user/sound_lidar_ws/install/lidar_focus:/opt/ros/jazzy DEBUGINFOD_URLS=https://debuginfod.ubuntu.com /usr/bin/cmake --build /home/user/sound_lidar_ws/build/sound_interfaces -- -j4 -l4
[1.119s] DEBUG:colcon.colcon_core.event_handler.log_command:Invoking command in '/home/user/sound_lidar_ws/build/sound_interfaces': CMAKE_PREFIX_PATH=${CMAKE_PREFIX_PATH}:/home/user/sound_lidar_ws/install/sound_localizer:/home/user/sound_lidar_ws/install/lidar_focus:/opt/ros/jazzy DEBUGINFOD_URLS=https://debuginfod.ubuntu.com /usr/bin/cmake --install /home/user/sound_lidar_ws/build/sound_interfaces
[1.252s] Level 1:colcon.colcon_core.environment:create_environment_scripts_only(sound_interfaces)
[1.253s] DEBUG:colcon.colcon_core.event_handler.log_command:Invoked command in '/home/user/sound_lidar_ws/build/sound_interfaces' returned '0': CMAKE_PREFIX_PATH=${CMAKE_PREFIX_PATH}:/home/user/sound_lidar_ws/install/sound_localizer:/home/user/sound_lidar_ws/install/lidar_focus:/opt/ros/jazzy DEBUGINFOD_URLS=https://debuginfod.ubuntu.com /usr/bin/cmake --install /home/user/sound_lidar_ws/build/sound_interfaces
[1.256s] Level 1:colcon.colcon_core.environment:checking '/home/user/sound_lidar_ws/install/sound_interfaces' for CMake module files
[1.257s] Level 1:colcon.colcon_core.environment:checking '/home/user/sound_lidar_ws/install/sound_interfaces' for CMake config files
[1.258s] Level 1:colcon.colcon_core.shell:create_environment_hook('sound_interfaces', 'cmake_prefix_path')
[1.258s] INFO:colcon.colcon_core.shell:Creating environment hook '/home/user/sound_lidar_ws/install/sound_interfaces/share/sound_interfaces/hook/cmake_prefix_path.ps1'
[1.260s] INFO:colcon.colcon_core.shell:Creating environment descriptor '/home/user/sound_lidar_ws/install/sound_interfaces/share/sound_interfaces/hook/cmake_prefix_path.dsv'
[1.261s] INFO:colcon.colcon_core.shell:Creating environment hook '/home/user/sound_lidar_ws/install/sound_interfaces/share/sound_interfaces/hook/cmake_prefix_path.sh'
[1.264s] Level 1:colcon.colcon_core.environment:checking '/home/user/sound_lidar_ws/install/sound_interfaces/lib'
[1.264s] Level 1:colcon.colcon_core.shell:create_environment_hook('sound_interfaces', 'ld_library_path_lib')
[1.264s] INFO:colcon.colcon_core.shell:Creating environment hook '/home/user/sound_lidar_ws/install/sound_interfaces/share/sound_interfaces/hook/ld_library_path_lib.ps1'
[1.265s] INFO:colcon.colcon_core.shell:Creating environment descriptor '/home/user/sound_lidar_ws/install/sound_interfaces/share/sound_interfaces/hook/ld_library_path_lib.dsv'
[1.266s] INFO:colcon.colcon_core.shell:Creating environment hook '/home/user/sound_lidar_ws/install/sound_interfaces/share/sound_interfaces/hook/ld_library_path_lib.sh'
[1.267s] Level 1:colcon.colcon_core.environment:checking '/home/user/sound_lidar_ws/install/sound_interfaces/bin'
[1.267s] Level 1:colcon.colcon_core.environment:checking '/home/user/sound_lidar_ws/install/sound_interfaces/lib/pkgconfig/sound_interfaces.pc'
[1.267s] Level 1:colcon.colcon_core.environment:checking '/home/user/sound_lidar_ws/install/sound_interfaces/lib/python3.12/site-packages'
[1.268s] Level 1:colcon.colcon_core.shell:create_environment_hook('sound_interfaces', 'pythonpath')
[1.268s] INFO:colcon.colcon_core.shell:Creating environment hook '/home/user/sound_lidar_ws/install/sound_interfaces/share/sound_interfaces/hook/pythonpath.ps1'
[1.268s] INFO:colcon.colcon_core.shell:Creating environment descriptor '/home/user/sound_lidar_ws/install/sound_interfaces/share/sound_interfaces/hook/pythonpath.dsv'
[1.269s] INFO:colcon.colcon_core.shell:Creating environment hook '/home/user/sound_lidar_ws/install/sound_interfaces/share/sound_interfaces/hook/pythonpath.sh'
[1.271s] Level 1:colcon.colcon_core.environment:checking '/home/user/sound_lidar_ws/install/sound_interfaces/bin'
[1.271s] INFO:colcon.colcon_core.shell:Creating package script '/home/user/sound_lidar_ws/install/sound_interfaces/share/sound_interfaces/package.ps1'
[1.273s] INFO:colcon.colcon_core.shell:Creating package descriptor '/home/user/sound_lidar_ws/install/sound_interfaces/share/sound_interfaces/package.dsv'
[1.273s] INFO:colcon.colcon_core.shell:Creating package script '/home/user/sound_lidar_ws/install/sound_interfaces/share/sound_interfaces/package.sh'
[1.274s] INFO:colcon.colcon_core.shell:Creating package script '/home/user/sound_lidar_ws/install/sound_interfaces/share/sound_interfaces/package.bash'
[1.275s] INFO:colcon.colcon_core.shell:Creating package script '/home/user/sound_lidar_ws/install/sound_interfaces/share/sound_interfaces/package.zsh'
[1.276s] Level 1:colcon.colcon_core.environment:create_file_with_runtime_dependencies(/home/user/sound_lidar_ws/install/sound_interfaces/share/colcon-core/packages/sound_interfaces)
[1.277s] Level 1:colcon.colcon_core.environment:create_environment_scripts_only(sound_interfaces)
[1.277s] Level 1:colcon.colcon_core.environment:checking '/home/user/sound_lidar_ws/install/sound_interfaces' for CMake module files
[1.278s] Level 1:colcon.colcon_core.environment:checking '/home/user/sound_lidar_ws/install/sound_interfaces' for CMake config files
[1.279s] Level 1:colcon.colcon_core.shell:create_environment_hook('sound_interfaces', 'cmake_prefix_path')
[1.279s] INFO:colcon.colcon_core.shell:Creating environment hook '/home/user/sound_lidar_ws/install/sound_interfaces/share/sound_interfaces/hook/cmake_prefix_path.ps1'
[1.280s] INFO:colcon.colcon_core.shell:Creating environment descriptor '/home/user/sound_lidar_ws/install/sound_interfaces/share/sound_interfaces/hook/cmake_prefix_path.dsv'
[1.281s] INFO:colcon.colcon_core.shell:Creating environment hook '/home/user/sound_lidar_ws/install/sound_interfaces/share/sound_interfaces/hook/cmake_prefix_path.sh'
[1.282s] Level 1:colcon.colcon_core.environment:checking '/home/user/sound_lidar_ws/install/sound_interfaces/lib'
[1.282s] Level 1:colcon.colcon_core.shell:create_environment_hook('sound_interfaces', 'ld_library_path_lib')
[1.282s] INFO:colcon.colcon_core.shell:Creating environment hook '/home/user/sound_lidar_ws/install/sound_interfaces/share/sound_interfaces/hook/ld_library_path_lib.ps1'
[1.283s] INFO:colcon.colcon_core.shell:Creating environment descriptor '/home/user/sound_lidar_ws/install/sound_interfaces/share/sound_interfaces/hook/ld_library_path_lib.dsv'
[1.284s] INFO:colcon.colcon_core.shell:Creating environment hook '/home/user/sound_lidar_ws/install/sound_interfaces/share/sound_interfaces/hook/ld_library_path_lib.sh'
[1.285s] Level 1:colcon.colcon_core.environment:checking '/home/user/sound_lidar_ws/install/sound_interfaces/bin'
[1.285s] Level 1:colcon.colcon_core.environment:checking '/home/user/sound_lidar_ws/install/sound_interfaces/lib/pkgconfig/sound_interfaces.pc'
[1.285s] Level 1:colcon.colcon_core.environment:checking '/home/user/sound_lidar_ws/install/sound_interfaces/lib/python3.12/site-packages'
[1.285s] Level 1:colcon.colcon_core.shell:create_environment_hook('sound_interfaces', 'pythonpath')
[1.285s] INFO:colcon.colcon_core.shell:Creating environment hook '/home/user/sound_lidar_ws/install/sound_interfaces/share/sound_interfaces/hook/pythonpath.ps1'
[1.286s] INFO:colcon.colcon_core.shell:Creating environment descriptor '/home/user/sound_lidar_ws/install/sound_interfaces/share/sound_interfaces/hook/pythonpath.dsv'
[1.287s] INFO:colcon.colcon_core.shell:Creating environment hook '/home/user/sound_lidar_ws/install/sound_interfaces/share/sound_interfaces/hook/pythonpath.sh'
[1.288s] Level 1:colcon.colcon_core.environment:checking '/home/user/sound_lidar_ws/install/sound_interfaces/bin'
[1.289s] INFO:colcon.colcon_core.shell:Creating package script '/home/user/sound_lidar_ws/install/sound_interfaces/share/sound_interfaces/package.ps1'
[1.290s] INFO:colcon.colcon_core.shell:Creating package descriptor '/home/user/sound_lidar_ws/install/sound_interfaces/share/sound_interfaces/package.dsv'
[1.290s] INFO:colcon.colcon_core.shell:Creating package script '/home/user/sound_lidar_ws/install/sound_interfaces/share/sound_interfaces/package.sh'
[1.291s] INFO:colcon.colcon_core.shell:Creating package script '/home/user/sound_lidar_ws/install/sound_interfaces/share/sound_interfaces/package.bash'
[1.292s] INFO:colcon.colcon_core.shell:Creating package script '/home/user/sound_lidar_ws/install/sound_interfaces/share/sound_interfaces/package.zsh'
[1.293s] Level 1:colcon.colcon_core.environment:create_file_with_runtime_dependencies(/home/user/sound_lidar_ws/install/sound_interfaces/share/colcon-core/packages/sound_interfaces)
[1.294s] INFO:colcon.colcon_ros.task.ament_python.build:Building ROS package in '/home/user/sound_lidar_ws/src/lidar_focus' with build type 'ament_python'
[1.294s] Level 1:colcon.colcon_core.shell:create_environment_hook('lidar_focus', 'ament_prefix_path')
[1.295s] INFO:colcon.colcon_core.shell:Creating environment hook '/home/user/sound_lidar_ws/install/lidar_focus/share/lidar_focus/hook/ament_prefix_path.ps1'
[1.296s] INFO:colcon.colcon_core.shell:Creating environment descriptor '/home/user/sound_lidar_ws/install/lidar_focus/share/lidar_focus/hook/ament_prefix_path.dsv'
[1.298s] INFO:colcon.colcon_core.shell:Creating environment hook '/home/user/sound_lidar_ws/install/lidar_focus/share/lidar_focus/hook/ament_prefix_path.sh'
[1.300s] INFO:colcon.colcon_core.shell:Skip shell extension 'powershell' for command environment: Not usable outside of PowerShell
[1.300s] DEBUG:colcon.colcon_core.shell:Skip shell extension 'dsv' for command environment
[1.309s] INFO:colcon.colcon_ros.task.ament_python.build:Building ROS package in '/home/user/sound_lidar_ws/src/sound_localizer' with build type 'ament_python'
[1.310s] Level 1:colcon.colcon_core.shell:create_environment_hook('sound_localizer', 'ament_prefix_path')
[1.310s] INFO:colcon.colcon_core.shell:Creating environment hook '/home/user/sound_lidar_ws/install/sound_localizer/share/sound_localizer/hook/ament_prefix_path.ps1'
[1.311s] INFO:colcon.colcon_core.shell:Creating environment descriptor '/home/user/sound_lidar_ws/install/sound_localizer/share/sound_localizer/hook/ament_prefix_path.dsv'
[1.314s] INFO:colcon.colcon_core.shell:Creating environment hook '/home/user/sound_lidar_ws/install/sound_localizer/share/sound_localizer/hook/ament_prefix_path.sh'
[1.316s] INFO:colcon.colcon_core.shell:Skip shell extension 'powershell' for command environment: Not usable outside of PowerShell
[1.316s] DEBUG:colcon.colcon_core.shell:Skip shell extension 'dsv' for command environment
[1.637s] DEBUG:colcon.colcon_parallel_executor.executor.parallel:closing loop
[1.637s] DEBUG:colcon.colcon_parallel_executor.executor.parallel:loop closed
[1.638s] DEBUG:colcon.colcon_parallel_executor.executor.parallel:run_until_complete finished with 'Command '['/usr/bin/python3', '-c', 'import sys;from contextlib import suppress;exec("with suppress(ImportError):    from setuptools.extern.packaging.specifiers    import SpecifierSet");exec("with suppress(ImportError):    from packaging.specifiers import SpecifierSet");from distutils.core import run_setup;dist = run_setup(    \'setup.py\', script_args=(\'--dry-run\',), stop_after=\'config\');skip_keys = (\'cmdclass\', \'distclass\', \'ext_modules\', \'metadata\');data = {    key: value for key, value in dist.__dict__.items()     if (        not key.startswith(\'_\') and         not callable(value) and         key not in skip_keys and         key not in dist.display_option_names    )};data[\'metadata\'] = {    k: v for k, v in dist.metadata.__dict__.items()     if k not in (\'license_files\', \'provides_extras\')};sys.stdout.buffer.write(repr(data).encode(\'utf-8\'))']' returned non-zero exit status 1.'
[1.638s] DEBUG:colcon.colcon_core.event_reactor:joining thread
[1.650s] INFO:colcon.colcon_core.plugin_system:Skipping extension 'colcon_notification.desktop_notification.terminal_notifier': Not used on non-Darwin systems
[1.650s] INFO:colcon.colcon_core.plugin_system:Skipping extension 'colcon_notification.desktop_notification.win32': Not used on non-Windows systems
[1.650s] INFO:colcon.colcon_notification.desktop_notification:Sending desktop notification using 'notify2'
[1.679s] DEBUG:colcon.colcon_core.event_reactor:joined thread
[1.681s] INFO:colcon.colcon_core.shell:Creating prefix script '/home/user/sound_lidar_ws/install/local_setup.ps1'
[1.682s] INFO:colcon.colcon_core.shell:Creating prefix util module '/home/user/sound_lidar_ws/install/_local_setup_util_ps1.py'
[1.684s] INFO:colcon.colcon_core.shell:Creating prefix chain script '/home/user/sound_lidar_ws/install/setup.ps1'
[1.686s] INFO:colcon.colcon_core.shell:Creating prefix script '/home/user/sound_lidar_ws/install/local_setup.sh'
[1.687s] INFO:colcon.colcon_core.shell:Creating prefix util module '/home/user/sound_lidar_ws/install/_local_setup_util_sh.py'
[1.687s] INFO:colcon.colcon_core.shell:Creating prefix chain script '/home/user/sound_lidar_ws/install/setup.sh'
[1.689s] INFO:colcon.colcon_core.shell:Creating prefix script '/home/user/sound_lidar_ws/install/local_setup.bash'
[1.690s] INFO:colcon.colcon_core.shell:Creating prefix chain script '/home/user/sound_lidar_ws/install/setup.bash'
[1.692s] INFO:colcon.colcon_core.shell:Creating prefix script '/home/user/sound_lidar_ws/install/local_setup.zsh'
[1.693s] INFO:colcon.colcon_core.shell:Creating prefix chain script '/home/user/sound_lidar_ws/install/setup.zsh'
