[  2%] Built target sound_interfaces__rosidl_generator_type_description
[  2%] Built target ament_cmake_python_symlink_sound_interfaces
[  5%] Built target sound_interfaces__cpp
[ 20%] Built target sound_interfaces__rosidl_generator_c
[ 29%] Built target sound_interfaces__rosidl_typesupport_introspection_c
[ 38%] Built target sound_interfaces__rosidl_typesupport_cpp
[ 47%] Built target sound_interfaces__rosidl_typesupport_fastrtps_c
[ 55%] Built target sound_interfaces__rosidl_typesupport_c
[ 64%] Built target sound_interfaces__rosidl_typesupport_fastrtps_cpp
[ 73%] Built target sound_interfaces__rosidl_typesupport_introspection_cpp
[ 73%] Built target sound_interfaces
[ 76%] Built target sound_interfaces__py
[ 82%] Built target sound_interfaces__rosidl_generator_py
[ 88%] Built target sound_interfaces_s__rosidl_typesupport_c
[ 94%] Built target sound_interfaces_s__rosidl_typesupport_introspection_c
[100%] Built target sound_interfaces_s__rosidl_typesupport_fastrtps_c
running egg_info
writing sound_interfaces.egg-info/PKG-INFO
writing dependency_links to sound_interfaces.egg-info/dependency_links.txt
writing top-level names to sound_interfaces.egg-info/top_level.txt
reading manifest file 'sound_interfaces.egg-info/SOURCES.txt'
writing manifest file 'sound_interfaces.egg-info/SOURCES.txt'
[100%] Built target ament_cmake_python_build_sound_interfaces_egg
-- Install configuration: ""
-- Execute custom install script
-- Up-to-date symlink: /home/user/sound_lidar_ws/install/sound_interfaces/share/ament_index/resource_index/rosidl_interfaces/sound_interfaces
-- Up-to-date symlink: /home/user/sound_lidar_ws/install/sound_interfaces/share/sound_interfaces/msg/SoundEvent.json
-- Up-to-date symlink: /home/user/sound_lidar_ws/install/sound_interfaces/include/sound_interfaces/sound_interfaces/msg/detail/sound_event__functions.h
-- Up-to-date symlink: /home/user/sound_lidar_ws/install/sound_interfaces/include/sound_interfaces/sound_interfaces/msg/detail/sound_event__struct.h
-- Up-to-date symlink: /home/user/sound_lidar_ws/install/sound_interfaces/include/sound_interfaces/sound_interfaces/msg/detail/sound_event__type_support.h
-- Up-to-date symlink: /home/user/sound_lidar_ws/install/sound_interfaces/include/sound_interfaces/sound_interfaces/msg/rosidl_generator_c__visibility_control.h
-- Up-to-date symlink: /home/user/sound_lidar_ws/install/sound_interfaces/include/sound_interfaces/sound_interfaces/msg/sound_event.h
-- Up-to-date symlink: /home/user/sound_lidar_ws/install/sound_interfaces/share/sound_interfaces/environment/library_path.sh
-- Up-to-date symlink: /home/user/sound_lidar_ws/install/sound_interfaces/share/sound_interfaces/environment/library_path.dsv
-- Up-to-date symlink: /home/user/sound_lidar_ws/install/sound_interfaces/include/sound_interfaces/sound_interfaces/msg/detail/sound_event__rosidl_typesupport_fastrtps_c.h
-- Up-to-date symlink: /home/user/sound_lidar_ws/install/sound_interfaces/include/sound_interfaces/sound_interfaces/msg/rosidl_typesupport_fastrtps_c__visibility_control.h
-- Up-to-date symlink: /home/user/sound_lidar_ws/install/sound_interfaces/include/sound_interfaces/sound_interfaces/msg/detail/sound_event__rosidl_typesupport_introspection_c.h
-- Up-to-date symlink: /home/user/sound_lidar_ws/install/sound_interfaces/include/sound_interfaces/sound_interfaces/msg/rosidl_typesupport_introspection_c__visibility_control.h
-- Up-to-date symlink: /home/user/sound_lidar_ws/install/sound_interfaces/include/sound_interfaces/sound_interfaces/msg/detail/sound_event__builder.hpp
-- Up-to-date symlink: /home/user/sound_lidar_ws/install/sound_interfaces/include/sound_interfaces/sound_interfaces/msg/detail/sound_event__struct.hpp
-- Up-to-date symlink: /home/user/sound_lidar_ws/install/sound_interfaces/include/sound_interfaces/sound_interfaces/msg/detail/sound_event__traits.hpp
-- Up-to-date symlink: /home/user/sound_lidar_ws/install/sound_interfaces/include/sound_interfaces/sound_interfaces/msg/detail/sound_event__type_support.hpp
-- Up-to-date symlink: /home/user/sound_lidar_ws/install/sound_interfaces/include/sound_interfaces/sound_interfaces/msg/rosidl_generator_cpp__visibility_control.hpp
-- Up-to-date symlink: /home/user/sound_lidar_ws/install/sound_interfaces/include/sound_interfaces/sound_interfaces/msg/sound_event.hpp
-- Up-to-date symlink: /home/user/sound_lidar_ws/install/sound_interfaces/include/sound_interfaces/sound_interfaces/msg/detail/sound_event__rosidl_typesupport_fastrtps_cpp.hpp
-- Up-to-date symlink: /home/user/sound_lidar_ws/install/sound_interfaces/include/sound_interfaces/sound_interfaces/msg/rosidl_typesupport_fastrtps_cpp__visibility_control.h
-- Up-to-date symlink: /home/user/sound_lidar_ws/install/sound_interfaces/include/sound_interfaces/sound_interfaces/msg/detail/sound_event__rosidl_typesupport_introspection_cpp.hpp
-- Up-to-date symlink: /home/user/sound_lidar_ws/install/sound_interfaces/share/sound_interfaces/environment/pythonpath.sh
-- Up-to-date symlink: /home/user/sound_lidar_ws/install/sound_interfaces/share/sound_interfaces/environment/pythonpath.dsv
-- Up-to-date symlink: /home/user/sound_lidar_ws/install/sound_interfaces/lib/python3.12/site-packages/sound_interfaces-0.1.0-py3.12.egg-info/PKG-INFO
-- Up-to-date symlink: /home/user/sound_lidar_ws/install/sound_interfaces/lib/python3.12/site-packages/sound_interfaces-0.1.0-py3.12.egg-info/SOURCES.txt
-- Up-to-date symlink: /home/user/sound_lidar_ws/install/sound_interfaces/lib/python3.12/site-packages/sound_interfaces-0.1.0-py3.12.egg-info/dependency_links.txt
-- Up-to-date symlink: /home/user/sound_lidar_ws/install/sound_interfaces/lib/python3.12/site-packages/sound_interfaces-0.1.0-py3.12.egg-info/top_level.txt
-- Up-to-date symlink: /home/user/sound_lidar_ws/install/sound_interfaces/lib/python3.12/site-packages/sound_interfaces/__init__.py
-- Up-to-date symlink: /home/user/sound_lidar_ws/install/sound_interfaces/lib/python3.12/site-packages/sound_interfaces/_sound_interfaces_s.ep.rosidl_typesupport_c.c
-- Up-to-date symlink: /home/user/sound_lidar_ws/install/sound_interfaces/lib/python3.12/site-packages/sound_interfaces/_sound_interfaces_s.ep.rosidl_typesupport_fastrtps_c.c
-- Up-to-date symlink: /home/user/sound_lidar_ws/install/sound_interfaces/lib/python3.12/site-packages/sound_interfaces/_sound_interfaces_s.ep.rosidl_typesupport_introspection_c.c
-- Up-to-date symlink: /home/user/sound_lidar_ws/install/sound_interfaces/lib/python3.12/site-packages/sound_interfaces/msg/__init__.py
-- Up-to-date symlink: /home/user/sound_lidar_ws/install/sound_interfaces/lib/python3.12/site-packages/sound_interfaces/msg/_sound_event.py
-- Up-to-date symlink: /home/user/sound_lidar_ws/install/sound_interfaces/lib/python3.12/site-packages/sound_interfaces/msg/_sound_event_s.c
-- Up-to-date symlink: /home/user/sound_lidar_ws/install/sound_interfaces/lib/python3.12/site-packages/sound_interfaces/sound_interfaces_s__rosidl_typesupport_c.so
-- Up-to-date symlink: /home/user/sound_lidar_ws/install/sound_interfaces/lib/python3.12/site-packages/sound_interfaces/sound_interfaces_s__rosidl_typesupport_fastrtps_c.so
-- Up-to-date symlink: /home/user/sound_lidar_ws/install/sound_interfaces/lib/python3.12/site-packages/sound_interfaces/sound_interfaces_s__rosidl_typesupport_introspection_c.so
-- Up-to-date symlink: /home/user/sound_lidar_ws/install/sound_interfaces/lib/python3.12/site-packages/sound_interfaces/sound_interfaces_s__rosidl_typesupport_fastrtps_c.so
-- Up-to-date symlink: /home/user/sound_lidar_ws/install/sound_interfaces/lib/python3.12/site-packages/sound_interfaces/sound_interfaces_s__rosidl_typesupport_introspection_c.so
-- Up-to-date symlink: /home/user/sound_lidar_ws/install/sound_interfaces/lib/python3.12/site-packages/sound_interfaces/sound_interfaces_s__rosidl_typesupport_c.so
-- Up-to-date symlink: /home/user/sound_lidar_ws/install/sound_interfaces/share/sound_interfaces/msg/SoundEvent.idl
-- Up-to-date symlink: /home/user/sound_lidar_ws/install/sound_interfaces/share/sound_interfaces/msg/SoundEvent.msg
-- Up-to-date symlink: /home/user/sound_lidar_ws/install/sound_interfaces/share/ament_index/resource_index/package_run_dependencies/sound_interfaces
-- Up-to-date symlink: /home/user/sound_lidar_ws/install/sound_interfaces/share/ament_index/resource_index/parent_prefix_path/sound_interfaces
-- Up-to-date symlink: /home/user/sound_lidar_ws/install/sound_interfaces/share/sound_interfaces/environment/ament_prefix_path.sh
-- Up-to-date symlink: /home/user/sound_lidar_ws/install/sound_interfaces/share/sound_interfaces/environment/ament_prefix_path.dsv
-- Up-to-date symlink: /home/user/sound_lidar_ws/install/sound_interfaces/share/sound_interfaces/environment/path.sh
-- Up-to-date symlink: /home/user/sound_lidar_ws/install/sound_interfaces/share/sound_interfaces/environment/path.dsv
-- Up-to-date symlink: /home/user/sound_lidar_ws/install/sound_interfaces/share/sound_interfaces/local_setup.bash
-- Up-to-date symlink: /home/user/sound_lidar_ws/install/sound_interfaces/share/sound_interfaces/local_setup.sh
-- Up-to-date symlink: /home/user/sound_lidar_ws/install/sound_interfaces/share/sound_interfaces/local_setup.zsh
-- Up-to-date symlink: /home/user/sound_lidar_ws/install/sound_interfaces/share/sound_interfaces/local_setup.dsv
-- Symlinking: /home/user/sound_lidar_ws/install/sound_interfaces/share/sound_interfaces/package.dsv
-- Up-to-date symlink: /home/user/sound_lidar_ws/install/sound_interfaces/share/ament_index/resource_index/packages/sound_interfaces
-- Up-to-date symlink: /home/user/sound_lidar_ws/install/sound_interfaces/share/sound_interfaces/cmake/rosidl_cmake-extras.cmake
-- Up-to-date symlink: /home/user/sound_lidar_ws/install/sound_interfaces/share/sound_interfaces/cmake/ament_cmake_export_dependencies-extras.cmake
-- Up-to-date symlink: /home/user/sound_lidar_ws/install/sound_interfaces/share/sound_interfaces/cmake/ament_cmake_export_include_directories-extras.cmake
-- Up-to-date symlink: /home/user/sound_lidar_ws/install/sound_interfaces/share/sound_interfaces/cmake/ament_cmake_export_libraries-extras.cmake
-- Up-to-date symlink: /home/user/sound_lidar_ws/install/sound_interfaces/share/sound_interfaces/cmake/ament_cmake_export_targets-extras.cmake
-- Up-to-date symlink: /home/user/sound_lidar_ws/install/sound_interfaces/share/sound_interfaces/cmake/rosidl_cmake_export_typesupport_targets-extras.cmake
-- Up-to-date symlink: /home/user/sound_lidar_ws/install/sound_interfaces/share/sound_interfaces/cmake/rosidl_cmake_export_typesupport_libraries-extras.cmake
-- Up-to-date symlink: /home/user/sound_lidar_ws/install/sound_interfaces/share/sound_interfaces/cmake/sound_interfacesConfig.cmake
-- Up-to-date symlink: /home/user/sound_lidar_ws/install/sound_interfaces/share/sound_interfaces/cmake/sound_interfacesConfig-version.cmake
-- Up-to-date symlink: /home/user/sound_lidar_ws/install/sound_interfaces/share/sound_interfaces/package.xml
-- Up-to-date: /home/user/sound_lidar_ws/install/sound_interfaces/lib/libsound_interfaces__rosidl_generator_c.so
-- Up-to-date: /home/user/sound_lidar_ws/install/sound_interfaces/lib/libsound_interfaces__rosidl_typesupport_fastrtps_c.so
-- Up-to-date: /home/user/sound_lidar_ws/install/sound_interfaces/lib/libsound_interfaces__rosidl_typesupport_introspection_c.so
-- Up-to-date: /home/user/sound_lidar_ws/install/sound_interfaces/lib/libsound_interfaces__rosidl_typesupport_c.so
-- Up-to-date: /home/user/sound_lidar_ws/install/sound_interfaces/lib/libsound_interfaces__rosidl_typesupport_fastrtps_cpp.so
-- Up-to-date: /home/user/sound_lidar_ws/install/sound_interfaces/lib/libsound_interfaces__rosidl_typesupport_introspection_cpp.so
-- Up-to-date: /home/user/sound_lidar_ws/install/sound_interfaces/lib/libsound_interfaces__rosidl_typesupport_cpp.so
Listing '/home/user/sound_lidar_ws/install/sound_interfaces/lib/python3.12/site-packages/sound_interfaces'...
Listing '/home/user/sound_lidar_ws/install/sound_interfaces/lib/python3.12/site-packages/sound_interfaces/msg'...
-- Up-to-date: /home/user/sound_lidar_ws/install/sound_interfaces/lib/libsound_interfaces__rosidl_generator_py.so
-- Up-to-date: /home/user/sound_lidar_ws/install/sound_interfaces/share/sound_interfaces/cmake/export_sound_interfaces__rosidl_generator_cExport.cmake
-- Up-to-date: /home/user/sound_lidar_ws/install/sound_interfaces/share/sound_interfaces/cmake/export_sound_interfaces__rosidl_generator_cExport-noconfig.cmake
-- Up-to-date: /home/user/sound_lidar_ws/install/sound_interfaces/share/sound_interfaces/cmake/export_sound_interfaces__rosidl_typesupport_fastrtps_cExport.cmake
-- Up-to-date: /home/user/sound_lidar_ws/install/sound_interfaces/share/sound_interfaces/cmake/export_sound_interfaces__rosidl_typesupport_fastrtps_cExport-noconfig.cmake
-- Up-to-date: /home/user/sound_lidar_ws/install/sound_interfaces/share/sound_interfaces/cmake/sound_interfaces__rosidl_typesupport_introspection_cExport.cmake
-- Up-to-date: /home/user/sound_lidar_ws/install/sound_interfaces/share/sound_interfaces/cmake/sound_interfaces__rosidl_typesupport_introspection_cExport-noconfig.cmake
-- Up-to-date: /home/user/sound_lidar_ws/install/sound_interfaces/share/sound_interfaces/cmake/sound_interfaces__rosidl_typesupport_cExport.cmake
-- Up-to-date: /home/user/sound_lidar_ws/install/sound_interfaces/share/sound_interfaces/cmake/sound_interfaces__rosidl_typesupport_cExport-noconfig.cmake
-- Up-to-date: /home/user/sound_lidar_ws/install/sound_interfaces/share/sound_interfaces/cmake/export_sound_interfaces__rosidl_generator_cppExport.cmake
-- Up-to-date: /home/user/sound_lidar_ws/install/sound_interfaces/share/sound_interfaces/cmake/export_sound_interfaces__rosidl_typesupport_fastrtps_cppExport.cmake
-- Up-to-date: /home/user/sound_lidar_ws/install/sound_interfaces/share/sound_interfaces/cmake/export_sound_interfaces__rosidl_typesupport_fastrtps_cppExport-noconfig.cmake
-- Up-to-date: /home/user/sound_lidar_ws/install/sound_interfaces/share/sound_interfaces/cmake/sound_interfaces__rosidl_typesupport_introspection_cppExport.cmake
-- Up-to-date: /home/user/sound_lidar_ws/install/sound_interfaces/share/sound_interfaces/cmake/sound_interfaces__rosidl_typesupport_introspection_cppExport-noconfig.cmake
-- Up-to-date: /home/user/sound_lidar_ws/install/sound_interfaces/share/sound_interfaces/cmake/sound_interfaces__rosidl_typesupport_cppExport.cmake
-- Up-to-date: /home/user/sound_lidar_ws/install/sound_interfaces/share/sound_interfaces/cmake/sound_interfaces__rosidl_typesupport_cppExport-noconfig.cmake
-- Up-to-date: /home/user/sound_lidar_ws/install/sound_interfaces/share/sound_interfaces/cmake/export_sound_interfaces__rosidl_generator_pyExport.cmake
-- Up-to-date: /home/user/sound_lidar_ws/install/sound_interfaces/share/sound_interfaces/cmake/export_sound_interfaces__rosidl_generator_pyExport-noconfig.cmake
