[0.020s] Invoking command in '/home/user/sound_lidar_ws/build/sound_interfaces': CMAKE_PREFIX_PATH=${CMAKE_PREFIX_PATH}:/home/user/sound_lidar_ws/install/sound_localizer:/home/user/sound_lidar_ws/install/lidar_focus:/opt/ros/jazzy DEBUGINFOD_URLS=https://debuginfod.ubuntu.com /usr/bin/cmake --build /home/user/sound_lidar_ws/build/sound_interfaces -- -j4 -l4
[0.130s] [  2%] Built target sound_interfaces__rosidl_generator_type_description
[0.154s] [  2%] Built target ament_cmake_python_symlink_sound_interfaces
[0.177s] [  5%] Built target sound_interfaces__cpp
[0.182s] [ 20%] Built target sound_interfaces__rosidl_generator_c
[0.242s] [ 29%] Built target sound_interfaces__rosidl_typesupport_fastrtps_cpp
[0.247s] [ 38%] Built target sound_interfaces__rosidl_typesupport_cpp
[0.253s] [ 47%] Built target sound_interfaces__rosidl_typesupport_introspection_cpp
[0.297s] [ 55%] Built target sound_interfaces__rosidl_typesupport_fastrtps_c
[0.302s] [ 64%] Built target sound_interfaces__rosidl_typesupport_introspection_c
[0.313s] [ 73%] Built target sound_interfaces__rosidl_typesupport_c
[0.355s] [ 73%] Built target sound_interfaces
[0.401s] [ 76%] Built target sound_interfaces__py
[0.446s] [ 82%] Built target sound_interfaces__rosidl_generator_py
[0.496s] [ 94%] Built target sound_interfaces_s__rosidl_typesupport_c
[0.496s] [ 94%] Built target sound_interfaces_s__rosidl_typesupport_introspection_c
[0.500s] [100%] Built target sound_interfaces_s__rosidl_typesupport_fastrtps_c
[0.564s] running egg_info
[0.593s] writing sound_interfaces.egg-info/PKG-INFO
[0.593s] writing dependency_links to sound_interfaces.egg-info/dependency_links.txt
[0.595s] writing top-level names to sound_interfaces.egg-info/top_level.txt
[0.686s] reading manifest file 'sound_interfaces.egg-info/SOURCES.txt'
[0.687s] writing manifest file 'sound_interfaces.egg-info/SOURCES.txt'
[0.768s] [100%] Built target ament_cmake_python_build_sound_interfaces_egg
[0.792s] Invoked command in '/home/user/sound_lidar_ws/build/sound_interfaces' returned '0': CMAKE_PREFIX_PATH=${CMAKE_PREFIX_PATH}:/home/user/sound_lidar_ws/install/sound_localizer:/home/user/sound_lidar_ws/install/lidar_focus:/opt/ros/jazzy DEBUGINFOD_URLS=https://debuginfod.ubuntu.com /usr/bin/cmake --build /home/user/sound_lidar_ws/build/sound_interfaces -- -j4 -l4
[0.816s] Invoking command in '/home/user/sound_lidar_ws/build/sound_interfaces': CMAKE_PREFIX_PATH=${CMAKE_PREFIX_PATH}:/home/user/sound_lidar_ws/install/sound_localizer:/home/user/sound_lidar_ws/install/lidar_focus:/opt/ros/jazzy DEBUGINFOD_URLS=https://debuginfod.ubuntu.com /usr/bin/cmake --install /home/user/sound_lidar_ws/build/sound_interfaces
[0.834s] -- Install configuration: ""
[0.835s] -- Execute custom install script
[0.835s] -- Up-to-date symlink: /home/user/sound_lidar_ws/install/sound_interfaces/share/ament_index/resource_index/rosidl_interfaces/sound_interfaces
[0.835s] -- Up-to-date symlink: /home/user/sound_lidar_ws/install/sound_interfaces/share/sound_interfaces/msg/SoundEvent.json
[0.836s] -- Up-to-date symlink: /home/user/sound_lidar_ws/install/sound_interfaces/include/sound_interfaces/sound_interfaces/msg/detail/sound_event__functions.h
[0.836s] -- Up-to-date symlink: /home/user/sound_lidar_ws/install/sound_interfaces/include/sound_interfaces/sound_interfaces/msg/detail/sound_event__struct.h
[0.836s] -- Up-to-date symlink: /home/user/sound_lidar_ws/install/sound_interfaces/include/sound_interfaces/sound_interfaces/msg/detail/sound_event__type_support.h
[0.836s] -- Up-to-date symlink: /home/user/sound_lidar_ws/install/sound_interfaces/include/sound_interfaces/sound_interfaces/msg/rosidl_generator_c__visibility_control.h
[0.836s] -- Up-to-date symlink: /home/user/sound_lidar_ws/install/sound_interfaces/include/sound_interfaces/sound_interfaces/msg/sound_event.h
[0.837s] -- Up-to-date symlink: /home/user/sound_lidar_ws/install/sound_interfaces/share/sound_interfaces/environment/library_path.sh
[0.837s] -- Up-to-date symlink: /home/user/sound_lidar_ws/install/sound_interfaces/share/sound_interfaces/environment/library_path.dsv
[0.837s] -- Up-to-date symlink: /home/user/sound_lidar_ws/install/sound_interfaces/include/sound_interfaces/sound_interfaces/msg/detail/sound_event__rosidl_typesupport_fastrtps_c.h
[0.838s] -- Up-to-date symlink: /home/user/sound_lidar_ws/install/sound_interfaces/include/sound_interfaces/sound_interfaces/msg/rosidl_typesupport_fastrtps_c__visibility_control.h
[0.838s] -- Up-to-date symlink: /home/user/sound_lidar_ws/install/sound_interfaces/include/sound_interfaces/sound_interfaces/msg/detail/sound_event__rosidl_typesupport_introspection_c.h
[0.838s] -- Up-to-date symlink: /home/user/sound_lidar_ws/install/sound_interfaces/include/sound_interfaces/sound_interfaces/msg/rosidl_typesupport_introspection_c__visibility_control.h
[0.839s] -- Up-to-date symlink: /home/user/sound_lidar_ws/install/sound_interfaces/include/sound_interfaces/sound_interfaces/msg/detail/sound_event__builder.hpp
[0.839s] -- Up-to-date symlink: /home/user/sound_lidar_ws/install/sound_interfaces/include/sound_interfaces/sound_interfaces/msg/detail/sound_event__struct.hpp
[0.839s] -- Up-to-date symlink: /home/user/sound_lidar_ws/install/sound_interfaces/include/sound_interfaces/sound_interfaces/msg/detail/sound_event__traits.hpp
[0.839s] -- Up-to-date symlink: /home/user/sound_lidar_ws/install/sound_interfaces/include/sound_interfaces/sound_interfaces/msg/detail/sound_event__type_support.hpp
[0.839s] -- Up-to-date symlink: /home/user/sound_lidar_ws/install/sound_interfaces/include/sound_interfaces/sound_interfaces/msg/rosidl_generator_cpp__visibility_control.hpp
[0.839s] -- Up-to-date symlink: /home/user/sound_lidar_ws/install/sound_interfaces/include/sound_interfaces/sound_interfaces/msg/sound_event.hpp
[0.840s] -- Up-to-date symlink: /home/user/sound_lidar_ws/install/sound_interfaces/include/sound_interfaces/sound_interfaces/msg/detail/sound_event__rosidl_typesupport_fastrtps_cpp.hpp
[0.840s] -- Up-to-date symlink: /home/user/sound_lidar_ws/install/sound_interfaces/include/sound_interfaces/sound_interfaces/msg/rosidl_typesupport_fastrtps_cpp__visibility_control.h
[0.841s] -- Up-to-date symlink: /home/user/sound_lidar_ws/install/sound_interfaces/include/sound_interfaces/sound_interfaces/msg/detail/sound_event__rosidl_typesupport_introspection_cpp.hpp
[0.841s] -- Up-to-date symlink: /home/user/sound_lidar_ws/install/sound_interfaces/share/sound_interfaces/environment/pythonpath.sh
[0.841s] -- Up-to-date symlink: /home/user/sound_lidar_ws/install/sound_interfaces/share/sound_interfaces/environment/pythonpath.dsv
[0.842s] -- Up-to-date symlink: /home/user/sound_lidar_ws/install/sound_interfaces/lib/python3.12/site-packages/sound_interfaces-0.1.0-py3.12.egg-info/PKG-INFO
[0.842s] -- Up-to-date symlink: /home/user/sound_lidar_ws/install/sound_interfaces/lib/python3.12/site-packages/sound_interfaces-0.1.0-py3.12.egg-info/SOURCES.txt
[0.842s] -- Up-to-date symlink: /home/user/sound_lidar_ws/install/sound_interfaces/lib/python3.12/site-packages/sound_interfaces-0.1.0-py3.12.egg-info/dependency_links.txt
[0.842s] -- Up-to-date symlink: /home/user/sound_lidar_ws/install/sound_interfaces/lib/python3.12/site-packages/sound_interfaces-0.1.0-py3.12.egg-info/top_level.txt
[0.843s] -- Up-to-date symlink: /home/user/sound_lidar_ws/install/sound_interfaces/lib/python3.12/site-packages/sound_interfaces/__init__.py
[0.843s] -- Up-to-date symlink: /home/user/sound_lidar_ws/install/sound_interfaces/lib/python3.12/site-packages/sound_interfaces/_sound_interfaces_s.ep.rosidl_typesupport_c.c
[0.843s] -- Up-to-date symlink: /home/user/sound_lidar_ws/install/sound_interfaces/lib/python3.12/site-packages/sound_interfaces/_sound_interfaces_s.ep.rosidl_typesupport_fastrtps_c.c
[0.843s] -- Up-to-date symlink: /home/user/sound_lidar_ws/install/sound_interfaces/lib/python3.12/site-packages/sound_interfaces/_sound_interfaces_s.ep.rosidl_typesupport_introspection_c.c
[0.844s] -- Up-to-date symlink: /home/user/sound_lidar_ws/install/sound_interfaces/lib/python3.12/site-packages/sound_interfaces/msg/__init__.py
[0.844s] -- Up-to-date symlink: /home/user/sound_lidar_ws/install/sound_interfaces/lib/python3.12/site-packages/sound_interfaces/msg/_sound_event.py
[0.844s] -- Up-to-date symlink: /home/user/sound_lidar_ws/install/sound_interfaces/lib/python3.12/site-packages/sound_interfaces/msg/_sound_event_s.c
[0.844s] -- Up-to-date symlink: /home/user/sound_lidar_ws/install/sound_interfaces/lib/python3.12/site-packages/sound_interfaces/sound_interfaces_s__rosidl_typesupport_c.so
[0.844s] -- Up-to-date symlink: /home/user/sound_lidar_ws/install/sound_interfaces/lib/python3.12/site-packages/sound_interfaces/sound_interfaces_s__rosidl_typesupport_fastrtps_c.so
[0.844s] -- Up-to-date symlink: /home/user/sound_lidar_ws/install/sound_interfaces/lib/python3.12/site-packages/sound_interfaces/sound_interfaces_s__rosidl_typesupport_introspection_c.so
[0.845s] -- Up-to-date symlink: /home/user/sound_lidar_ws/install/sound_interfaces/lib/python3.12/site-packages/sound_interfaces/sound_interfaces_s__rosidl_typesupport_fastrtps_c.so
[0.845s] -- Up-to-date symlink: /home/user/sound_lidar_ws/install/sound_interfaces/lib/python3.12/site-packages/sound_interfaces/sound_interfaces_s__rosidl_typesupport_introspection_c.so
[0.845s] -- Up-to-date symlink: /home/user/sound_lidar_ws/install/sound_interfaces/lib/python3.12/site-packages/sound_interfaces/sound_interfaces_s__rosidl_typesupport_c.so
[0.846s] -- Up-to-date symlink: /home/user/sound_lidar_ws/install/sound_interfaces/share/sound_interfaces/msg/SoundEvent.idl
[0.846s] -- Up-to-date symlink: /home/user/sound_lidar_ws/install/sound_interfaces/share/sound_interfaces/msg/SoundEvent.msg
[0.846s] -- Up-to-date symlink: /home/user/sound_lidar_ws/install/sound_interfaces/share/ament_index/resource_index/package_run_dependencies/sound_interfaces
[0.846s] -- Up-to-date symlink: /home/user/sound_lidar_ws/install/sound_interfaces/share/ament_index/resource_index/parent_prefix_path/sound_interfaces
[0.846s] -- Up-to-date symlink: /home/user/sound_lidar_ws/install/sound_interfaces/share/sound_interfaces/environment/ament_prefix_path.sh
[0.847s] -- Up-to-date symlink: /home/user/sound_lidar_ws/install/sound_interfaces/share/sound_interfaces/environment/ament_prefix_path.dsv
[0.847s] -- Up-to-date symlink: /home/user/sound_lidar_ws/install/sound_interfaces/share/sound_interfaces/environment/path.sh
[0.847s] -- Up-to-date symlink: /home/user/sound_lidar_ws/install/sound_interfaces/share/sound_interfaces/environment/path.dsv
[0.847s] -- Up-to-date symlink: /home/user/sound_lidar_ws/install/sound_interfaces/share/sound_interfaces/local_setup.bash
[0.847s] -- Up-to-date symlink: /home/user/sound_lidar_ws/install/sound_interfaces/share/sound_interfaces/local_setup.sh
[0.848s] -- Up-to-date symlink: /home/user/sound_lidar_ws/install/sound_interfaces/share/sound_interfaces/local_setup.zsh
[0.848s] -- Up-to-date symlink: /home/user/sound_lidar_ws/install/sound_interfaces/share/sound_interfaces/local_setup.dsv
[0.848s] -- Symlinking: /home/user/sound_lidar_ws/install/sound_interfaces/share/sound_interfaces/package.dsv
[0.867s] -- Up-to-date symlink: /home/user/sound_lidar_ws/install/sound_interfaces/share/ament_index/resource_index/packages/sound_interfaces
[0.868s] -- Up-to-date symlink: /home/user/sound_lidar_ws/install/sound_interfaces/share/sound_interfaces/cmake/rosidl_cmake-extras.cmake
[0.868s] -- Up-to-date symlink: /home/user/sound_lidar_ws/install/sound_interfaces/share/sound_interfaces/cmake/ament_cmake_export_dependencies-extras.cmake
[0.868s] -- Up-to-date symlink: /home/user/sound_lidar_ws/install/sound_interfaces/share/sound_interfaces/cmake/ament_cmake_export_include_directories-extras.cmake
[0.868s] -- Up-to-date symlink: /home/user/sound_lidar_ws/install/sound_interfaces/share/sound_interfaces/cmake/ament_cmake_export_libraries-extras.cmake
[0.868s] -- Up-to-date symlink: /home/user/sound_lidar_ws/install/sound_interfaces/share/sound_interfaces/cmake/ament_cmake_export_targets-extras.cmake
[0.868s] -- Up-to-date symlink: /home/user/sound_lidar_ws/install/sound_interfaces/share/sound_interfaces/cmake/rosidl_cmake_export_typesupport_targets-extras.cmake
[0.869s] -- Up-to-date symlink: /home/user/sound_lidar_ws/install/sound_interfaces/share/sound_interfaces/cmake/rosidl_cmake_export_typesupport_libraries-extras.cmake
[0.869s] -- Up-to-date symlink: /home/user/sound_lidar_ws/install/sound_interfaces/share/sound_interfaces/cmake/sound_interfacesConfig.cmake
[0.869s] -- Up-to-date symlink: /home/user/sound_lidar_ws/install/sound_interfaces/share/sound_interfaces/cmake/sound_interfacesConfig-version.cmake
[0.869s] -- Up-to-date symlink: /home/user/sound_lidar_ws/install/sound_interfaces/share/sound_interfaces/package.xml
[0.870s] -- Up-to-date: /home/user/sound_lidar_ws/install/sound_interfaces/lib/libsound_interfaces__rosidl_generator_c.so
[0.870s] -- Up-to-date: /home/user/sound_lidar_ws/install/sound_interfaces/lib/libsound_interfaces__rosidl_typesupport_fastrtps_c.so
[0.870s] -- Up-to-date: /home/user/sound_lidar_ws/install/sound_interfaces/lib/libsound_interfaces__rosidl_typesupport_introspection_c.so
[0.871s] -- Up-to-date: /home/user/sound_lidar_ws/install/sound_interfaces/lib/libsound_interfaces__rosidl_typesupport_c.so
[0.872s] -- Up-to-date: /home/user/sound_lidar_ws/install/sound_interfaces/lib/libsound_interfaces__rosidl_typesupport_fastrtps_cpp.so
[0.872s] -- Up-to-date: /home/user/sound_lidar_ws/install/sound_interfaces/lib/libsound_interfaces__rosidl_typesupport_introspection_cpp.so
[0.872s] -- Up-to-date: /home/user/sound_lidar_ws/install/sound_interfaces/lib/libsound_interfaces__rosidl_typesupport_cpp.so
[0.933s] Listing '/home/user/sound_lidar_ws/install/sound_interfaces/lib/python3.12/site-packages/sound_interfaces'...
[0.934s] Listing '/home/user/sound_lidar_ws/install/sound_interfaces/lib/python3.12/site-packages/sound_interfaces/msg'...
[0.947s] -- Up-to-date: /home/user/sound_lidar_ws/install/sound_interfaces/lib/libsound_interfaces__rosidl_generator_py.so
[0.947s] -- Up-to-date: /home/user/sound_lidar_ws/install/sound_interfaces/share/sound_interfaces/cmake/export_sound_interfaces__rosidl_generator_cExport.cmake
[0.947s] -- Up-to-date: /home/user/sound_lidar_ws/install/sound_interfaces/share/sound_interfaces/cmake/export_sound_interfaces__rosidl_generator_cExport-noconfig.cmake
[0.947s] -- Up-to-date: /home/user/sound_lidar_ws/install/sound_interfaces/share/sound_interfaces/cmake/export_sound_interfaces__rosidl_typesupport_fastrtps_cExport.cmake
[0.948s] -- Up-to-date: /home/user/sound_lidar_ws/install/sound_interfaces/share/sound_interfaces/cmake/export_sound_interfaces__rosidl_typesupport_fastrtps_cExport-noconfig.cmake
[0.948s] -- Up-to-date: /home/user/sound_lidar_ws/install/sound_interfaces/share/sound_interfaces/cmake/sound_interfaces__rosidl_typesupport_introspection_cExport.cmake
[0.948s] -- Up-to-date: /home/user/sound_lidar_ws/install/sound_interfaces/share/sound_interfaces/cmake/sound_interfaces__rosidl_typesupport_introspection_cExport-noconfig.cmake
[0.948s] -- Up-to-date: /home/user/sound_lidar_ws/install/sound_interfaces/share/sound_interfaces/cmake/sound_interfaces__rosidl_typesupport_cExport.cmake
[0.948s] -- Up-to-date: /home/user/sound_lidar_ws/install/sound_interfaces/share/sound_interfaces/cmake/sound_interfaces__rosidl_typesupport_cExport-noconfig.cmake
[0.948s] -- Up-to-date: /home/user/sound_lidar_ws/install/sound_interfaces/share/sound_interfaces/cmake/export_sound_interfaces__rosidl_generator_cppExport.cmake
[0.948s] -- Up-to-date: /home/user/sound_lidar_ws/install/sound_interfaces/share/sound_interfaces/cmake/export_sound_interfaces__rosidl_typesupport_fastrtps_cppExport.cmake
[0.948s] -- Up-to-date: /home/user/sound_lidar_ws/install/sound_interfaces/share/sound_interfaces/cmake/export_sound_interfaces__rosidl_typesupport_fastrtps_cppExport-noconfig.cmake
[0.948s] -- Up-to-date: /home/user/sound_lidar_ws/install/sound_interfaces/share/sound_interfaces/cmake/sound_interfaces__rosidl_typesupport_introspection_cppExport.cmake
[0.949s] -- Up-to-date: /home/user/sound_lidar_ws/install/sound_interfaces/share/sound_interfaces/cmake/sound_interfaces__rosidl_typesupport_introspection_cppExport-noconfig.cmake
[0.949s] -- Up-to-date: /home/user/sound_lidar_ws/install/sound_interfaces/share/sound_interfaces/cmake/sound_interfaces__rosidl_typesupport_cppExport.cmake
[0.949s] -- Up-to-date: /home/user/sound_lidar_ws/install/sound_interfaces/share/sound_interfaces/cmake/sound_interfaces__rosidl_typesupport_cppExport-noconfig.cmake
[0.949s] -- Up-to-date: /home/user/sound_lidar_ws/install/sound_interfaces/share/sound_interfaces/cmake/export_sound_interfaces__rosidl_generator_pyExport.cmake
[0.949s] -- Up-to-date: /home/user/sound_lidar_ws/install/sound_interfaces/share/sound_interfaces/cmake/export_sound_interfaces__rosidl_generator_pyExport-noconfig.cmake
[0.952s] Invoked command in '/home/user/sound_lidar_ws/build/sound_interfaces' returned '0': CMAKE_PREFIX_PATH=${CMAKE_PREFIX_PATH}:/home/user/sound_lidar_ws/install/sound_localizer:/home/user/sound_lidar_ws/install/lidar_focus:/opt/ros/jazzy DEBUGINFOD_URLS=https://debuginfod.ubuntu.com /usr/bin/cmake --install /home/user/sound_lidar_ws/build/sound_interfaces
