[0.304s] DEBUG:colcon:Command line arguments: ['/usr/bin/colcon', 'build', '--packages-select', 'lidar_focus']
[0.305s] DEBUG:colcon:Parsed command line arguments: Namespace(log_base=None, log_level=None, verb_name='build', build_base='build', install_base='install', merge_install=False, symlink_install=False, test_result_base=None, continue_on_error=False, executor='parallel', parallel_workers=4, event_handlers=None, ignore_user_meta=False, metas=['./colcon.meta'], base_paths=['.'], packages_ignore=None, packages_ignore_regex=None, paths=None, packages_up_to=None, packages_up_to_regex=None, packages_above=None, packages_above_and_dependencies=None, packages_above_depth=None, packages_select_by_dep=None, packages_skip_by_dep=None, packages_skip_up_to=None, packages_select_build_failed=False, packages_skip_build_finished=False, packages_select_test_failures=False, packages_skip_test_passed=False, packages_select=['lidar_focus'], packages_skip=None, packages_select_regex=None, packages_skip_regex=None, packages_start=None, packages_end=None, allow_overriding=[], cmake_args=None, cmake_target=None, cmake_target_skip_unavailable=False, cmake_clean_cache=False, cmake_clean_first=False, cmake_force_configure=False, ament_cmake_args=None, catkin_cmake_args=None, catkin_skip_building_tests=False, mixin_files=None, mixin=None, verb_parser=<colcon_mixin.mixin.mixin_argument.MixinArgumentDecorator object at 0xffff97b65340>, verb_extension=<colcon_core.verb.build.BuildVerb object at 0xffff97d21b20>, main=<bound method BuildVerb.main of <colcon_core.verb.build.BuildVerb object at 0xffff97d21b20>>, mixin_verb=('build',))
[0.388s] Level 1:colcon.colcon_core.package_discovery:discover_packages(colcon_meta) check parameters
[0.388s] Level 1:colcon.colcon_core.package_discovery:discover_packages(recursive) check parameters
[0.388s] Level 1:colcon.colcon_core.package_discovery:discover_packages(ignore) check parameters
[0.388s] Level 1:colcon.colcon_core.package_discovery:discover_packages(path) check parameters
[0.388s] Level 1:colcon.colcon_core.package_discovery:discover_packages(colcon_meta) discover
[0.389s] Level 1:colcon.colcon_core.package_discovery:discover_packages(recursive) discover
[0.389s] INFO:colcon.colcon_core.package_discovery:Crawling recursively for packages in '/home/user/sound_lidar_ws'
[0.389s] Level 1:colcon.colcon_core.package_identification:_identify(.) by extensions ['ignore', 'ignore_ament_install']
[0.389s] Level 1:colcon.colcon_core.package_identification:_identify(.) by extension 'ignore'
[0.389s] Level 1:colcon.colcon_core.package_identification:_identify(.) by extension 'ignore_ament_install'
[0.389s] Level 1:colcon.colcon_core.package_identification:_identify(.) by extensions ['colcon_pkg']
[0.389s] Level 1:colcon.colcon_core.package_identification:_identify(.) by extension 'colcon_pkg'
[0.389s] Level 1:colcon.colcon_core.package_identification:_identify(.) by extensions ['colcon_meta']
[0.389s] Level 1:colcon.colcon_core.package_identification:_identify(.) by extension 'colcon_meta'
[0.389s] Level 1:colcon.colcon_core.package_identification:_identify(.) by extensions ['ros']
[0.389s] Level 1:colcon.colcon_core.package_identification:_identify(.) by extension 'ros'
[0.430s] Level 1:colcon.colcon_core.package_identification:_identify(.) by extensions ['cmake', 'python']
[0.430s] Level 1:colcon.colcon_core.package_identification:_identify(.) by extension 'cmake'
[0.430s] Level 1:colcon.colcon_core.package_identification:_identify(.) by extension 'python'
[0.430s] Level 1:colcon.colcon_core.package_identification:_identify(.) by extensions ['python_setup_py']
[0.430s] Level 1:colcon.colcon_core.package_identification:_identify(.) by extension 'python_setup_py'
[0.431s] Level 1:colcon.colcon_core.package_identification:_identify(build) by extensions ['ignore', 'ignore_ament_install']
[0.431s] Level 1:colcon.colcon_core.package_identification:_identify(build) by extension 'ignore'
[0.431s] Level 1:colcon.colcon_core.package_identification:_identify(build) ignored
[0.431s] Level 1:colcon.colcon_core.package_identification:_identify(install) by extensions ['ignore', 'ignore_ament_install']
[0.431s] Level 1:colcon.colcon_core.package_identification:_identify(install) by extension 'ignore'
[0.431s] Level 1:colcon.colcon_core.package_identification:_identify(install) ignored
[0.431s] Level 1:colcon.colcon_core.package_identification:_identify(log) by extensions ['ignore', 'ignore_ament_install']
[0.431s] Level 1:colcon.colcon_core.package_identification:_identify(log) by extension 'ignore'
[0.431s] Level 1:colcon.colcon_core.package_identification:_identify(log) ignored
[0.431s] Level 1:colcon.colcon_core.package_identification:_identify(my_lidar_data) by extensions ['ignore', 'ignore_ament_install']
[0.431s] Level 1:colcon.colcon_core.package_identification:_identify(my_lidar_data) by extension 'ignore'
[0.432s] Level 1:colcon.colcon_core.package_identification:_identify(my_lidar_data) by extension 'ignore_ament_install'
[0.432s] Level 1:colcon.colcon_core.package_identification:_identify(my_lidar_data) by extensions ['colcon_pkg']
[0.432s] Level 1:colcon.colcon_core.package_identification:_identify(my_lidar_data) by extension 'colcon_pkg'
[0.432s] Level 1:colcon.colcon_core.package_identification:_identify(my_lidar_data) by extensions ['colcon_meta']
[0.432s] Level 1:colcon.colcon_core.package_identification:_identify(my_lidar_data) by extension 'colcon_meta'
[0.432s] Level 1:colcon.colcon_core.package_identification:_identify(my_lidar_data) by extensions ['ros']
[0.432s] Level 1:colcon.colcon_core.package_identification:_identify(my_lidar_data) by extension 'ros'
[0.432s] Level 1:colcon.colcon_core.package_identification:_identify(my_lidar_data) by extensions ['cmake', 'python']
[0.432s] Level 1:colcon.colcon_core.package_identification:_identify(my_lidar_data) by extension 'cmake'
[0.432s] Level 1:colcon.colcon_core.package_identification:_identify(my_lidar_data) by extension 'python'
[0.432s] Level 1:colcon.colcon_core.package_identification:_identify(my_lidar_data) by extensions ['python_setup_py']
[0.432s] Level 1:colcon.colcon_core.package_identification:_identify(my_lidar_data) by extension 'python_setup_py'
[0.432s] Level 1:colcon.colcon_core.package_identification:_identify(src) by extensions ['ignore', 'ignore_ament_install']
[0.432s] Level 1:colcon.colcon_core.package_identification:_identify(src) by extension 'ignore'
[0.432s] Level 1:colcon.colcon_core.package_identification:_identify(src) by extension 'ignore_ament_install'
[0.432s] Level 1:colcon.colcon_core.package_identification:_identify(src) by extensions ['colcon_pkg']
[0.432s] Level 1:colcon.colcon_core.package_identification:_identify(src) by extension 'colcon_pkg'
[0.432s] Level 1:colcon.colcon_core.package_identification:_identify(src) by extensions ['colcon_meta']
[0.432s] Level 1:colcon.colcon_core.package_identification:_identify(src) by extension 'colcon_meta'
[0.432s] Level 1:colcon.colcon_core.package_identification:_identify(src) by extensions ['ros']
[0.432s] Level 1:colcon.colcon_core.package_identification:_identify(src) by extension 'ros'
[0.433s] Level 1:colcon.colcon_core.package_identification:_identify(src) by extensions ['cmake', 'python']
[0.433s] Level 1:colcon.colcon_core.package_identification:_identify(src) by extension 'cmake'
[0.433s] Level 1:colcon.colcon_core.package_identification:_identify(src) by extension 'python'
[0.433s] Level 1:colcon.colcon_core.package_identification:_identify(src) by extensions ['python_setup_py']
[0.433s] Level 1:colcon.colcon_core.package_identification:_identify(src) by extension 'python_setup_py'
[0.433s] Level 1:colcon.colcon_core.package_identification:_identify(src/lidar_focus) by extensions ['ignore', 'ignore_ament_install']
[0.433s] Level 1:colcon.colcon_core.package_identification:_identify(src/lidar_focus) by extension 'ignore'
[0.433s] Level 1:colcon.colcon_core.package_identification:_identify(src/lidar_focus) by extension 'ignore_ament_install'
[0.433s] Level 1:colcon.colcon_core.package_identification:_identify(src/lidar_focus) by extensions ['colcon_pkg']
[0.433s] Level 1:colcon.colcon_core.package_identification:_identify(src/lidar_focus) by extension 'colcon_pkg'
[0.433s] Level 1:colcon.colcon_core.package_identification:_identify(src/lidar_focus) by extensions ['colcon_meta']
[0.433s] Level 1:colcon.colcon_core.package_identification:_identify(src/lidar_focus) by extension 'colcon_meta'
[0.433s] Level 1:colcon.colcon_core.package_identification:_identify(src/lidar_focus) by extensions ['ros']
[0.433s] Level 1:colcon.colcon_core.package_identification:_identify(src/lidar_focus) by extension 'ros'
[0.437s] DEBUG:colcon.colcon_core.package_identification:Package 'src/lidar_focus' with type 'ros.ament_python' and name 'lidar_focus'
[0.438s] Level 1:colcon.colcon_core.package_identification:_identify(src/sound_interfaces) by extensions ['ignore', 'ignore_ament_install']
[0.438s] Level 1:colcon.colcon_core.package_identification:_identify(src/sound_interfaces) by extension 'ignore'
[0.438s] Level 1:colcon.colcon_core.package_identification:_identify(src/sound_interfaces) by extension 'ignore_ament_install'
[0.438s] Level 1:colcon.colcon_core.package_identification:_identify(src/sound_interfaces) by extensions ['colcon_pkg']
[0.439s] Level 1:colcon.colcon_core.package_identification:_identify(src/sound_interfaces) by extension 'colcon_pkg'
[0.439s] Level 1:colcon.colcon_core.package_identification:_identify(src/sound_interfaces) by extensions ['colcon_meta']
[0.439s] Level 1:colcon.colcon_core.package_identification:_identify(src/sound_interfaces) by extension 'colcon_meta'
[0.439s] Level 1:colcon.colcon_core.package_identification:_identify(src/sound_interfaces) by extensions ['ros']
[0.439s] Level 1:colcon.colcon_core.package_identification:_identify(src/sound_interfaces) by extension 'ros'
[0.440s] DEBUG:colcon.colcon_core.package_identification:Package 'src/sound_interfaces' with type 'ros.ament_cmake' and name 'sound_interfaces'
[0.440s] Level 1:colcon.colcon_core.package_identification:_identify(src/sound_localizer) by extensions ['ignore', 'ignore_ament_install']
[0.440s] Level 1:colcon.colcon_core.package_identification:_identify(src/sound_localizer) by extension 'ignore'
[0.440s] Level 1:colcon.colcon_core.package_identification:_identify(src/sound_localizer) by extension 'ignore_ament_install'
[0.440s] Level 1:colcon.colcon_core.package_identification:_identify(src/sound_localizer) by extensions ['colcon_pkg']
[0.440s] Level 1:colcon.colcon_core.package_identification:_identify(src/sound_localizer) by extension 'colcon_pkg'
[0.440s] Level 1:colcon.colcon_core.package_identification:_identify(src/sound_localizer) by extensions ['colcon_meta']
[0.441s] Level 1:colcon.colcon_core.package_identification:_identify(src/sound_localizer) by extension 'colcon_meta'
[0.441s] Level 1:colcon.colcon_core.package_identification:_identify(src/sound_localizer) by extensions ['ros']
[0.441s] Level 1:colcon.colcon_core.package_identification:_identify(src/sound_localizer) by extension 'ros'
[0.441s] DEBUG:colcon.colcon_core.package_identification:Package 'src/sound_localizer' with type 'ros.ament_python' and name 'sound_localizer'
[0.441s] Level 1:colcon.colcon_core.package_discovery:discover_packages(recursive) using defaults
[0.442s] Level 1:colcon.colcon_core.package_discovery:discover_packages(ignore) discover
[0.442s] Level 1:colcon.colcon_core.package_discovery:discover_packages(ignore) using defaults
[0.442s] Level 1:colcon.colcon_core.package_discovery:discover_packages(path) discover
[0.442s] Level 1:colcon.colcon_core.package_discovery:discover_packages(path) using defaults
[0.471s] INFO:colcon.colcon_core.package_selection:Skipping not selected package 'sound_interfaces' in 'src/sound_interfaces'
[0.472s] INFO:colcon.colcon_core.package_selection:Skipping not selected package 'sound_localizer' in 'src/sound_localizer'
[0.472s] Level 1:colcon.colcon_core.package_discovery:discover_packages(prefix_path) check parameters
[0.472s] Level 1:colcon.colcon_core.package_discovery:discover_packages(prefix_path) discover
[0.476s] DEBUG:colcon.colcon_installed_package_information.package_discovery:Found 3 installed packages in /home/user/ros2_ws/install
[0.477s] DEBUG:colcon.colcon_installed_package_information.package_discovery:Found 3 installed packages in /home/user/sound_lidar_ws/install
[0.479s] DEBUG:colcon.colcon_installed_package_information.package_discovery:Found 337 installed packages in /opt/ros/jazzy
[0.482s] Level 1:colcon.colcon_core.package_discovery:discover_packages(prefix_path) using defaults
[0.556s] Level 5:colcon.colcon_core.verb:set package 'lidar_focus' build argument 'cmake_args' from command line to 'None'
[0.557s] Level 5:colcon.colcon_core.verb:set package 'lidar_focus' build argument 'cmake_target' from command line to 'None'
[0.557s] Level 5:colcon.colcon_core.verb:set package 'lidar_focus' build argument 'cmake_target_skip_unavailable' from command line to 'False'
[0.557s] Level 5:colcon.colcon_core.verb:set package 'lidar_focus' build argument 'cmake_clean_cache' from command line to 'False'
[0.557s] Level 5:colcon.colcon_core.verb:set package 'lidar_focus' build argument 'cmake_clean_first' from command line to 'False'
[0.557s] Level 5:colcon.colcon_core.verb:set package 'lidar_focus' build argument 'cmake_force_configure' from command line to 'False'
[0.557s] Level 5:colcon.colcon_core.verb:set package 'lidar_focus' build argument 'ament_cmake_args' from command line to 'None'
[0.557s] Level 5:colcon.colcon_core.verb:set package 'lidar_focus' build argument 'catkin_cmake_args' from command line to 'None'
[0.557s] Level 5:colcon.colcon_core.verb:set package 'lidar_focus' build argument 'catkin_skip_building_tests' from command line to 'False'
[0.557s] DEBUG:colcon.colcon_core.verb:Building package 'lidar_focus' with the following arguments: {'ament_cmake_args': None, 'build_base': '/home/user/sound_lidar_ws/build/lidar_focus', 'catkin_cmake_args': None, 'catkin_skip_building_tests': False, 'cmake_args': None, 'cmake_clean_cache': False, 'cmake_clean_first': False, 'cmake_force_configure': False, 'cmake_target': None, 'cmake_target_skip_unavailable': False, 'install_base': '/home/user/sound_lidar_ws/install/lidar_focus', 'merge_install': False, 'path': '/home/user/sound_lidar_ws/src/lidar_focus', 'symlink_install': False, 'test_result_base': None}
[0.557s] INFO:colcon.colcon_core.executor:Executing jobs using 'parallel' executor
[0.558s] DEBUG:colcon.colcon_parallel_executor.executor.parallel:run_until_complete
[0.559s] INFO:colcon.colcon_ros.task.ament_python.build:Building ROS package in '/home/user/sound_lidar_ws/src/lidar_focus' with build type 'ament_python'
[0.559s] Level 1:colcon.colcon_core.shell:create_environment_hook('lidar_focus', 'ament_prefix_path')
[0.566s] INFO:colcon.colcon_core.plugin_system:Skipping extension 'colcon_core.shell.bat': Not used on non-Windows systems
[0.566s] INFO:colcon.colcon_core.shell:Creating environment hook '/home/user/sound_lidar_ws/install/lidar_focus/share/lidar_focus/hook/ament_prefix_path.ps1'
[0.568s] INFO:colcon.colcon_core.shell:Creating environment descriptor '/home/user/sound_lidar_ws/install/lidar_focus/share/lidar_focus/hook/ament_prefix_path.dsv'
[0.570s] INFO:colcon.colcon_core.shell:Creating environment hook '/home/user/sound_lidar_ws/install/lidar_focus/share/lidar_focus/hook/ament_prefix_path.sh'
[0.574s] INFO:colcon.colcon_core.shell:Skip shell extension 'powershell' for command environment: Not usable outside of PowerShell
[0.574s] DEBUG:colcon.colcon_core.shell:Skip shell extension 'dsv' for command environment
[1.159s] INFO:colcon.colcon_core.task.python.build:Building Python package in '/home/user/sound_lidar_ws/src/lidar_focus'
[1.160s] INFO:colcon.colcon_core.shell:Skip shell extension 'powershell' for command environment: Not usable outside of PowerShell
[1.160s] DEBUG:colcon.colcon_core.shell:Skip shell extension 'dsv' for command environment
[2.605s] DEBUG:colcon.colcon_core.event_handler.log_command:Invoking command in '/home/user/sound_lidar_ws/build/lidar_focus': CMAKE_PREFIX_PATH=/home/user/sound_lidar_ws/install/sound_interfaces:/home/user/ros2_ws/install/unitree_lidar_ros2:/opt/ros/jazzy/opt/gz_sim_vendor:/opt/ros/jazzy/opt/gz_sensors_vendor:/opt/ros/jazzy/opt/gz_physics_vendor:/opt/ros/jazzy/opt/sdformat_vendor:/opt/ros/jazzy/opt/gz_gui_vendor:/opt/ros/jazzy/opt/gz_transport_vendor:/opt/ros/jazzy/opt/gz_rendering_vendor:/opt/ros/jazzy/opt/gz_plugin_vendor:/opt/ros/jazzy/opt/gz_fuel_tools_vendor:/opt/ros/jazzy/opt/gz_msgs_vendor:/opt/ros/jazzy/opt/gz_common_vendor:/opt/ros/jazzy/opt/gz_math_vendor:/opt/ros/jazzy/opt/gz_utils_vendor:/opt/ros/jazzy/opt/gz_tools_vendor:/opt/ros/jazzy/opt/gz_ogre_next_vendor:/opt/ros/jazzy/opt/gz_dartsim_vendor:/opt/ros/jazzy/opt/gz_cmake_vendor DEBUGINFOD_URLS=https://debuginfod.ubuntu.com PYTHONPATH=/home/user/sound_lidar_ws/build/lidar_focus/prefix_override:/usr/lib/python3/dist-packages/colcon_core/task/python/colcon_distutils_commands:/home/user/sound_lidar_ws/install/lidar_focus/lib/python3.12/site-packages:/home/user/sound_lidar_ws/install/sound_interfaces/lib/python3.12/site-packages:/home/user/sound_lidar_ws/build/sound_localizer:/home/user/sound_lidar_ws/install/sound_localizer/lib/python3.12/site-packages:/home/user/sound_lidar_ws/build/lidar_focus:/home/user/sound_lidar_ws/install/lidar_focus/lib/python3.12/site-packages:/opt/ros/jazzy/lib/python3.12/site-packages /usr/bin/python3 -W ignore:setup.py install is deprecated -W ignore:easy_install command is deprecated setup.py develop --uninstall --editable --build-directory /home/user/sound_lidar_ws/build/lidar_focus/build
[3.832s] DEBUG:colcon.colcon_core.event_handler.log_command:Invoked command in '/home/user/sound_lidar_ws/build/lidar_focus' returned '0': CMAKE_PREFIX_PATH=/home/user/sound_lidar_ws/install/sound_interfaces:/home/user/ros2_ws/install/unitree_lidar_ros2:/opt/ros/jazzy/opt/gz_sim_vendor:/opt/ros/jazzy/opt/gz_sensors_vendor:/opt/ros/jazzy/opt/gz_physics_vendor:/opt/ros/jazzy/opt/sdformat_vendor:/opt/ros/jazzy/opt/gz_gui_vendor:/opt/ros/jazzy/opt/gz_transport_vendor:/opt/ros/jazzy/opt/gz_rendering_vendor:/opt/ros/jazzy/opt/gz_plugin_vendor:/opt/ros/jazzy/opt/gz_fuel_tools_vendor:/opt/ros/jazzy/opt/gz_msgs_vendor:/opt/ros/jazzy/opt/gz_common_vendor:/opt/ros/jazzy/opt/gz_math_vendor:/opt/ros/jazzy/opt/gz_utils_vendor:/opt/ros/jazzy/opt/gz_tools_vendor:/opt/ros/jazzy/opt/gz_ogre_next_vendor:/opt/ros/jazzy/opt/gz_dartsim_vendor:/opt/ros/jazzy/opt/gz_cmake_vendor DEBUGINFOD_URLS=https://debuginfod.ubuntu.com PYTHONPATH=/home/user/sound_lidar_ws/build/lidar_focus/prefix_override:/usr/lib/python3/dist-packages/colcon_core/task/python/colcon_distutils_commands:/home/user/sound_lidar_ws/install/lidar_focus/lib/python3.12/site-packages:/home/user/sound_lidar_ws/install/sound_interfaces/lib/python3.12/site-packages:/home/user/sound_lidar_ws/build/sound_localizer:/home/user/sound_lidar_ws/install/sound_localizer/lib/python3.12/site-packages:/home/user/sound_lidar_ws/build/lidar_focus:/home/user/sound_lidar_ws/install/lidar_focus/lib/python3.12/site-packages:/opt/ros/jazzy/lib/python3.12/site-packages /usr/bin/python3 -W ignore:setup.py install is deprecated -W ignore:easy_install command is deprecated setup.py develop --uninstall --editable --build-directory /home/user/sound_lidar_ws/build/lidar_focus/build
[3.837s] DEBUG:colcon.colcon_core.event_handler.log_command:Invoking command in '/home/user/sound_lidar_ws/src/lidar_focus': CMAKE_PREFIX_PATH=/home/user/sound_lidar_ws/install/sound_interfaces:/home/user/ros2_ws/install/unitree_lidar_ros2:/opt/ros/jazzy/opt/gz_sim_vendor:/opt/ros/jazzy/opt/gz_sensors_vendor:/opt/ros/jazzy/opt/gz_physics_vendor:/opt/ros/jazzy/opt/sdformat_vendor:/opt/ros/jazzy/opt/gz_gui_vendor:/opt/ros/jazzy/opt/gz_transport_vendor:/opt/ros/jazzy/opt/gz_rendering_vendor:/opt/ros/jazzy/opt/gz_plugin_vendor:/opt/ros/jazzy/opt/gz_fuel_tools_vendor:/opt/ros/jazzy/opt/gz_msgs_vendor:/opt/ros/jazzy/opt/gz_common_vendor:/opt/ros/jazzy/opt/gz_math_vendor:/opt/ros/jazzy/opt/gz_utils_vendor:/opt/ros/jazzy/opt/gz_tools_vendor:/opt/ros/jazzy/opt/gz_ogre_next_vendor:/opt/ros/jazzy/opt/gz_dartsim_vendor:/opt/ros/jazzy/opt/gz_cmake_vendor DEBUGINFOD_URLS=https://debuginfod.ubuntu.com PYTHONPATH=/home/user/sound_lidar_ws/build/lidar_focus/prefix_override:/usr/lib/python3/dist-packages/colcon_core/task/python/colcon_distutils_commands:/home/user/sound_lidar_ws/install/lidar_focus/lib/python3.12/site-packages:/home/user/sound_lidar_ws/install/sound_interfaces/lib/python3.12/site-packages:/home/user/sound_lidar_ws/build/sound_localizer:/home/user/sound_lidar_ws/install/sound_localizer/lib/python3.12/site-packages:/home/user/sound_lidar_ws/build/lidar_focus:/home/user/sound_lidar_ws/install/lidar_focus/lib/python3.12/site-packages:/opt/ros/jazzy/lib/python3.12/site-packages /usr/bin/python3 -W ignore:setup.py install is deprecated -W ignore:easy_install command is deprecated setup.py egg_info --egg-base ../../build/lidar_focus build --build-base /home/user/sound_lidar_ws/build/lidar_focus/build install --record /home/user/sound_lidar_ws/build/lidar_focus/install.log --single-version-externally-managed install_data --force
[5.024s] DEBUG:colcon.colcon_core.event_handler.log_command:Invoked command in '/home/user/sound_lidar_ws/src/lidar_focus' returned '0': CMAKE_PREFIX_PATH=/home/user/sound_lidar_ws/install/sound_interfaces:/home/user/ros2_ws/install/unitree_lidar_ros2:/opt/ros/jazzy/opt/gz_sim_vendor:/opt/ros/jazzy/opt/gz_sensors_vendor:/opt/ros/jazzy/opt/gz_physics_vendor:/opt/ros/jazzy/opt/sdformat_vendor:/opt/ros/jazzy/opt/gz_gui_vendor:/opt/ros/jazzy/opt/gz_transport_vendor:/opt/ros/jazzy/opt/gz_rendering_vendor:/opt/ros/jazzy/opt/gz_plugin_vendor:/opt/ros/jazzy/opt/gz_fuel_tools_vendor:/opt/ros/jazzy/opt/gz_msgs_vendor:/opt/ros/jazzy/opt/gz_common_vendor:/opt/ros/jazzy/opt/gz_math_vendor:/opt/ros/jazzy/opt/gz_utils_vendor:/opt/ros/jazzy/opt/gz_tools_vendor:/opt/ros/jazzy/opt/gz_ogre_next_vendor:/opt/ros/jazzy/opt/gz_dartsim_vendor:/opt/ros/jazzy/opt/gz_cmake_vendor DEBUGINFOD_URLS=https://debuginfod.ubuntu.com PYTHONPATH=/home/user/sound_lidar_ws/build/lidar_focus/prefix_override:/usr/lib/python3/dist-packages/colcon_core/task/python/colcon_distutils_commands:/home/user/sound_lidar_ws/install/lidar_focus/lib/python3.12/site-packages:/home/user/sound_lidar_ws/install/sound_interfaces/lib/python3.12/site-packages:/home/user/sound_lidar_ws/build/sound_localizer:/home/user/sound_lidar_ws/install/sound_localizer/lib/python3.12/site-packages:/home/user/sound_lidar_ws/build/lidar_focus:/home/user/sound_lidar_ws/install/lidar_focus/lib/python3.12/site-packages:/opt/ros/jazzy/lib/python3.12/site-packages /usr/bin/python3 -W ignore:setup.py install is deprecated -W ignore:easy_install command is deprecated setup.py egg_info --egg-base ../../build/lidar_focus build --build-base /home/user/sound_lidar_ws/build/lidar_focus/build install --record /home/user/sound_lidar_ws/build/lidar_focus/install.log --single-version-externally-managed install_data --force
[5.028s] Level 1:colcon.colcon_core.environment:checking '/home/user/sound_lidar_ws/install/lidar_focus' for CMake module files
[5.029s] Level 1:colcon.colcon_core.environment:checking '/home/user/sound_lidar_ws/install/lidar_focus' for CMake config files
[5.030s] Level 1:colcon.colcon_core.environment:checking '/home/user/sound_lidar_ws/install/lidar_focus/lib'
[5.030s] Level 1:colcon.colcon_core.environment:checking '/home/user/sound_lidar_ws/install/lidar_focus/bin'
[5.030s] Level 1:colcon.colcon_core.shell:create_environment_hook('lidar_focus', 'path')
[5.031s] INFO:colcon.colcon_core.shell:Creating environment hook '/home/user/sound_lidar_ws/install/lidar_focus/share/lidar_focus/hook/path.ps1'
[5.032s] INFO:colcon.colcon_core.shell:Creating environment descriptor '/home/user/sound_lidar_ws/install/lidar_focus/share/lidar_focus/hook/path.dsv'
[5.034s] INFO:colcon.colcon_core.shell:Creating environment hook '/home/user/sound_lidar_ws/install/lidar_focus/share/lidar_focus/hook/path.sh'
[5.035s] Level 1:colcon.colcon_core.environment:checking '/home/user/sound_lidar_ws/install/lidar_focus/lib/pkgconfig/lidar_focus.pc'
[5.035s] Level 1:colcon.colcon_core.environment:checking '/home/user/sound_lidar_ws/install/lidar_focus/lib/python3.12/site-packages'
[5.036s] Level 1:colcon.colcon_core.shell:create_environment_hook('lidar_focus', 'pythonpath')
[5.036s] INFO:colcon.colcon_core.shell:Creating environment hook '/home/user/sound_lidar_ws/install/lidar_focus/share/lidar_focus/hook/pythonpath.ps1'
[5.038s] INFO:colcon.colcon_core.shell:Creating environment descriptor '/home/user/sound_lidar_ws/install/lidar_focus/share/lidar_focus/hook/pythonpath.dsv'
[5.038s] INFO:colcon.colcon_core.shell:Creating environment hook '/home/user/sound_lidar_ws/install/lidar_focus/share/lidar_focus/hook/pythonpath.sh'
[5.040s] Level 1:colcon.colcon_core.environment:checking '/home/user/sound_lidar_ws/install/lidar_focus/bin'
[5.040s] Level 1:colcon.colcon_core.shell:create_environment_hook('lidar_focus', 'pythonscriptspath')
[5.040s] INFO:colcon.colcon_core.shell:Creating environment hook '/home/user/sound_lidar_ws/install/lidar_focus/share/lidar_focus/hook/pythonscriptspath.ps1'
[5.041s] INFO:colcon.colcon_core.shell:Creating environment descriptor '/home/user/sound_lidar_ws/install/lidar_focus/share/lidar_focus/hook/pythonscriptspath.dsv'
[5.042s] INFO:colcon.colcon_core.shell:Creating environment hook '/home/user/sound_lidar_ws/install/lidar_focus/share/lidar_focus/hook/pythonscriptspath.sh'
[5.043s] Level 1:colcon.colcon_core.environment:create_environment_scripts_only(lidar_focus)
[5.044s] INFO:colcon.colcon_core.shell:Creating package script '/home/user/sound_lidar_ws/install/lidar_focus/share/lidar_focus/package.ps1'
[5.046s] INFO:colcon.colcon_core.shell:Creating package descriptor '/home/user/sound_lidar_ws/install/lidar_focus/share/lidar_focus/package.dsv'
[5.047s] INFO:colcon.colcon_core.shell:Creating package script '/home/user/sound_lidar_ws/install/lidar_focus/share/lidar_focus/package.sh'
[5.051s] INFO:colcon.colcon_core.shell:Creating package script '/home/user/sound_lidar_ws/install/lidar_focus/share/lidar_focus/package.bash'
[5.053s] INFO:colcon.colcon_core.shell:Creating package script '/home/user/sound_lidar_ws/install/lidar_focus/share/lidar_focus/package.zsh'
[5.055s] Level 1:colcon.colcon_core.environment:create_file_with_runtime_dependencies(/home/user/sound_lidar_ws/install/lidar_focus/share/colcon-core/packages/lidar_focus)
[5.056s] DEBUG:colcon.colcon_parallel_executor.executor.parallel:closing loop
[5.057s] DEBUG:colcon.colcon_parallel_executor.executor.parallel:loop closed
[5.057s] DEBUG:colcon.colcon_parallel_executor.executor.parallel:run_until_complete finished with '0'
[5.057s] DEBUG:colcon.colcon_core.event_reactor:joining thread
[5.087s] INFO:colcon.colcon_core.plugin_system:Skipping extension 'colcon_notification.desktop_notification.terminal_notifier': Not used on non-Darwin systems
[5.088s] INFO:colcon.colcon_core.plugin_system:Skipping extension 'colcon_notification.desktop_notification.win32': Not used on non-Windows systems
[5.088s] INFO:colcon.colcon_notification.desktop_notification:Sending desktop notification using 'notify2'
[5.129s] DEBUG:colcon.colcon_core.event_reactor:joined thread
[5.130s] INFO:colcon.colcon_core.shell:Creating prefix script '/home/user/sound_lidar_ws/install/local_setup.ps1'
[5.132s] INFO:colcon.colcon_core.shell:Creating prefix util module '/home/user/sound_lidar_ws/install/_local_setup_util_ps1.py'
[5.134s] INFO:colcon.colcon_core.shell:Creating prefix chain script '/home/user/sound_lidar_ws/install/setup.ps1'
[5.137s] INFO:colcon.colcon_core.shell:Creating prefix script '/home/user/sound_lidar_ws/install/local_setup.sh'
[5.139s] INFO:colcon.colcon_core.shell:Creating prefix util module '/home/user/sound_lidar_ws/install/_local_setup_util_sh.py'
[5.141s] INFO:colcon.colcon_core.shell:Creating prefix chain script '/home/user/sound_lidar_ws/install/setup.sh'
[5.144s] INFO:colcon.colcon_core.shell:Creating prefix script '/home/user/sound_lidar_ws/install/local_setup.bash'
[5.145s] INFO:colcon.colcon_core.shell:Creating prefix chain script '/home/user/sound_lidar_ws/install/setup.bash'
[5.148s] INFO:colcon.colcon_core.shell:Creating prefix script '/home/user/sound_lidar_ws/install/local_setup.zsh'
[5.149s] INFO:colcon.colcon_core.shell:Creating prefix chain script '/home/user/sound_lidar_ws/install/setup.zsh'
