[1.803s] Invoking command in '/home/user/sound_lidar_ws/build/lidar_focus': AMENT_PREFIX_PATH=/home/user/sound_lidar_ws/install/sound_interfaces:${AMENT_PREFIX_PATH} CMAKE_PREFIX_PATH=/home/user/sound_lidar_ws/install/sound_interfaces:${CMAKE_PREFIX_PATH} DEBUGINFOD_URLS=https://debuginfod.ubuntu.com LD_LIBRARY_PATH=/home/user/sound_lidar_ws/install/sound_interfaces/lib:${LD_LIBRARY_PATH} PYTHONPATH=/home/user/sound_lidar_ws/build/lidar_focus/prefix_override:/usr/lib/python3/dist-packages/colcon_core/task/python/colcon_distutils_commands:/home/user/sound_lidar_ws/install/lidar_focus/lib/python3.12/site-packages:/home/user/sound_lidar_ws/install/sound_interfaces/lib/python3.12/site-packages:${PYTHONPATH} /usr/bin/python3 -W ignore:setup.py install is deprecated -W ignore:easy_install command is deprecated setup.py develop --editable --build-directory /home/user/sound_lidar_ws/build/lidar_focus/build --no-deps symlink_data
[2.321s] running develop
[2.605s] running egg_info
[2.631s] writing lidar_focus.egg-info/PKG-INFO
[2.631s] writing dependency_links to lidar_focus.egg-info/dependency_links.txt
[2.633s] writing entry points to lidar_focus.egg-info/entry_points.txt
[2.634s] writing requirements to lidar_focus.egg-info/requires.txt
[2.635s] writing top-level names to lidar_focus.egg-info/top_level.txt
[2.693s] reading manifest file 'lidar_focus.egg-info/SOURCES.txt'
[2.694s] writing manifest file 'lidar_focus.egg-info/SOURCES.txt'
[2.722s] running build_ext
[2.723s] Creating /home/user/sound_lidar_ws/install/lidar_focus/lib/python3.12/site-packages/lidar-focus.egg-link (link to .)
[2.724s] Installing eval_logger_node script to /home/user/sound_lidar_ws/install/lidar_focus/lib/lidar_focus
[2.724s] Installing fall_detection_node script to /home/user/sound_lidar_ws/install/lidar_focus/lib/lidar_focus
[2.724s] Installing ground_removal_node script to /home/user/sound_lidar_ws/install/lidar_focus/lib/lidar_focus
[2.724s] Installing human_bbox_node script to /home/user/sound_lidar_ws/install/lidar_focus/lib/lidar_focus
[2.725s] Installing lidar_focus_node script to /home/user/sound_lidar_ws/install/lidar_focus/lib/lidar_focus
[2.725s] Installing r_calibration_node script to /home/user/sound_lidar_ws/install/lidar_focus/lib/lidar_focus
[2.725s] Installing sound_motion_roi_node script to /home/user/sound_lidar_ws/install/lidar_focus/lib/lidar_focus
[2.725s] 
[2.725s] Installed /home/user/sound_lidar_ws/build/lidar_focus
[2.725s] running symlink_data
[2.904s] Invoked command in '/home/user/sound_lidar_ws/build/lidar_focus' returned '0': AMENT_PREFIX_PATH=/home/user/sound_lidar_ws/install/sound_interfaces:${AMENT_PREFIX_PATH} CMAKE_PREFIX_PATH=/home/user/sound_lidar_ws/install/sound_interfaces:${CMAKE_PREFIX_PATH} DEBUGINFOD_URLS=https://debuginfod.ubuntu.com LD_LIBRARY_PATH=/home/user/sound_lidar_ws/install/sound_interfaces/lib:${LD_LIBRARY_PATH} PYTHONPATH=/home/user/sound_lidar_ws/build/lidar_focus/prefix_override:/usr/lib/python3/dist-packages/colcon_core/task/python/colcon_distutils_commands:/home/user/sound_lidar_ws/install/lidar_focus/lib/python3.12/site-packages:/home/user/sound_lidar_ws/install/sound_interfaces/lib/python3.12/site-packages:${PYTHONPATH} /usr/bin/python3 -W ignore:setup.py install is deprecated -W ignore:easy_install command is deprecated setup.py develop --editable --build-directory /home/user/sound_lidar_ws/build/lidar_focus/build --no-deps symlink_data
