[2.737s] Invoking command in '/home/user/sound_lidar_ws/build/lidar_focus': DEBUGINFOD_URLS=https://debuginfod.ubuntu.com PYTHONPATH=/home/user/sound_lidar_ws/build/lidar_focus/prefix_override:/usr/lib/python3/dist-packages/colcon_core/task/python/colcon_distutils_commands:/home/user/sound_lidar_ws/install/lidar_focus/lib/python3.12/site-packages:/home/user/sound_lidar_ws/install/sound_interfaces/lib/python3.12/site-packages:/home/user/sound_lidar_ws/build/sound_localizer:/home/user/sound_lidar_ws/install/sound_localizer/lib/python3.12/site-packages:/home/user/sound_lidar_ws/build/lidar_focus:/home/user/sound_lidar_ws/install/lidar_focus/lib/python3.12/site-packages:/opt/ros/jazzy/lib/python3.12/site-packages /usr/bin/python3 -W ignore:setup.py install is deprecated -W ignore:easy_install command is deprecated setup.py develop --editable --build-directory /home/user/sound_lidar_ws/build/lidar_focus/build --no-deps symlink_data
[3.623s] running develop
[4.111s] running egg_info
[4.111s] creating lidar_focus.egg-info
[4.165s] writing lidar_focus.egg-info/PKG-INFO
[4.167s] writing dependency_links to lidar_focus.egg-info/dependency_links.txt
[4.167s] writing entry points to lidar_focus.egg-info/entry_points.txt
[4.168s] writing requirements to lidar_focus.egg-info/requires.txt
[4.169s] writing top-level names to lidar_focus.egg-info/top_level.txt
[4.170s] writing manifest file 'lidar_focus.egg-info/SOURCES.txt'
[4.273s] reading manifest file 'lidar_focus.egg-info/SOURCES.txt'
[4.275s] writing manifest file 'lidar_focus.egg-info/SOURCES.txt'
[4.315s] running build_ext
[4.316s] Creating /home/user/sound_lidar_ws/install/lidar_focus/lib/python3.12/site-packages/lidar-focus.egg-link (link to .)
[4.317s] Installing ground_removal_node script to /home/user/sound_lidar_ws/install/lidar_focus/bin
[4.317s] Installing lidar_focus_node script to /home/user/sound_lidar_ws/install/lidar_focus/bin
[4.317s] 
[4.318s] Installed /home/user/sound_lidar_ws/build/lidar_focus
[4.318s] running symlink_data
[4.318s] creating /home/user/sound_lidar_ws/install/lidar_focus/share/ament_index
[4.318s] creating /home/user/sound_lidar_ws/install/lidar_focus/share/ament_index/resource_index
[4.318s] creating /home/user/sound_lidar_ws/install/lidar_focus/share/ament_index/resource_index/packages
[4.318s] symbolically linking /home/user/sound_lidar_ws/build/lidar_focus/resource/lidar_focus -> /home/user/sound_lidar_ws/install/lidar_focus/share/ament_index/resource_index/packages
[4.319s] symbolically linking /home/user/sound_lidar_ws/build/lidar_focus/package.xml -> /home/user/sound_lidar_ws/install/lidar_focus/share/lidar_focus
[4.319s] creating /home/user/sound_lidar_ws/install/lidar_focus/share/lidar_focus/launch
[4.319s] symbolically linking /home/user/sound_lidar_ws/build/lidar_focus/launch/sound_lidar.launch.py -> /home/user/sound_lidar_ws/install/lidar_focus/share/lidar_focus/launch
[4.579s] Invoked command in '/home/user/sound_lidar_ws/build/lidar_focus' returned '0': DEBUGINFOD_URLS=https://debuginfod.ubuntu.com PYTHONPATH=/home/user/sound_lidar_ws/build/lidar_focus/prefix_override:/usr/lib/python3/dist-packages/colcon_core/task/python/colcon_distutils_commands:/home/user/sound_lidar_ws/install/lidar_focus/lib/python3.12/site-packages:/home/user/sound_lidar_ws/install/sound_interfaces/lib/python3.12/site-packages:/home/user/sound_lidar_ws/build/sound_localizer:/home/user/sound_lidar_ws/install/sound_localizer/lib/python3.12/site-packages:/home/user/sound_lidar_ws/build/lidar_focus:/home/user/sound_lidar_ws/install/lidar_focus/lib/python3.12/site-packages:/opt/ros/jazzy/lib/python3.12/site-packages /usr/bin/python3 -W ignore:setup.py install is deprecated -W ignore:easy_install command is deprecated setup.py develop --editable --build-directory /home/user/sound_lidar_ws/build/lidar_focus/build --no-deps symlink_data
