[0.042s] Invoking command in '/home/user/sound_lidar_ws/build/sound_interfaces': CMAKE_PREFIX_PATH=${CMAKE_PREFIX_PATH}:/home/user/sound_lidar_ws/install/sound_localizer:/home/user/sound_lidar_ws/install/lidar_focus:/opt/ros/jazzy DEBUGINFOD_URLS=https://debuginfod.ubuntu.com /usr/bin/cmake --build /home/user/sound_lidar_ws/build/sound_interfaces -- -j4 -l4
[0.213s] [  2%] Built target sound_interfaces__rosidl_generator_type_description
[0.246s] [  2%] Built target ament_cmake_python_symlink_sound_interfaces
[0.280s] [  5%] Built target sound_interfaces__cpp
[0.281s] [ 20%] Built target sound_interfaces__rosidl_generator_c
[0.369s] [ 29%] Built target sound_interfaces__rosidl_typesupport_introspection_c
[0.384s] [ 47%] Built target sound_interfaces__rosidl_typesupport_cpp
[0.384s] [ 47%] Built target sound_interfaces__rosidl_typesupport_fastrtps_c
[0.479s] [ 55%] Built target sound_interfaces__rosidl_typesupport_c
[0.488s] [ 64%] Built target sound_interfaces__rosidl_typesupport_fastrtps_cpp
[0.510s] [ 73%] Built target sound_interfaces__rosidl_typesupport_introspection_cpp
[0.582s] [ 73%] Built target sound_interfaces
[0.664s] [ 76%] Built target sound_interfaces__py
[0.751s] [ 82%] Built target sound_interfaces__rosidl_generator_py
[0.841s] [ 88%] Built target sound_interfaces_s__rosidl_typesupport_c
[0.860s] [ 94%] Built target sound_interfaces_s__rosidl_typesupport_fastrtps_c
[0.863s] [100%] Built target sound_interfaces_s__rosidl_typesupport_introspection_c
[0.961s] running egg_info
[0.998s] writing sound_interfaces.egg-info/PKG-INFO
[0.998s] writing dependency_links to sound_interfaces.egg-info/dependency_links.txt
[1.000s] writing top-level names to sound_interfaces.egg-info/top_level.txt
[1.162s] reading manifest file 'sound_interfaces.egg-info/SOURCES.txt'
[1.165s] writing manifest file 'sound_interfaces.egg-info/SOURCES.txt'
[1.350s] [100%] Built target ament_cmake_python_build_sound_interfaces_egg
[1.388s] Invoked command in '/home/user/sound_lidar_ws/build/sound_interfaces' returned '0': CMAKE_PREFIX_PATH=${CMAKE_PREFIX_PATH}:/home/user/sound_lidar_ws/install/sound_localizer:/home/user/sound_lidar_ws/install/lidar_focus:/opt/ros/jazzy DEBUGINFOD_URLS=https://debuginfod.ubuntu.com /usr/bin/cmake --build /home/user/sound_lidar_ws/build/sound_interfaces -- -j4 -l4
[1.432s] Invoking command in '/home/user/sound_lidar_ws/build/sound_interfaces': CMAKE_PREFIX_PATH=${CMAKE_PREFIX_PATH}:/home/user/sound_lidar_ws/install/sound_localizer:/home/user/sound_lidar_ws/install/lidar_focus:/opt/ros/jazzy DEBUGINFOD_URLS=https://debuginfod.ubuntu.com /usr/bin/cmake --install /home/user/sound_lidar_ws/build/sound_interfaces
[1.460s] -- Install configuration: ""
[1.461s] -- Execute custom install script
[1.462s] -- Up-to-date symlink: /home/user/sound_lidar_ws/install/sound_interfaces/share/ament_index/resource_index/rosidl_interfaces/sound_interfaces
[1.462s] -- Up-to-date symlink: /home/user/sound_lidar_ws/install/sound_interfaces/share/sound_interfaces/msg/SoundEvent.json
[1.463s] -- Up-to-date symlink: /home/user/sound_lidar_ws/install/sound_interfaces/include/sound_interfaces/sound_interfaces/msg/detail/sound_event__functions.h
[1.464s] -- Up-to-date symlink: /home/user/sound_lidar_ws/install/sound_interfaces/include/sound_interfaces/sound_interfaces/msg/detail/sound_event__struct.h
[1.464s] -- Up-to-date symlink: /home/user/sound_lidar_ws/install/sound_interfaces/include/sound_interfaces/sound_interfaces/msg/detail/sound_event__type_support.h
[1.464s] -- Up-to-date symlink: /home/user/sound_lidar_ws/install/sound_interfaces/include/sound_interfaces/sound_interfaces/msg/rosidl_generator_c__visibility_control.h
[1.465s] -- Up-to-date symlink: /home/user/sound_lidar_ws/install/sound_interfaces/include/sound_interfaces/sound_interfaces/msg/sound_event.h
[1.465s] -- Up-to-date symlink: /home/user/sound_lidar_ws/install/sound_interfaces/share/sound_interfaces/environment/library_path.sh
[1.465s] -- Up-to-date symlink: /home/user/sound_lidar_ws/install/sound_interfaces/share/sound_interfaces/environment/library_path.dsv
[1.466s] -- Up-to-date symlink: /home/user/sound_lidar_ws/install/sound_interfaces/include/sound_interfaces/sound_interfaces/msg/detail/sound_event__rosidl_typesupport_fastrtps_c.h
[1.466s] -- Up-to-date symlink: /home/user/sound_lidar_ws/install/sound_interfaces/include/sound_interfaces/sound_interfaces/msg/rosidl_typesupport_fastrtps_c__visibility_control.h
[1.468s] -- Up-to-date symlink: /home/user/sound_lidar_ws/install/sound_interfaces/include/sound_interfaces/sound_interfaces/msg/detail/sound_event__rosidl_typesupport_introspection_c.h
[1.468s] -- Up-to-date symlink: /home/user/sound_lidar_ws/install/sound_interfaces/include/sound_interfaces/sound_interfaces/msg/rosidl_typesupport_introspection_c__visibility_control.h
[1.469s] -- Up-to-date symlink: /home/user/sound_lidar_ws/install/sound_interfaces/include/sound_interfaces/sound_interfaces/msg/detail/sound_event__builder.hpp
[1.470s] -- Up-to-date symlink: /home/user/sound_lidar_ws/install/sound_interfaces/include/sound_interfaces/sound_interfaces/msg/detail/sound_event__struct.hpp
[1.470s] -- Up-to-date symlink: /home/user/sound_lidar_ws/install/sound_interfaces/include/sound_interfaces/sound_interfaces/msg/detail/sound_event__traits.hpp
[1.471s] -- Up-to-date symlink: /home/user/sound_lidar_ws/install/sound_interfaces/include/sound_interfaces/sound_interfaces/msg/detail/sound_event__type_support.hpp
[1.471s] -- Up-to-date symlink: /home/user/sound_lidar_ws/install/sound_interfaces/include/sound_interfaces/sound_interfaces/msg/rosidl_generator_cpp__visibility_control.hpp
[1.471s] -- Up-to-date symlink: /home/user/sound_lidar_ws/install/sound_interfaces/include/sound_interfaces/sound_interfaces/msg/sound_event.hpp
[1.474s] -- Up-to-date symlink: /home/user/sound_lidar_ws/install/sound_interfaces/include/sound_interfaces/sound_interfaces/msg/detail/sound_event__rosidl_typesupport_fastrtps_cpp.hpp
[1.475s] -- Up-to-date symlink: /home/user/sound_lidar_ws/install/sound_interfaces/include/sound_interfaces/sound_interfaces/msg/rosidl_typesupport_fastrtps_cpp__visibility_control.h
[1.476s] -- Up-to-date symlink: /home/user/sound_lidar_ws/install/sound_interfaces/include/sound_interfaces/sound_interfaces/msg/detail/sound_event__rosidl_typesupport_introspection_cpp.hpp
[1.476s] -- Up-to-date symlink: /home/user/sound_lidar_ws/install/sound_interfaces/share/sound_interfaces/environment/pythonpath.sh
[1.476s] -- Up-to-date symlink: /home/user/sound_lidar_ws/install/sound_interfaces/share/sound_interfaces/environment/pythonpath.dsv
[1.477s] -- Up-to-date symlink: /home/user/sound_lidar_ws/install/sound_interfaces/lib/python3.12/site-packages/sound_interfaces-0.1.0-py3.12.egg-info/PKG-INFO
[1.477s] -- Up-to-date symlink: /home/user/sound_lidar_ws/install/sound_interfaces/lib/python3.12/site-packages/sound_interfaces-0.1.0-py3.12.egg-info/SOURCES.txt
[1.477s] -- Up-to-date symlink: /home/user/sound_lidar_ws/install/sound_interfaces/lib/python3.12/site-packages/sound_interfaces-0.1.0-py3.12.egg-info/dependency_links.txt
[1.478s] -- Up-to-date symlink: /home/user/sound_lidar_ws/install/sound_interfaces/lib/python3.12/site-packages/sound_interfaces-0.1.0-py3.12.egg-info/top_level.txt
[1.479s] -- Up-to-date symlink: /home/user/sound_lidar_ws/install/sound_interfaces/lib/python3.12/site-packages/sound_interfaces/__init__.py
[1.479s] -- Up-to-date symlink: /home/user/sound_lidar_ws/install/sound_interfaces/lib/python3.12/site-packages/sound_interfaces/_sound_interfaces_s.ep.rosidl_typesupport_c.c
[1.479s] -- Up-to-date symlink: /home/user/sound_lidar_ws/install/sound_interfaces/lib/python3.12/site-packages/sound_interfaces/_sound_interfaces_s.ep.rosidl_typesupport_fastrtps_c.c
[1.479s] -- Up-to-date symlink: /home/user/sound_lidar_ws/install/sound_interfaces/lib/python3.12/site-packages/sound_interfaces/_sound_interfaces_s.ep.rosidl_typesupport_introspection_c.c
[1.479s] -- Up-to-date symlink: /home/user/sound_lidar_ws/install/sound_interfaces/lib/python3.12/site-packages/sound_interfaces/msg/__init__.py
[1.480s] -- Up-to-date symlink: /home/user/sound_lidar_ws/install/sound_interfaces/lib/python3.12/site-packages/sound_interfaces/msg/_sound_event.py
[1.480s] -- Up-to-date symlink: /home/user/sound_lidar_ws/install/sound_interfaces/lib/python3.12/site-packages/sound_interfaces/msg/_sound_event_s.c
[1.480s] -- Up-to-date symlink: /home/user/sound_lidar_ws/install/sound_interfaces/lib/python3.12/site-packages/sound_interfaces/sound_interfaces_s__rosidl_typesupport_c.so
[1.480s] -- Up-to-date symlink: /home/user/sound_lidar_ws/install/sound_interfaces/lib/python3.12/site-packages/sound_interfaces/sound_interfaces_s__rosidl_typesupport_fastrtps_c.so
[1.480s] -- Up-to-date symlink: /home/user/sound_lidar_ws/install/sound_interfaces/lib/python3.12/site-packages/sound_interfaces/sound_interfaces_s__rosidl_typesupport_introspection_c.so
[1.481s] -- Up-to-date symlink: /home/user/sound_lidar_ws/install/sound_interfaces/lib/python3.12/site-packages/sound_interfaces/sound_interfaces_s__rosidl_typesupport_fastrtps_c.so
[1.481s] -- Up-to-date symlink: /home/user/sound_lidar_ws/install/sound_interfaces/lib/python3.12/site-packages/sound_interfaces/sound_interfaces_s__rosidl_typesupport_introspection_c.so
[1.482s] -- Up-to-date symlink: /home/user/sound_lidar_ws/install/sound_interfaces/lib/python3.12/site-packages/sound_interfaces/sound_interfaces_s__rosidl_typesupport_c.so
[1.482s] -- Up-to-date symlink: /home/user/sound_lidar_ws/install/sound_interfaces/share/sound_interfaces/msg/SoundEvent.idl
[1.484s] -- Up-to-date symlink: /home/user/sound_lidar_ws/install/sound_interfaces/share/sound_interfaces/msg/SoundEvent.msg
[1.484s] -- Up-to-date symlink: /home/user/sound_lidar_ws/install/sound_interfaces/share/ament_index/resource_index/package_run_dependencies/sound_interfaces
[1.485s] -- Up-to-date symlink: /home/user/sound_lidar_ws/install/sound_interfaces/share/ament_index/resource_index/parent_prefix_path/sound_interfaces
[1.485s] -- Up-to-date symlink: /home/user/sound_lidar_ws/install/sound_interfaces/share/sound_interfaces/environment/ament_prefix_path.sh
[1.487s] -- Up-to-date symlink: /home/user/sound_lidar_ws/install/sound_interfaces/share/sound_interfaces/environment/ament_prefix_path.dsv
[1.487s] -- Up-to-date symlink: /home/user/sound_lidar_ws/install/sound_interfaces/share/sound_interfaces/environment/path.sh
[1.487s] -- Up-to-date symlink: /home/user/sound_lidar_ws/install/sound_interfaces/share/sound_interfaces/environment/path.dsv
[1.487s] -- Up-to-date symlink: /home/user/sound_lidar_ws/install/sound_interfaces/share/sound_interfaces/local_setup.bash
[1.487s] -- Up-to-date symlink: /home/user/sound_lidar_ws/install/sound_interfaces/share/sound_interfaces/local_setup.sh
[1.487s] -- Up-to-date symlink: /home/user/sound_lidar_ws/install/sound_interfaces/share/sound_interfaces/local_setup.zsh
[1.487s] -- Up-to-date symlink: /home/user/sound_lidar_ws/install/sound_interfaces/share/sound_interfaces/local_setup.dsv
[1.488s] -- Symlinking: /home/user/sound_lidar_ws/install/sound_interfaces/share/sound_interfaces/package.dsv
[1.527s] -- Up-to-date symlink: /home/user/sound_lidar_ws/install/sound_interfaces/share/ament_index/resource_index/packages/sound_interfaces
[1.528s] -- Up-to-date symlink: /home/user/sound_lidar_ws/install/sound_interfaces/share/sound_interfaces/cmake/rosidl_cmake-extras.cmake
[1.528s] -- Up-to-date symlink: /home/user/sound_lidar_ws/install/sound_interfaces/share/sound_interfaces/cmake/ament_cmake_export_dependencies-extras.cmake
[1.528s] -- Up-to-date symlink: /home/user/sound_lidar_ws/install/sound_interfaces/share/sound_interfaces/cmake/ament_cmake_export_include_directories-extras.cmake
[1.528s] -- Up-to-date symlink: /home/user/sound_lidar_ws/install/sound_interfaces/share/sound_interfaces/cmake/ament_cmake_export_libraries-extras.cmake
[1.529s] -- Up-to-date symlink: /home/user/sound_lidar_ws/install/sound_interfaces/share/sound_interfaces/cmake/ament_cmake_export_targets-extras.cmake
[1.529s] -- Up-to-date symlink: /home/user/sound_lidar_ws/install/sound_interfaces/share/sound_interfaces/cmake/rosidl_cmake_export_typesupport_targets-extras.cmake
[1.529s] -- Up-to-date symlink: /home/user/sound_lidar_ws/install/sound_interfaces/share/sound_interfaces/cmake/rosidl_cmake_export_typesupport_libraries-extras.cmake
[1.530s] -- Up-to-date symlink: /home/user/sound_lidar_ws/install/sound_interfaces/share/sound_interfaces/cmake/sound_interfacesConfig.cmake
[1.530s] -- Up-to-date symlink: /home/user/sound_lidar_ws/install/sound_interfaces/share/sound_interfaces/cmake/sound_interfacesConfig-version.cmake
[1.531s] -- Up-to-date symlink: /home/user/sound_lidar_ws/install/sound_interfaces/share/sound_interfaces/package.xml
[1.531s] -- Up-to-date: /home/user/sound_lidar_ws/install/sound_interfaces/lib/libsound_interfaces__rosidl_generator_c.so
[1.532s] -- Up-to-date: /home/user/sound_lidar_ws/install/sound_interfaces/lib/libsound_interfaces__rosidl_typesupport_fastrtps_c.so
[1.532s] -- Up-to-date: /home/user/sound_lidar_ws/install/sound_interfaces/lib/libsound_interfaces__rosidl_typesupport_introspection_c.so
[1.533s] -- Up-to-date: /home/user/sound_lidar_ws/install/sound_interfaces/lib/libsound_interfaces__rosidl_typesupport_c.so
[1.533s] -- Up-to-date: /home/user/sound_lidar_ws/install/sound_interfaces/lib/libsound_interfaces__rosidl_typesupport_fastrtps_cpp.so
[1.534s] -- Up-to-date: /home/user/sound_lidar_ws/install/sound_interfaces/lib/libsound_interfaces__rosidl_typesupport_introspection_cpp.so
[1.534s] -- Up-to-date: /home/user/sound_lidar_ws/install/sound_interfaces/lib/libsound_interfaces__rosidl_typesupport_cpp.so
[1.648s] Listing '/home/user/sound_lidar_ws/install/sound_interfaces/lib/python3.12/site-packages/sound_interfaces'...
[1.648s] Listing '/home/user/sound_lidar_ws/install/sound_interfaces/lib/python3.12/site-packages/sound_interfaces/msg'...
[1.675s] -- Up-to-date: /home/user/sound_lidar_ws/install/sound_interfaces/lib/libsound_interfaces__rosidl_generator_py.so
[1.675s] -- Up-to-date: /home/user/sound_lidar_ws/install/sound_interfaces/share/sound_interfaces/cmake/export_sound_interfaces__rosidl_generator_cExport.cmake
[1.676s] -- Up-to-date: /home/user/sound_lidar_ws/install/sound_interfaces/share/sound_interfaces/cmake/export_sound_interfaces__rosidl_generator_cExport-noconfig.cmake
[1.676s] -- Up-to-date: /home/user/sound_lidar_ws/install/sound_interfaces/share/sound_interfaces/cmake/export_sound_interfaces__rosidl_typesupport_fastrtps_cExport.cmake
[1.676s] -- Up-to-date: /home/user/sound_lidar_ws/install/sound_interfaces/share/sound_interfaces/cmake/export_sound_interfaces__rosidl_typesupport_fastrtps_cExport-noconfig.cmake
[1.677s] -- Up-to-date: /home/user/sound_lidar_ws/install/sound_interfaces/share/sound_interfaces/cmake/sound_interfaces__rosidl_typesupport_introspection_cExport.cmake
[1.677s] -- Up-to-date: /home/user/sound_lidar_ws/install/sound_interfaces/share/sound_interfaces/cmake/sound_interfaces__rosidl_typesupport_introspection_cExport-noconfig.cmake
[1.678s] -- Up-to-date: /home/user/sound_lidar_ws/install/sound_interfaces/share/sound_interfaces/cmake/sound_interfaces__rosidl_typesupport_cExport.cmake
[1.678s] -- Up-to-date: /home/user/sound_lidar_ws/install/sound_interfaces/share/sound_interfaces/cmake/sound_interfaces__rosidl_typesupport_cExport-noconfig.cmake
[1.678s] -- Up-to-date: /home/user/sound_lidar_ws/install/sound_interfaces/share/sound_interfaces/cmake/export_sound_interfaces__rosidl_generator_cppExport.cmake
[1.678s] -- Up-to-date: /home/user/sound_lidar_ws/install/sound_interfaces/share/sound_interfaces/cmake/export_sound_interfaces__rosidl_typesupport_fastrtps_cppExport.cmake
[1.678s] -- Up-to-date: /home/user/sound_lidar_ws/install/sound_interfaces/share/sound_interfaces/cmake/export_sound_interfaces__rosidl_typesupport_fastrtps_cppExport-noconfig.cmake
[1.679s] -- Up-to-date: /home/user/sound_lidar_ws/install/sound_interfaces/share/sound_interfaces/cmake/sound_interfaces__rosidl_typesupport_introspection_cppExport.cmake
[1.679s] -- Up-to-date: /home/user/sound_lidar_ws/install/sound_interfaces/share/sound_interfaces/cmake/sound_interfaces__rosidl_typesupport_introspection_cppExport-noconfig.cmake
[1.679s] -- Up-to-date: /home/user/sound_lidar_ws/install/sound_interfaces/share/sound_interfaces/cmake/sound_interfaces__rosidl_typesupport_cppExport.cmake
[1.679s] -- Up-to-date: /home/user/sound_lidar_ws/install/sound_interfaces/share/sound_interfaces/cmake/sound_interfaces__rosidl_typesupport_cppExport-noconfig.cmake
[1.679s] -- Up-to-date: /home/user/sound_lidar_ws/install/sound_interfaces/share/sound_interfaces/cmake/export_sound_interfaces__rosidl_generator_pyExport.cmake
[1.679s] -- Up-to-date: /home/user/sound_lidar_ws/install/sound_interfaces/share/sound_interfaces/cmake/export_sound_interfaces__rosidl_generator_pyExport-noconfig.cmake
[1.685s] Invoked command in '/home/user/sound_lidar_ws/build/sound_interfaces' returned '0': CMAKE_PREFIX_PATH=${CMAKE_PREFIX_PATH}:/home/user/sound_lidar_ws/install/sound_localizer:/home/user/sound_lidar_ws/install/lidar_focus:/opt/ros/jazzy DEBUGINFOD_URLS=https://debuginfod.ubuntu.com /usr/bin/cmake --install /home/user/sound_lidar_ws/build/sound_interfaces
