[0.026s] Invoking command in '/home/user/sound_lidar_ws/build/sound_interfaces': CMAKE_PREFIX_PATH=${CMAKE_PREFIX_PATH}:/home/user/sound_lidar_ws/install/sound_localizer:/home/user/sound_lidar_ws/install/lidar_focus:/opt/ros/jazzy DEBUGINFOD_URLS=https://debuginfod.ubuntu.com /usr/bin/cmake --build /home/user/sound_lidar_ws/build/sound_interfaces -- -j4 -l4
[0.158s] [  2%] Built target sound_interfaces__rosidl_generator_type_description
[0.185s] [  2%] Built target ament_cmake_python_symlink_sound_interfaces
[0.221s] [  5%] Built target sound_interfaces__cpp
[0.224s] [ 20%] Built target sound_interfaces__rosidl_generator_c
[0.309s] [ 29%] Built target sound_interfaces__rosidl_typesupport_introspection_cpp
[0.314s] [ 38%] Built target sound_interfaces__rosidl_typesupport_cpp
[0.335s] [ 47%] Built target sound_interfaces__rosidl_typesupport_fastrtps_cpp
[0.418s] [ 55%] Built target sound_interfaces__rosidl_typesupport_introspection_c
[0.429s] [ 64%] Built target sound_interfaces__rosidl_typesupport_fastrtps_c
[0.439s] [ 73%] Built target sound_interfaces__rosidl_typesupport_c
[0.515s] [ 73%] Built target sound_interfaces
[0.584s] [ 76%] Built target sound_interfaces__py
[0.656s] [ 82%] Built target sound_interfaces__rosidl_generator_py
[0.733s] [ 88%] Built target sound_interfaces_s__rosidl_typesupport_c
[0.749s] [ 94%] Built target sound_interfaces_s__rosidl_typesupport_fastrtps_c
[0.768s] [100%] Built target sound_interfaces_s__rosidl_typesupport_introspection_c
[0.839s] running egg_info
[0.870s] writing sound_interfaces.egg-info/PKG-INFO
[0.870s] writing dependency_links to sound_interfaces.egg-info/dependency_links.txt
[0.872s] writing top-level names to sound_interfaces.egg-info/top_level.txt
[0.964s] reading manifest file 'sound_interfaces.egg-info/SOURCES.txt'
[0.965s] writing manifest file 'sound_interfaces.egg-info/SOURCES.txt'
[1.061s] [100%] Built target ament_cmake_python_build_sound_interfaces_egg
[1.086s] Invoked command in '/home/user/sound_lidar_ws/build/sound_interfaces' returned '0': CMAKE_PREFIX_PATH=${CMAKE_PREFIX_PATH}:/home/user/sound_lidar_ws/install/sound_localizer:/home/user/sound_lidar_ws/install/lidar_focus:/opt/ros/jazzy DEBUGINFOD_URLS=https://debuginfod.ubuntu.com /usr/bin/cmake --build /home/user/sound_lidar_ws/build/sound_interfaces -- -j4 -l4
[1.112s] Invoking command in '/home/user/sound_lidar_ws/build/sound_interfaces': CMAKE_PREFIX_PATH=${CMAKE_PREFIX_PATH}:/home/user/sound_lidar_ws/install/sound_localizer:/home/user/sound_lidar_ws/install/lidar_focus:/opt/ros/jazzy DEBUGINFOD_URLS=https://debuginfod.ubuntu.com /usr/bin/cmake --install /home/user/sound_lidar_ws/build/sound_interfaces
[1.135s] -- Install configuration: ""
[1.136s] -- Execute custom install script
[1.136s] -- Up-to-date symlink: /home/user/sound_lidar_ws/install/sound_interfaces/share/ament_index/resource_index/rosidl_interfaces/sound_interfaces
[1.136s] -- Up-to-date symlink: /home/user/sound_lidar_ws/install/sound_interfaces/share/sound_interfaces/msg/SoundEvent.json
[1.137s] -- Up-to-date symlink: /home/user/sound_lidar_ws/install/sound_interfaces/include/sound_interfaces/sound_interfaces/msg/detail/sound_event__functions.h
[1.137s] -- Up-to-date symlink: /home/user/sound_lidar_ws/install/sound_interfaces/include/sound_interfaces/sound_interfaces/msg/detail/sound_event__struct.h
[1.137s] -- Up-to-date symlink: /home/user/sound_lidar_ws/install/sound_interfaces/include/sound_interfaces/sound_interfaces/msg/detail/sound_event__type_support.h
[1.137s] -- Up-to-date symlink: /home/user/sound_lidar_ws/install/sound_interfaces/include/sound_interfaces/sound_interfaces/msg/rosidl_generator_c__visibility_control.h
[1.137s] -- Up-to-date symlink: /home/user/sound_lidar_ws/install/sound_interfaces/include/sound_interfaces/sound_interfaces/msg/sound_event.h
[1.137s] -- Up-to-date symlink: /home/user/sound_lidar_ws/install/sound_interfaces/share/sound_interfaces/environment/library_path.sh
[1.138s] -- Up-to-date symlink: /home/user/sound_lidar_ws/install/sound_interfaces/share/sound_interfaces/environment/library_path.dsv
[1.138s] -- Up-to-date symlink: /home/user/sound_lidar_ws/install/sound_interfaces/include/sound_interfaces/sound_interfaces/msg/detail/sound_event__rosidl_typesupport_fastrtps_c.h
[1.138s] -- Up-to-date symlink: /home/user/sound_lidar_ws/install/sound_interfaces/include/sound_interfaces/sound_interfaces/msg/rosidl_typesupport_fastrtps_c__visibility_control.h
[1.139s] -- Up-to-date symlink: /home/user/sound_lidar_ws/install/sound_interfaces/include/sound_interfaces/sound_interfaces/msg/detail/sound_event__rosidl_typesupport_introspection_c.h
[1.139s] -- Up-to-date symlink: /home/user/sound_lidar_ws/install/sound_interfaces/include/sound_interfaces/sound_interfaces/msg/rosidl_typesupport_introspection_c__visibility_control.h
[1.139s] -- Up-to-date symlink: /home/user/sound_lidar_ws/install/sound_interfaces/include/sound_interfaces/sound_interfaces/msg/detail/sound_event__builder.hpp
[1.140s] -- Up-to-date symlink: /home/user/sound_lidar_ws/install/sound_interfaces/include/sound_interfaces/sound_interfaces/msg/detail/sound_event__struct.hpp
[1.140s] -- Up-to-date symlink: /home/user/sound_lidar_ws/install/sound_interfaces/include/sound_interfaces/sound_interfaces/msg/detail/sound_event__traits.hpp
[1.140s] -- Up-to-date symlink: /home/user/sound_lidar_ws/install/sound_interfaces/include/sound_interfaces/sound_interfaces/msg/detail/sound_event__type_support.hpp
[1.140s] -- Up-to-date symlink: /home/user/sound_lidar_ws/install/sound_interfaces/include/sound_interfaces/sound_interfaces/msg/rosidl_generator_cpp__visibility_control.hpp
[1.140s] -- Up-to-date symlink: /home/user/sound_lidar_ws/install/sound_interfaces/include/sound_interfaces/sound_interfaces/msg/sound_event.hpp
[1.141s] -- Up-to-date symlink: /home/user/sound_lidar_ws/install/sound_interfaces/include/sound_interfaces/sound_interfaces/msg/detail/sound_event__rosidl_typesupport_fastrtps_cpp.hpp
[1.141s] -- Up-to-date symlink: /home/user/sound_lidar_ws/install/sound_interfaces/include/sound_interfaces/sound_interfaces/msg/rosidl_typesupport_fastrtps_cpp__visibility_control.h
[1.141s] -- Up-to-date symlink: /home/user/sound_lidar_ws/install/sound_interfaces/include/sound_interfaces/sound_interfaces/msg/detail/sound_event__rosidl_typesupport_introspection_cpp.hpp
[1.141s] -- Up-to-date symlink: /home/user/sound_lidar_ws/install/sound_interfaces/share/sound_interfaces/environment/pythonpath.sh
[1.142s] -- Up-to-date symlink: /home/user/sound_lidar_ws/install/sound_interfaces/share/sound_interfaces/environment/pythonpath.dsv
[1.142s] -- Up-to-date symlink: /home/user/sound_lidar_ws/install/sound_interfaces/lib/python3.12/site-packages/sound_interfaces-0.1.0-py3.12.egg-info/PKG-INFO
[1.142s] -- Up-to-date symlink: /home/user/sound_lidar_ws/install/sound_interfaces/lib/python3.12/site-packages/sound_interfaces-0.1.0-py3.12.egg-info/SOURCES.txt
[1.142s] -- Up-to-date symlink: /home/user/sound_lidar_ws/install/sound_interfaces/lib/python3.12/site-packages/sound_interfaces-0.1.0-py3.12.egg-info/dependency_links.txt
[1.142s] -- Up-to-date symlink: /home/user/sound_lidar_ws/install/sound_interfaces/lib/python3.12/site-packages/sound_interfaces-0.1.0-py3.12.egg-info/top_level.txt
[1.143s] -- Up-to-date symlink: /home/user/sound_lidar_ws/install/sound_interfaces/lib/python3.12/site-packages/sound_interfaces/__init__.py
[1.143s] -- Up-to-date symlink: /home/user/sound_lidar_ws/install/sound_interfaces/lib/python3.12/site-packages/sound_interfaces/_sound_interfaces_s.ep.rosidl_typesupport_c.c
[1.143s] -- Up-to-date symlink: /home/user/sound_lidar_ws/install/sound_interfaces/lib/python3.12/site-packages/sound_interfaces/_sound_interfaces_s.ep.rosidl_typesupport_fastrtps_c.c
[1.143s] -- Up-to-date symlink: /home/user/sound_lidar_ws/install/sound_interfaces/lib/python3.12/site-packages/sound_interfaces/_sound_interfaces_s.ep.rosidl_typesupport_introspection_c.c
[1.144s] -- Up-to-date symlink: /home/user/sound_lidar_ws/install/sound_interfaces/lib/python3.12/site-packages/sound_interfaces/msg/__init__.py
[1.144s] -- Up-to-date symlink: /home/user/sound_lidar_ws/install/sound_interfaces/lib/python3.12/site-packages/sound_interfaces/msg/_sound_event.py
[1.144s] -- Up-to-date symlink: /home/user/sound_lidar_ws/install/sound_interfaces/lib/python3.12/site-packages/sound_interfaces/msg/_sound_event_s.c
[1.144s] -- Up-to-date symlink: /home/user/sound_lidar_ws/install/sound_interfaces/lib/python3.12/site-packages/sound_interfaces/sound_interfaces_s__rosidl_typesupport_c.so
[1.144s] -- Up-to-date symlink: /home/user/sound_lidar_ws/install/sound_interfaces/lib/python3.12/site-packages/sound_interfaces/sound_interfaces_s__rosidl_typesupport_fastrtps_c.so
[1.144s] -- Up-to-date symlink: /home/user/sound_lidar_ws/install/sound_interfaces/lib/python3.12/site-packages/sound_interfaces/sound_interfaces_s__rosidl_typesupport_introspection_c.so
[1.145s] -- Up-to-date symlink: /home/user/sound_lidar_ws/install/sound_interfaces/lib/python3.12/site-packages/sound_interfaces/sound_interfaces_s__rosidl_typesupport_fastrtps_c.so
[1.145s] -- Up-to-date symlink: /home/user/sound_lidar_ws/install/sound_interfaces/lib/python3.12/site-packages/sound_interfaces/sound_interfaces_s__rosidl_typesupport_introspection_c.so
[1.145s] -- Up-to-date symlink: /home/user/sound_lidar_ws/install/sound_interfaces/lib/python3.12/site-packages/sound_interfaces/sound_interfaces_s__rosidl_typesupport_c.so
[1.146s] -- Up-to-date symlink: /home/user/sound_lidar_ws/install/sound_interfaces/share/sound_interfaces/msg/SoundEvent.idl
[1.146s] -- Up-to-date symlink: /home/user/sound_lidar_ws/install/sound_interfaces/share/sound_interfaces/msg/SoundEvent.msg
[1.146s] -- Up-to-date symlink: /home/user/sound_lidar_ws/install/sound_interfaces/share/ament_index/resource_index/package_run_dependencies/sound_interfaces
[1.146s] -- Up-to-date symlink: /home/user/sound_lidar_ws/install/sound_interfaces/share/ament_index/resource_index/parent_prefix_path/sound_interfaces
[1.146s] -- Up-to-date symlink: /home/user/sound_lidar_ws/install/sound_interfaces/share/sound_interfaces/environment/ament_prefix_path.sh
[1.147s] -- Up-to-date symlink: /home/user/sound_lidar_ws/install/sound_interfaces/share/sound_interfaces/environment/ament_prefix_path.dsv
[1.147s] -- Up-to-date symlink: /home/user/sound_lidar_ws/install/sound_interfaces/share/sound_interfaces/environment/path.sh
[1.147s] -- Up-to-date symlink: /home/user/sound_lidar_ws/install/sound_interfaces/share/sound_interfaces/environment/path.dsv
[1.147s] -- Up-to-date symlink: /home/user/sound_lidar_ws/install/sound_interfaces/share/sound_interfaces/local_setup.bash
[1.147s] -- Up-to-date symlink: /home/user/sound_lidar_ws/install/sound_interfaces/share/sound_interfaces/local_setup.sh
[1.148s] -- Up-to-date symlink: /home/user/sound_lidar_ws/install/sound_interfaces/share/sound_interfaces/local_setup.zsh
[1.148s] -- Up-to-date symlink: /home/user/sound_lidar_ws/install/sound_interfaces/share/sound_interfaces/local_setup.dsv
[1.148s] -- Symlinking: /home/user/sound_lidar_ws/install/sound_interfaces/share/sound_interfaces/package.dsv
[1.169s] -- Up-to-date symlink: /home/user/sound_lidar_ws/install/sound_interfaces/share/ament_index/resource_index/packages/sound_interfaces
[1.169s] -- Up-to-date symlink: /home/user/sound_lidar_ws/install/sound_interfaces/share/sound_interfaces/cmake/rosidl_cmake-extras.cmake
[1.169s] -- Up-to-date symlink: /home/user/sound_lidar_ws/install/sound_interfaces/share/sound_interfaces/cmake/ament_cmake_export_dependencies-extras.cmake
[1.169s] -- Up-to-date symlink: /home/user/sound_lidar_ws/install/sound_interfaces/share/sound_interfaces/cmake/ament_cmake_export_include_directories-extras.cmake
[1.169s] -- Up-to-date symlink: /home/user/sound_lidar_ws/install/sound_interfaces/share/sound_interfaces/cmake/ament_cmake_export_libraries-extras.cmake
[1.169s] -- Up-to-date symlink: /home/user/sound_lidar_ws/install/sound_interfaces/share/sound_interfaces/cmake/ament_cmake_export_targets-extras.cmake
[1.169s] -- Up-to-date symlink: /home/user/sound_lidar_ws/install/sound_interfaces/share/sound_interfaces/cmake/rosidl_cmake_export_typesupport_targets-extras.cmake
[1.170s] -- Up-to-date symlink: /home/user/sound_lidar_ws/install/sound_interfaces/share/sound_interfaces/cmake/rosidl_cmake_export_typesupport_libraries-extras.cmake
[1.170s] -- Up-to-date symlink: /home/user/sound_lidar_ws/install/sound_interfaces/share/sound_interfaces/cmake/sound_interfacesConfig.cmake
[1.170s] -- Up-to-date symlink: /home/user/sound_lidar_ws/install/sound_interfaces/share/sound_interfaces/cmake/sound_interfacesConfig-version.cmake
[1.170s] -- Up-to-date symlink: /home/user/sound_lidar_ws/install/sound_interfaces/share/sound_interfaces/package.xml
[1.171s] -- Up-to-date: /home/user/sound_lidar_ws/install/sound_interfaces/lib/libsound_interfaces__rosidl_generator_c.so
[1.171s] -- Up-to-date: /home/user/sound_lidar_ws/install/sound_interfaces/lib/libsound_interfaces__rosidl_typesupport_fastrtps_c.so
[1.171s] -- Up-to-date: /home/user/sound_lidar_ws/install/sound_interfaces/lib/libsound_interfaces__rosidl_typesupport_introspection_c.so
[1.172s] -- Up-to-date: /home/user/sound_lidar_ws/install/sound_interfaces/lib/libsound_interfaces__rosidl_typesupport_c.so
[1.172s] -- Up-to-date: /home/user/sound_lidar_ws/install/sound_interfaces/lib/libsound_interfaces__rosidl_typesupport_fastrtps_cpp.so
[1.173s] -- Up-to-date: /home/user/sound_lidar_ws/install/sound_interfaces/lib/libsound_interfaces__rosidl_typesupport_introspection_cpp.so
[1.173s] -- Up-to-date: /home/user/sound_lidar_ws/install/sound_interfaces/lib/libsound_interfaces__rosidl_typesupport_cpp.so
[1.239s] Listing '/home/user/sound_lidar_ws/install/sound_interfaces/lib/python3.12/site-packages/sound_interfaces'...
[1.239s] Listing '/home/user/sound_lidar_ws/install/sound_interfaces/lib/python3.12/site-packages/sound_interfaces/msg'...
[1.252s] -- Up-to-date: /home/user/sound_lidar_ws/install/sound_interfaces/lib/libsound_interfaces__rosidl_generator_py.so
[1.252s] -- Up-to-date: /home/user/sound_lidar_ws/install/sound_interfaces/share/sound_interfaces/cmake/export_sound_interfaces__rosidl_generator_cExport.cmake
[1.252s] -- Up-to-date: /home/user/sound_lidar_ws/install/sound_interfaces/share/sound_interfaces/cmake/export_sound_interfaces__rosidl_generator_cExport-noconfig.cmake
[1.252s] -- Up-to-date: /home/user/sound_lidar_ws/install/sound_interfaces/share/sound_interfaces/cmake/export_sound_interfaces__rosidl_typesupport_fastrtps_cExport.cmake
[1.252s] -- Up-to-date: /home/user/sound_lidar_ws/install/sound_interfaces/share/sound_interfaces/cmake/export_sound_interfaces__rosidl_typesupport_fastrtps_cExport-noconfig.cmake
[1.252s] -- Up-to-date: /home/user/sound_lidar_ws/install/sound_interfaces/share/sound_interfaces/cmake/sound_interfaces__rosidl_typesupport_introspection_cExport.cmake
[1.253s] -- Up-to-date: /home/user/sound_lidar_ws/install/sound_interfaces/share/sound_interfaces/cmake/sound_interfaces__rosidl_typesupport_introspection_cExport-noconfig.cmake
[1.253s] -- Up-to-date: /home/user/sound_lidar_ws/install/sound_interfaces/share/sound_interfaces/cmake/sound_interfaces__rosidl_typesupport_cExport.cmake
[1.253s] -- Up-to-date: /home/user/sound_lidar_ws/install/sound_interfaces/share/sound_interfaces/cmake/sound_interfaces__rosidl_typesupport_cExport-noconfig.cmake
[1.253s] -- Up-to-date: /home/user/sound_lidar_ws/install/sound_interfaces/share/sound_interfaces/cmake/export_sound_interfaces__rosidl_generator_cppExport.cmake
[1.253s] -- Up-to-date: /home/user/sound_lidar_ws/install/sound_interfaces/share/sound_interfaces/cmake/export_sound_interfaces__rosidl_typesupport_fastrtps_cppExport.cmake
[1.253s] -- Up-to-date: /home/user/sound_lidar_ws/install/sound_interfaces/share/sound_interfaces/cmake/export_sound_interfaces__rosidl_typesupport_fastrtps_cppExport-noconfig.cmake
[1.253s] -- Up-to-date: /home/user/sound_lidar_ws/install/sound_interfaces/share/sound_interfaces/cmake/sound_interfaces__rosidl_typesupport_introspection_cppExport.cmake
[1.253s] -- Up-to-date: /home/user/sound_lidar_ws/install/sound_interfaces/share/sound_interfaces/cmake/sound_interfaces__rosidl_typesupport_introspection_cppExport-noconfig.cmake
[1.253s] -- Up-to-date: /home/user/sound_lidar_ws/install/sound_interfaces/share/sound_interfaces/cmake/sound_interfaces__rosidl_typesupport_cppExport.cmake
[1.253s] -- Up-to-date: /home/user/sound_lidar_ws/install/sound_interfaces/share/sound_interfaces/cmake/sound_interfaces__rosidl_typesupport_cppExport-noconfig.cmake
[1.254s] -- Up-to-date: /home/user/sound_lidar_ws/install/sound_interfaces/share/sound_interfaces/cmake/export_sound_interfaces__rosidl_generator_pyExport.cmake
[1.254s] -- Up-to-date: /home/user/sound_lidar_ws/install/sound_interfaces/share/sound_interfaces/cmake/export_sound_interfaces__rosidl_generator_pyExport-noconfig.cmake
[1.258s] Invoked command in '/home/user/sound_lidar_ws/build/sound_interfaces' returned '0': CMAKE_PREFIX_PATH=${CMAKE_PREFIX_PATH}:/home/user/sound_lidar_ws/install/sound_localizer:/home/user/sound_lidar_ws/install/lidar_focus:/opt/ros/jazzy DEBUGINFOD_URLS=https://debuginfod.ubuntu.com /usr/bin/cmake --install /home/user/sound_lidar_ws/build/sound_interfaces
