[0.161s] DEBUG:colcon:Command line arguments: ['/usr/bin/colcon', 'build', '--symlink-install']
[0.161s] DEBUG:colcon:Parsed command line arguments: Namespace(log_base=None, log_level=None, verb_name='build', build_base='build', install_base='install', merge_install=False, symlink_install=True, test_result_base=None, continue_on_error=False, executor='parallel', parallel_workers=4, event_handlers=None, ignore_user_meta=False, metas=['./colcon.meta'], base_paths=['.'], packages_ignore=None, packages_ignore_regex=None, paths=None, packages_up_to=None, packages_up_to_regex=None, packages_above=None, packages_above_and_dependencies=None, packages_above_depth=None, packages_select_by_dep=None, packages_skip_by_dep=None, packages_skip_up_to=None, packages_select_build_failed=False, packages_skip_build_finished=False, packages_select_test_failures=False, packages_skip_test_passed=False, packages_select=None, packages_skip=None, packages_select_regex=None, packages_skip_regex=None, packages_start=None, packages_end=None, allow_overriding=[], cmake_args=None, cmake_target=None, cmake_target_skip_unavailable=False, cmake_clean_cache=False, cmake_clean_first=False, cmake_force_configure=False, ament_cmake_args=None, catkin_cmake_args=None, catkin_skip_building_tests=False, mixin_files=None, mixin=None, verb_parser=<colcon_mixin.mixin.mixin_argument.MixinArgumentDecorator object at 0xffff98de0d10>, verb_extension=<colcon_core.verb.build.BuildVerb object at 0xffff98f9dbb0>, main=<bound method BuildVerb.main of <colcon_core.verb.build.BuildVerb object at 0xffff98f9dbb0>>, mixin_verb=('build',))
[0.224s] Level 1:colcon.colcon_core.package_discovery:discover_packages(colcon_meta) check parameters
[0.224s] Level 1:colcon.colcon_core.package_discovery:discover_packages(recursive) check parameters
[0.224s] Level 1:colcon.colcon_core.package_discovery:discover_packages(ignore) check parameters
[0.224s] Level 1:colcon.colcon_core.package_discovery:discover_packages(path) check parameters
[0.224s] Level 1:colcon.colcon_core.package_discovery:discover_packages(colcon_meta) discover
[0.224s] Level 1:colcon.colcon_core.package_discovery:discover_packages(recursive) discover
[0.225s] INFO:colcon.colcon_core.package_discovery:Crawling recursively for packages in '/home/user/sound_lidar_ws'
[0.225s] Level 1:colcon.colcon_core.package_identification:_identify(.) by extensions ['ignore', 'ignore_ament_install']
[0.225s] Level 1:colcon.colcon_core.package_identification:_identify(.) by extension 'ignore'
[0.225s] Level 1:colcon.colcon_core.package_identification:_identify(.) by extension 'ignore_ament_install'
[0.225s] Level 1:colcon.colcon_core.package_identification:_identify(.) by extensions ['colcon_pkg']
[0.225s] Level 1:colcon.colcon_core.package_identification:_identify(.) by extension 'colcon_pkg'
[0.225s] Level 1:colcon.colcon_core.package_identification:_identify(.) by extensions ['colcon_meta']
[0.225s] Level 1:colcon.colcon_core.package_identification:_identify(.) by extension 'colcon_meta'
[0.225s] Level 1:colcon.colcon_core.package_identification:_identify(.) by extensions ['ros']
[0.225s] Level 1:colcon.colcon_core.package_identification:_identify(.) by extension 'ros'
[0.266s] Level 1:colcon.colcon_core.package_identification:_identify(.) by extensions ['cmake', 'python']
[0.266s] Level 1:colcon.colcon_core.package_identification:_identify(.) by extension 'cmake'
[0.266s] Level 1:colcon.colcon_core.package_identification:_identify(.) by extension 'python'
[0.267s] Level 1:colcon.colcon_core.package_identification:_identify(.) by extensions ['python_setup_py']
[0.267s] Level 1:colcon.colcon_core.package_identification:_identify(.) by extension 'python_setup_py'
[0.267s] Level 1:colcon.colcon_core.package_identification:_identify(build) by extensions ['ignore', 'ignore_ament_install']
[0.267s] Level 1:colcon.colcon_core.package_identification:_identify(build) by extension 'ignore'
[0.267s] Level 1:colcon.colcon_core.package_identification:_identify(build) ignored
[0.267s] Level 1:colcon.colcon_core.package_identification:_identify(empty_scene_data) by extensions ['ignore', 'ignore_ament_install']
[0.267s] Level 1:colcon.colcon_core.package_identification:_identify(empty_scene_data) by extension 'ignore'
[0.267s] Level 1:colcon.colcon_core.package_identification:_identify(empty_scene_data) by extension 'ignore_ament_install'
[0.267s] Level 1:colcon.colcon_core.package_identification:_identify(empty_scene_data) by extensions ['colcon_pkg']
[0.267s] Level 1:colcon.colcon_core.package_identification:_identify(empty_scene_data) by extension 'colcon_pkg'
[0.268s] Level 1:colcon.colcon_core.package_identification:_identify(empty_scene_data) by extensions ['colcon_meta']
[0.268s] Level 1:colcon.colcon_core.package_identification:_identify(empty_scene_data) by extension 'colcon_meta'
[0.268s] Level 1:colcon.colcon_core.package_identification:_identify(empty_scene_data) by extensions ['ros']
[0.268s] Level 1:colcon.colcon_core.package_identification:_identify(empty_scene_data) by extension 'ros'
[0.268s] Level 1:colcon.colcon_core.package_identification:_identify(empty_scene_data) by extensions ['cmake', 'python']
[0.268s] Level 1:colcon.colcon_core.package_identification:_identify(empty_scene_data) by extension 'cmake'
[0.268s] Level 1:colcon.colcon_core.package_identification:_identify(empty_scene_data) by extension 'python'
[0.268s] Level 1:colcon.colcon_core.package_identification:_identify(empty_scene_data) by extensions ['python_setup_py']
[0.268s] Level 1:colcon.colcon_core.package_identification:_identify(empty_scene_data) by extension 'python_setup_py'
[0.268s] Level 1:colcon.colcon_core.package_identification:_identify(install) by extensions ['ignore', 'ignore_ament_install']
[0.268s] Level 1:colcon.colcon_core.package_identification:_identify(install) by extension 'ignore'
[0.268s] Level 1:colcon.colcon_core.package_identification:_identify(install) ignored
[0.268s] Level 1:colcon.colcon_core.package_identification:_identify(log) by extensions ['ignore', 'ignore_ament_install']
[0.268s] Level 1:colcon.colcon_core.package_identification:_identify(log) by extension 'ignore'
[0.268s] Level 1:colcon.colcon_core.package_identification:_identify(log) ignored
[0.269s] Level 1:colcon.colcon_core.package_identification:_identify(my_lidar_data) by extensions ['ignore', 'ignore_ament_install']
[0.269s] Level 1:colcon.colcon_core.package_identification:_identify(my_lidar_data) by extension 'ignore'
[0.269s] Level 1:colcon.colcon_core.package_identification:_identify(my_lidar_data) by extension 'ignore_ament_install'
[0.269s] Level 1:colcon.colcon_core.package_identification:_identify(my_lidar_data) by extensions ['colcon_pkg']
[0.269s] Level 1:colcon.colcon_core.package_identification:_identify(my_lidar_data) by extension 'colcon_pkg'
[0.269s] Level 1:colcon.colcon_core.package_identification:_identify(my_lidar_data) by extensions ['colcon_meta']
[0.269s] Level 1:colcon.colcon_core.package_identification:_identify(my_lidar_data) by extension 'colcon_meta'
[0.269s] Level 1:colcon.colcon_core.package_identification:_identify(my_lidar_data) by extensions ['ros']
[0.269s] Level 1:colcon.colcon_core.package_identification:_identify(my_lidar_data) by extension 'ros'
[0.269s] Level 1:colcon.colcon_core.package_identification:_identify(my_lidar_data) by extensions ['cmake', 'python']
[0.269s] Level 1:colcon.colcon_core.package_identification:_identify(my_lidar_data) by extension 'cmake'
[0.269s] Level 1:colcon.colcon_core.package_identification:_identify(my_lidar_data) by extension 'python'
[0.269s] Level 1:colcon.colcon_core.package_identification:_identify(my_lidar_data) by extensions ['python_setup_py']
[0.269s] Level 1:colcon.colcon_core.package_identification:_identify(my_lidar_data) by extension 'python_setup_py'
[0.269s] Level 1:colcon.colcon_core.package_identification:_identify(src) by extensions ['ignore', 'ignore_ament_install']
[0.269s] Level 1:colcon.colcon_core.package_identification:_identify(src) by extension 'ignore'
[0.269s] Level 1:colcon.colcon_core.package_identification:_identify(src) by extension 'ignore_ament_install'
[0.269s] Level 1:colcon.colcon_core.package_identification:_identify(src) by extensions ['colcon_pkg']
[0.270s] Level 1:colcon.colcon_core.package_identification:_identify(src) by extension 'colcon_pkg'
[0.270s] Level 1:colcon.colcon_core.package_identification:_identify(src) by extensions ['colcon_meta']
[0.270s] Level 1:colcon.colcon_core.package_identification:_identify(src) by extension 'colcon_meta'
[0.270s] Level 1:colcon.colcon_core.package_identification:_identify(src) by extensions ['ros']
[0.270s] Level 1:colcon.colcon_core.package_identification:_identify(src) by extension 'ros'
[0.270s] Level 1:colcon.colcon_core.package_identification:_identify(src) by extensions ['cmake', 'python']
[0.270s] Level 1:colcon.colcon_core.package_identification:_identify(src) by extension 'cmake'
[0.270s] Level 1:colcon.colcon_core.package_identification:_identify(src) by extension 'python'
[0.270s] Level 1:colcon.colcon_core.package_identification:_identify(src) by extensions ['python_setup_py']
[0.270s] Level 1:colcon.colcon_core.package_identification:_identify(src) by extension 'python_setup_py'
[0.270s] Level 1:colcon.colcon_core.package_identification:_identify(src/lidar_focus) by extensions ['ignore', 'ignore_ament_install']
[0.270s] Level 1:colcon.colcon_core.package_identification:_identify(src/lidar_focus) by extension 'ignore'
[0.270s] Level 1:colcon.colcon_core.package_identification:_identify(src/lidar_focus) by extension 'ignore_ament_install'
[0.270s] Level 1:colcon.colcon_core.package_identification:_identify(src/lidar_focus) by extensions ['colcon_pkg']
[0.270s] Level 1:colcon.colcon_core.package_identification:_identify(src/lidar_focus) by extension 'colcon_pkg'
[0.270s] Level 1:colcon.colcon_core.package_identification:_identify(src/lidar_focus) by extensions ['colcon_meta']
[0.270s] Level 1:colcon.colcon_core.package_identification:_identify(src/lidar_focus) by extension 'colcon_meta'
[0.270s] Level 1:colcon.colcon_core.package_identification:_identify(src/lidar_focus) by extensions ['ros']
[0.270s] Level 1:colcon.colcon_core.package_identification:_identify(src/lidar_focus) by extension 'ros'
[0.274s] DEBUG:colcon.colcon_core.package_identification:Package 'src/lidar_focus' with type 'ros.ament_python' and name 'lidar_focus'
[0.274s] Level 1:colcon.colcon_core.package_identification:_identify(src/sound_interfaces) by extensions ['ignore', 'ignore_ament_install']
[0.274s] Level 1:colcon.colcon_core.package_identification:_identify(src/sound_interfaces) by extension 'ignore'
[0.274s] Level 1:colcon.colcon_core.package_identification:_identify(src/sound_interfaces) by extension 'ignore_ament_install'
[0.274s] Level 1:colcon.colcon_core.package_identification:_identify(src/sound_interfaces) by extensions ['colcon_pkg']
[0.274s] Level 1:colcon.colcon_core.package_identification:_identify(src/sound_interfaces) by extension 'colcon_pkg'
[0.274s] Level 1:colcon.colcon_core.package_identification:_identify(src/sound_interfaces) by extensions ['colcon_meta']
[0.274s] Level 1:colcon.colcon_core.package_identification:_identify(src/sound_interfaces) by extension 'colcon_meta'
[0.274s] Level 1:colcon.colcon_core.package_identification:_identify(src/sound_interfaces) by extensions ['ros']
[0.274s] Level 1:colcon.colcon_core.package_identification:_identify(src/sound_interfaces) by extension 'ros'
[0.275s] DEBUG:colcon.colcon_core.package_identification:Package 'src/sound_interfaces' with type 'ros.ament_cmake' and name 'sound_interfaces'
[0.275s] Level 1:colcon.colcon_core.package_identification:_identify(src/sound_localizer) by extensions ['ignore', 'ignore_ament_install']
[0.275s] Level 1:colcon.colcon_core.package_identification:_identify(src/sound_localizer) by extension 'ignore'
[0.276s] Level 1:colcon.colcon_core.package_identification:_identify(src/sound_localizer) by extension 'ignore_ament_install'
[0.276s] Level 1:colcon.colcon_core.package_identification:_identify(src/sound_localizer) by extensions ['colcon_pkg']
[0.276s] Level 1:colcon.colcon_core.package_identification:_identify(src/sound_localizer) by extension 'colcon_pkg'
[0.276s] Level 1:colcon.colcon_core.package_identification:_identify(src/sound_localizer) by extensions ['colcon_meta']
[0.276s] Level 1:colcon.colcon_core.package_identification:_identify(src/sound_localizer) by extension 'colcon_meta'
[0.276s] Level 1:colcon.colcon_core.package_identification:_identify(src/sound_localizer) by extensions ['ros']
[0.276s] Level 1:colcon.colcon_core.package_identification:_identify(src/sound_localizer) by extension 'ros'
[0.276s] DEBUG:colcon.colcon_core.package_identification:Package 'src/sound_localizer' with type 'ros.ament_python' and name 'sound_localizer'
[0.276s] Level 1:colcon.colcon_core.package_discovery:discover_packages(recursive) using defaults
[0.276s] Level 1:colcon.colcon_core.package_discovery:discover_packages(ignore) discover
[0.277s] Level 1:colcon.colcon_core.package_discovery:discover_packages(ignore) using defaults
[0.277s] Level 1:colcon.colcon_core.package_discovery:discover_packages(path) discover
[0.277s] Level 1:colcon.colcon_core.package_discovery:discover_packages(path) using defaults
[0.303s] Level 1:colcon.colcon_core.package_discovery:discover_packages(prefix_path) check parameters
[0.303s] Level 1:colcon.colcon_core.package_discovery:discover_packages(prefix_path) discover
[0.306s] DEBUG:colcon.colcon_installed_package_information.package_discovery:Found 3 installed packages in /home/user/ros2_ws/install
[0.307s] DEBUG:colcon.colcon_installed_package_information.package_discovery:Found 3 installed packages in /home/user/sound_lidar_ws/install
[0.309s] DEBUG:colcon.colcon_installed_package_information.package_discovery:Found 337 installed packages in /opt/ros/jazzy
[0.312s] Level 1:colcon.colcon_core.package_discovery:discover_packages(prefix_path) using defaults
[0.383s] Level 5:colcon.colcon_core.verb:set package 'sound_interfaces' build argument 'cmake_args' from command line to 'None'
[0.383s] Level 5:colcon.colcon_core.verb:set package 'sound_interfaces' build argument 'cmake_target' from command line to 'None'
[0.383s] Level 5:colcon.colcon_core.verb:set package 'sound_interfaces' build argument 'cmake_target_skip_unavailable' from command line to 'False'
[0.383s] Level 5:colcon.colcon_core.verb:set package 'sound_interfaces' build argument 'cmake_clean_cache' from command line to 'False'
[0.383s] Level 5:colcon.colcon_core.verb:set package 'sound_interfaces' build argument 'cmake_clean_first' from command line to 'False'
[0.383s] Level 5:colcon.colcon_core.verb:set package 'sound_interfaces' build argument 'cmake_force_configure' from command line to 'False'
[0.383s] Level 5:colcon.colcon_core.verb:set package 'sound_interfaces' build argument 'ament_cmake_args' from command line to 'None'
[0.383s] Level 5:colcon.colcon_core.verb:set package 'sound_interfaces' build argument 'catkin_cmake_args' from command line to 'None'
[0.383s] Level 5:colcon.colcon_core.verb:set package 'sound_interfaces' build argument 'catkin_skip_building_tests' from command line to 'False'
[0.383s] DEBUG:colcon.colcon_core.verb:Building package 'sound_interfaces' with the following arguments: {'ament_cmake_args': None, 'build_base': '/home/user/sound_lidar_ws/build/sound_interfaces', 'catkin_cmake_args': None, 'catkin_skip_building_tests': False, 'cmake_args': None, 'cmake_clean_cache': False, 'cmake_clean_first': False, 'cmake_force_configure': False, 'cmake_target': None, 'cmake_target_skip_unavailable': False, 'install_base': '/home/user/sound_lidar_ws/install/sound_interfaces', 'merge_install': False, 'path': '/home/user/sound_lidar_ws/src/sound_interfaces', 'symlink_install': True, 'test_result_base': None}
[0.384s] Level 5:colcon.colcon_core.verb:set package 'lidar_focus' build argument 'cmake_args' from command line to 'None'
[0.384s] Level 5:colcon.colcon_core.verb:set package 'lidar_focus' build argument 'cmake_target' from command line to 'None'
[0.384s] Level 5:colcon.colcon_core.verb:set package 'lidar_focus' build argument 'cmake_target_skip_unavailable' from command line to 'False'
[0.384s] Level 5:colcon.colcon_core.verb:set package 'lidar_focus' build argument 'cmake_clean_cache' from command line to 'False'
[0.384s] Level 5:colcon.colcon_core.verb:set package 'lidar_focus' build argument 'cmake_clean_first' from command line to 'False'
[0.384s] Level 5:colcon.colcon_core.verb:set package 'lidar_focus' build argument 'cmake_force_configure' from command line to 'False'
[0.384s] Level 5:colcon.colcon_core.verb:set package 'lidar_focus' build argument 'ament_cmake_args' from command line to 'None'
[0.384s] Level 5:colcon.colcon_core.verb:set package 'lidar_focus' build argument 'catkin_cmake_args' from command line to 'None'
[0.384s] Level 5:colcon.colcon_core.verb:set package 'lidar_focus' build argument 'catkin_skip_building_tests' from command line to 'False'
[0.384s] DEBUG:colcon.colcon_core.verb:Building package 'lidar_focus' with the following arguments: {'ament_cmake_args': None, 'build_base': '/home/user/sound_lidar_ws/build/lidar_focus', 'catkin_cmake_args': None, 'catkin_skip_building_tests': False, 'cmake_args': None, 'cmake_clean_cache': False, 'cmake_clean_first': False, 'cmake_force_configure': False, 'cmake_target': None, 'cmake_target_skip_unavailable': False, 'install_base': '/home/user/sound_lidar_ws/install/lidar_focus', 'merge_install': False, 'path': '/home/user/sound_lidar_ws/src/lidar_focus', 'symlink_install': True, 'test_result_base': None}
[0.384s] Level 5:colcon.colcon_core.verb:set package 'sound_localizer' build argument 'cmake_args' from command line to 'None'
[0.384s] Level 5:colcon.colcon_core.verb:set package 'sound_localizer' build argument 'cmake_target' from command line to 'None'
[0.384s] Level 5:colcon.colcon_core.verb:set package 'sound_localizer' build argument 'cmake_target_skip_unavailable' from command line to 'False'
[0.384s] Level 5:colcon.colcon_core.verb:set package 'sound_localizer' build argument 'cmake_clean_cache' from command line to 'False'
[0.384s] Level 5:colcon.colcon_core.verb:set package 'sound_localizer' build argument 'cmake_clean_first' from command line to 'False'
[0.384s] Level 5:colcon.colcon_core.verb:set package 'sound_localizer' build argument 'cmake_force_configure' from command line to 'False'
[0.384s] Level 5:colcon.colcon_core.verb:set package 'sound_localizer' build argument 'ament_cmake_args' from command line to 'None'
[0.384s] Level 5:colcon.colcon_core.verb:set package 'sound_localizer' build argument 'catkin_cmake_args' from command line to 'None'
[0.384s] Level 5:colcon.colcon_core.verb:set package 'sound_localizer' build argument 'catkin_skip_building_tests' from command line to 'False'
[0.384s] DEBUG:colcon.colcon_core.verb:Building package 'sound_localizer' with the following arguments: {'ament_cmake_args': None, 'build_base': '/home/user/sound_lidar_ws/build/sound_localizer', 'catkin_cmake_args': None, 'catkin_skip_building_tests': False, 'cmake_args': None, 'cmake_clean_cache': False, 'cmake_clean_first': False, 'cmake_force_configure': False, 'cmake_target': None, 'cmake_target_skip_unavailable': False, 'install_base': '/home/user/sound_lidar_ws/install/sound_localizer', 'merge_install': False, 'path': '/home/user/sound_lidar_ws/src/sound_localizer', 'symlink_install': True, 'test_result_base': None}
[0.385s] INFO:colcon.colcon_core.executor:Executing jobs using 'parallel' executor
[0.386s] DEBUG:colcon.colcon_parallel_executor.executor.parallel:run_until_complete
[0.386s] INFO:colcon.colcon_ros.task.ament_cmake.build:Building ROS package in '/home/user/sound_lidar_ws/src/sound_interfaces' with build type 'ament_cmake'
[0.387s] INFO:colcon.colcon_cmake.task.cmake.build:Building CMake package in '/home/user/sound_lidar_ws/src/sound_interfaces'
[0.398s] INFO:colcon.colcon_core.plugin_system:Skipping extension 'colcon_core.shell.bat': Not used on non-Windows systems
[0.398s] INFO:colcon.colcon_core.shell:Skip shell extension 'powershell' for command environment: Not usable outside of PowerShell
[0.398s] DEBUG:colcon.colcon_core.shell:Skip shell extension 'dsv' for command environment
[0.443s] DEBUG:colcon.colcon_core.event_handler.log_command:Invoking command in '/home/user/sound_lidar_ws/build/sound_interfaces': CMAKE_PREFIX_PATH=${CMAKE_PREFIX_PATH}:/home/user/sound_lidar_ws/install/sound_localizer:/home/user/sound_lidar_ws/install/lidar_focus:/opt/ros/jazzy DEBUGINFOD_URLS=https://debuginfod.ubuntu.com /usr/bin/cmake --build /home/user/sound_lidar_ws/build/sound_interfaces -- -j4 -l4
[1.969s] DEBUG:colcon.colcon_core.event_handler.log_command:Invoked command in '/home/user/sound_lidar_ws/build/sound_interfaces' returned '0': CMAKE_PREFIX_PATH=${CMAKE_PREFIX_PATH}:/home/user/sound_lidar_ws/install/sound_localizer:/home/user/sound_lidar_ws/install/lidar_focus:/opt/ros/jazzy DEBUGINFOD_URLS=https://debuginfod.ubuntu.com /usr/bin/cmake --build /home/user/sound_lidar_ws/build/sound_interfaces -- -j4 -l4
[1.991s] DEBUG:colcon.colcon_core.event_handler.log_command:Invoking command in '/home/user/sound_lidar_ws/build/sound_interfaces': CMAKE_PREFIX_PATH=${CMAKE_PREFIX_PATH}:/home/user/sound_lidar_ws/install/sound_localizer:/home/user/sound_lidar_ws/install/lidar_focus:/opt/ros/jazzy DEBUGINFOD_URLS=https://debuginfod.ubuntu.com /usr/bin/cmake --install /home/user/sound_lidar_ws/build/sound_interfaces
[2.183s] Level 1:colcon.colcon_core.environment:create_environment_scripts_only(sound_interfaces)
[2.185s] DEBUG:colcon.colcon_core.event_handler.log_command:Invoked command in '/home/user/sound_lidar_ws/build/sound_interfaces' returned '0': CMAKE_PREFIX_PATH=${CMAKE_PREFIX_PATH}:/home/user/sound_lidar_ws/install/sound_localizer:/home/user/sound_lidar_ws/install/lidar_focus:/opt/ros/jazzy DEBUGINFOD_URLS=https://debuginfod.ubuntu.com /usr/bin/cmake --install /home/user/sound_lidar_ws/build/sound_interfaces
[2.192s] Level 1:colcon.colcon_core.environment:checking '/home/user/sound_lidar_ws/install/sound_interfaces' for CMake module files
[2.194s] Level 1:colcon.colcon_core.environment:checking '/home/user/sound_lidar_ws/install/sound_interfaces' for CMake config files
[2.195s] Level 1:colcon.colcon_core.shell:create_environment_hook('sound_interfaces', 'cmake_prefix_path')
[2.198s] INFO:colcon.colcon_core.shell:Creating environment hook '/home/user/sound_lidar_ws/install/sound_interfaces/share/sound_interfaces/hook/cmake_prefix_path.ps1'
[2.202s] INFO:colcon.colcon_core.shell:Creating environment descriptor '/home/user/sound_lidar_ws/install/sound_interfaces/share/sound_interfaces/hook/cmake_prefix_path.dsv'
[2.203s] INFO:colcon.colcon_core.shell:Creating environment hook '/home/user/sound_lidar_ws/install/sound_interfaces/share/sound_interfaces/hook/cmake_prefix_path.sh'
[2.205s] Level 1:colcon.colcon_core.environment:checking '/home/user/sound_lidar_ws/install/sound_interfaces/lib'
[2.206s] Level 1:colcon.colcon_core.shell:create_environment_hook('sound_interfaces', 'ld_library_path_lib')
[2.206s] INFO:colcon.colcon_core.shell:Creating environment hook '/home/user/sound_lidar_ws/install/sound_interfaces/share/sound_interfaces/hook/ld_library_path_lib.ps1'
[2.207s] INFO:colcon.colcon_core.shell:Creating environment descriptor '/home/user/sound_lidar_ws/install/sound_interfaces/share/sound_interfaces/hook/ld_library_path_lib.dsv'
[2.208s] INFO:colcon.colcon_core.shell:Creating environment hook '/home/user/sound_lidar_ws/install/sound_interfaces/share/sound_interfaces/hook/ld_library_path_lib.sh'
[2.209s] Level 1:colcon.colcon_core.environment:checking '/home/user/sound_lidar_ws/install/sound_interfaces/bin'
[2.209s] Level 1:colcon.colcon_core.environment:checking '/home/user/sound_lidar_ws/install/sound_interfaces/lib/pkgconfig/sound_interfaces.pc'
[2.209s] Level 1:colcon.colcon_core.environment:checking '/home/user/sound_lidar_ws/install/sound_interfaces/lib/python3.12/site-packages'
[2.209s] Level 1:colcon.colcon_core.shell:create_environment_hook('sound_interfaces', 'pythonpath')
[2.210s] INFO:colcon.colcon_core.shell:Creating environment hook '/home/user/sound_lidar_ws/install/sound_interfaces/share/sound_interfaces/hook/pythonpath.ps1'
[2.211s] INFO:colcon.colcon_core.shell:Creating environment descriptor '/home/user/sound_lidar_ws/install/sound_interfaces/share/sound_interfaces/hook/pythonpath.dsv'
[2.212s] INFO:colcon.colcon_core.shell:Creating environment hook '/home/user/sound_lidar_ws/install/sound_interfaces/share/sound_interfaces/hook/pythonpath.sh'
[2.213s] Level 1:colcon.colcon_core.environment:checking '/home/user/sound_lidar_ws/install/sound_interfaces/bin'
[2.214s] INFO:colcon.colcon_core.shell:Creating package script '/home/user/sound_lidar_ws/install/sound_interfaces/share/sound_interfaces/package.ps1'
[2.215s] INFO:colcon.colcon_core.shell:Creating package descriptor '/home/user/sound_lidar_ws/install/sound_interfaces/share/sound_interfaces/package.dsv'
[2.216s] INFO:colcon.colcon_core.shell:Creating package script '/home/user/sound_lidar_ws/install/sound_interfaces/share/sound_interfaces/package.sh'
[2.218s] INFO:colcon.colcon_core.shell:Creating package script '/home/user/sound_lidar_ws/install/sound_interfaces/share/sound_interfaces/package.bash'
[2.218s] INFO:colcon.colcon_core.shell:Creating package script '/home/user/sound_lidar_ws/install/sound_interfaces/share/sound_interfaces/package.zsh'
[2.219s] Level 1:colcon.colcon_core.environment:create_file_with_runtime_dependencies(/home/user/sound_lidar_ws/install/sound_interfaces/share/colcon-core/packages/sound_interfaces)
[2.221s] Level 1:colcon.colcon_core.environment:create_environment_scripts_only(sound_interfaces)
[2.221s] Level 1:colcon.colcon_core.environment:checking '/home/user/sound_lidar_ws/install/sound_interfaces' for CMake module files
[2.222s] Level 1:colcon.colcon_core.environment:checking '/home/user/sound_lidar_ws/install/sound_interfaces' for CMake config files
[2.223s] Level 1:colcon.colcon_core.shell:create_environment_hook('sound_interfaces', 'cmake_prefix_path')
[2.223s] INFO:colcon.colcon_core.shell:Creating environment hook '/home/user/sound_lidar_ws/install/sound_interfaces/share/sound_interfaces/hook/cmake_prefix_path.ps1'
[2.224s] INFO:colcon.colcon_core.shell:Creating environment descriptor '/home/user/sound_lidar_ws/install/sound_interfaces/share/sound_interfaces/hook/cmake_prefix_path.dsv'
[2.225s] INFO:colcon.colcon_core.shell:Creating environment hook '/home/user/sound_lidar_ws/install/sound_interfaces/share/sound_interfaces/hook/cmake_prefix_path.sh'
[2.227s] Level 1:colcon.colcon_core.environment:checking '/home/user/sound_lidar_ws/install/sound_interfaces/lib'
[2.228s] Level 1:colcon.colcon_core.shell:create_environment_hook('sound_interfaces', 'ld_library_path_lib')
[2.229s] INFO:colcon.colcon_core.shell:Creating environment hook '/home/user/sound_lidar_ws/install/sound_interfaces/share/sound_interfaces/hook/ld_library_path_lib.ps1'
[2.233s] INFO:colcon.colcon_core.shell:Creating environment descriptor '/home/user/sound_lidar_ws/install/sound_interfaces/share/sound_interfaces/hook/ld_library_path_lib.dsv'
[2.236s] INFO:colcon.colcon_core.shell:Creating environment hook '/home/user/sound_lidar_ws/install/sound_interfaces/share/sound_interfaces/hook/ld_library_path_lib.sh'
[2.238s] Level 1:colcon.colcon_core.environment:checking '/home/user/sound_lidar_ws/install/sound_interfaces/bin'
[2.238s] Level 1:colcon.colcon_core.environment:checking '/home/user/sound_lidar_ws/install/sound_interfaces/lib/pkgconfig/sound_interfaces.pc'
[2.239s] Level 1:colcon.colcon_core.environment:checking '/home/user/sound_lidar_ws/install/sound_interfaces/lib/python3.12/site-packages'
[2.239s] Level 1:colcon.colcon_core.shell:create_environment_hook('sound_interfaces', 'pythonpath')
[2.239s] INFO:colcon.colcon_core.shell:Creating environment hook '/home/user/sound_lidar_ws/install/sound_interfaces/share/sound_interfaces/hook/pythonpath.ps1'
[2.240s] INFO:colcon.colcon_core.shell:Creating environment descriptor '/home/user/sound_lidar_ws/install/sound_interfaces/share/sound_interfaces/hook/pythonpath.dsv'
[2.241s] INFO:colcon.colcon_core.shell:Creating environment hook '/home/user/sound_lidar_ws/install/sound_interfaces/share/sound_interfaces/hook/pythonpath.sh'
[2.242s] Level 1:colcon.colcon_core.environment:checking '/home/user/sound_lidar_ws/install/sound_interfaces/bin'
[2.243s] INFO:colcon.colcon_core.shell:Creating package script '/home/user/sound_lidar_ws/install/sound_interfaces/share/sound_interfaces/package.ps1'
[2.243s] INFO:colcon.colcon_core.shell:Creating package descriptor '/home/user/sound_lidar_ws/install/sound_interfaces/share/sound_interfaces/package.dsv'
[2.244s] INFO:colcon.colcon_core.shell:Creating package script '/home/user/sound_lidar_ws/install/sound_interfaces/share/sound_interfaces/package.sh'
[2.245s] INFO:colcon.colcon_core.shell:Creating package script '/home/user/sound_lidar_ws/install/sound_interfaces/share/sound_interfaces/package.bash'
[2.246s] INFO:colcon.colcon_core.shell:Creating package script '/home/user/sound_lidar_ws/install/sound_interfaces/share/sound_interfaces/package.zsh'
[2.247s] Level 1:colcon.colcon_core.environment:create_file_with_runtime_dependencies(/home/user/sound_lidar_ws/install/sound_interfaces/share/colcon-core/packages/sound_interfaces)
[2.248s] INFO:colcon.colcon_ros.task.ament_python.build:Building ROS package in '/home/user/sound_lidar_ws/src/lidar_focus' with build type 'ament_python'
[2.248s] Level 1:colcon.colcon_core.shell:create_environment_hook('lidar_focus', 'ament_prefix_path')
[2.249s] INFO:colcon.colcon_core.shell:Creating environment hook '/home/user/sound_lidar_ws/install/lidar_focus/share/lidar_focus/hook/ament_prefix_path.ps1'
[2.250s] INFO:colcon.colcon_core.shell:Creating environment descriptor '/home/user/sound_lidar_ws/install/lidar_focus/share/lidar_focus/hook/ament_prefix_path.dsv'
[2.252s] INFO:colcon.colcon_core.shell:Creating environment hook '/home/user/sound_lidar_ws/install/lidar_focus/share/lidar_focus/hook/ament_prefix_path.sh'
[2.253s] INFO:colcon.colcon_core.shell:Skip shell extension 'powershell' for command environment: Not usable outside of PowerShell
[2.253s] DEBUG:colcon.colcon_core.shell:Skip shell extension 'dsv' for command environment
[2.259s] INFO:colcon.colcon_ros.task.ament_python.build:Building ROS package in '/home/user/sound_lidar_ws/src/sound_localizer' with build type 'ament_python'
[2.260s] Level 1:colcon.colcon_core.shell:create_environment_hook('sound_localizer', 'ament_prefix_path')
[2.260s] INFO:colcon.colcon_core.shell:Creating environment hook '/home/user/sound_lidar_ws/install/sound_localizer/share/sound_localizer/hook/ament_prefix_path.ps1'
[2.261s] INFO:colcon.colcon_core.shell:Creating environment descriptor '/home/user/sound_lidar_ws/install/sound_localizer/share/sound_localizer/hook/ament_prefix_path.dsv'
[2.262s] INFO:colcon.colcon_core.shell:Creating environment hook '/home/user/sound_lidar_ws/install/sound_localizer/share/sound_localizer/hook/ament_prefix_path.sh'
[2.263s] INFO:colcon.colcon_core.shell:Skip shell extension 'powershell' for command environment: Not usable outside of PowerShell
[2.263s] DEBUG:colcon.colcon_core.shell:Skip shell extension 'dsv' for command environment
[2.891s] INFO:colcon.colcon_core.task.python.build:Building Python package in '/home/user/sound_lidar_ws/src/lidar_focus'
[2.892s] INFO:colcon.colcon_core.shell:Skip shell extension 'powershell' for command environment: Not usable outside of PowerShell
[2.892s] DEBUG:colcon.colcon_core.shell:Skip shell extension 'dsv' for command environment
[3.367s] INFO:colcon.colcon_core.task.python.build:Building Python package in '/home/user/sound_lidar_ws/src/sound_localizer'
[3.367s] INFO:colcon.colcon_core.shell:Skip shell extension 'powershell' for command environment: Not usable outside of PowerShell
[3.367s] DEBUG:colcon.colcon_core.shell:Skip shell extension 'dsv' for command environment
[4.715s] DEBUG:colcon.colcon_core.event_handler.log_command:Invoking command in '/home/user/sound_lidar_ws/build/lidar_focus': CMAKE_PREFIX_PATH=/home/user/sound_lidar_ws/install/sound_interfaces:/home/user/ros2_ws/install/unitree_lidar_ros2:/opt/ros/jazzy/opt/gz_sim_vendor:/opt/ros/jazzy/opt/gz_sensors_vendor:/opt/ros/jazzy/opt/gz_physics_vendor:/opt/ros/jazzy/opt/sdformat_vendor:/opt/ros/jazzy/opt/gz_gui_vendor:/opt/ros/jazzy/opt/gz_transport_vendor:/opt/ros/jazzy/opt/gz_rendering_vendor:/opt/ros/jazzy/opt/gz_plugin_vendor:/opt/ros/jazzy/opt/gz_fuel_tools_vendor:/opt/ros/jazzy/opt/gz_msgs_vendor:/opt/ros/jazzy/opt/gz_common_vendor:/opt/ros/jazzy/opt/gz_math_vendor:/opt/ros/jazzy/opt/gz_utils_vendor:/opt/ros/jazzy/opt/gz_tools_vendor:/opt/ros/jazzy/opt/gz_ogre_next_vendor:/opt/ros/jazzy/opt/gz_dartsim_vendor:/opt/ros/jazzy/opt/gz_cmake_vendor DEBUGINFOD_URLS=https://debuginfod.ubuntu.com PYTHONPATH=/home/user/sound_lidar_ws/build/lidar_focus/prefix_override:/usr/lib/python3/dist-packages/colcon_core/task/python/colcon_distutils_commands:/home/user/sound_lidar_ws/install/lidar_focus/lib/python3.12/site-packages:/home/user/sound_lidar_ws/install/sound_interfaces/lib/python3.12/site-packages:/home/user/sound_lidar_ws/build/sound_localizer:/home/user/sound_lidar_ws/install/sound_localizer/lib/python3.12/site-packages:/home/user/sound_lidar_ws/build/lidar_focus:/home/user/sound_lidar_ws/install/lidar_focus/lib/python3.12/site-packages:/opt/ros/jazzy/lib/python3.12/site-packages /usr/bin/python3 -W ignore:setup.py install is deprecated -W ignore:easy_install command is deprecated setup.py develop --editable --build-directory /home/user/sound_lidar_ws/build/lidar_focus/build --no-deps symlink_data
[4.835s] DEBUG:colcon.colcon_core.event_handler.log_command:Invoking command in '/home/user/sound_lidar_ws/build/sound_localizer': CMAKE_PREFIX_PATH=/home/user/sound_lidar_ws/install/sound_interfaces:/home/user/ros2_ws/install/unitree_lidar_ros2:/opt/ros/jazzy/opt/gz_sim_vendor:/opt/ros/jazzy/opt/gz_sensors_vendor:/opt/ros/jazzy/opt/gz_physics_vendor:/opt/ros/jazzy/opt/sdformat_vendor:/opt/ros/jazzy/opt/gz_gui_vendor:/opt/ros/jazzy/opt/gz_transport_vendor:/opt/ros/jazzy/opt/gz_rendering_vendor:/opt/ros/jazzy/opt/gz_plugin_vendor:/opt/ros/jazzy/opt/gz_fuel_tools_vendor:/opt/ros/jazzy/opt/gz_msgs_vendor:/opt/ros/jazzy/opt/gz_common_vendor:/opt/ros/jazzy/opt/gz_math_vendor:/opt/ros/jazzy/opt/gz_utils_vendor:/opt/ros/jazzy/opt/gz_tools_vendor:/opt/ros/jazzy/opt/gz_ogre_next_vendor:/opt/ros/jazzy/opt/gz_dartsim_vendor:/opt/ros/jazzy/opt/gz_cmake_vendor DEBUGINFOD_URLS=https://debuginfod.ubuntu.com PYTHONPATH=/home/user/sound_lidar_ws/build/sound_localizer/prefix_override:/usr/lib/python3/dist-packages/colcon_core/task/python/colcon_distutils_commands:/home/user/sound_lidar_ws/install/sound_localizer/lib/python3.12/site-packages:/home/user/sound_lidar_ws/install/sound_interfaces/lib/python3.12/site-packages:/home/user/sound_lidar_ws/build/sound_localizer:/home/user/sound_lidar_ws/install/sound_localizer/lib/python3.12/site-packages:/home/user/sound_lidar_ws/build/lidar_focus:/home/user/sound_lidar_ws/install/lidar_focus/lib/python3.12/site-packages:/opt/ros/jazzy/lib/python3.12/site-packages /usr/bin/python3 -W ignore:setup.py install is deprecated -W ignore:easy_install command is deprecated setup.py develop --editable --build-directory /home/user/sound_lidar_ws/build/sound_localizer/build --no-deps symlink_data
[5.929s] Level 1:colcon.colcon_core.shell:create_environment_hook('lidar_focus', 'pythonpath_develop')
[5.932s] INFO:colcon.colcon_core.shell:Creating environment hook '/home/user/sound_lidar_ws/build/lidar_focus/share/lidar_focus/hook/pythonpath_develop.ps1'
[5.935s] DEBUG:colcon.colcon_core.event_handler.log_command:Invoked command in '/home/user/sound_lidar_ws/build/lidar_focus' returned '0': CMAKE_PREFIX_PATH=/home/user/sound_lidar_ws/install/sound_interfaces:/home/user/ros2_ws/install/unitree_lidar_ros2:/opt/ros/jazzy/opt/gz_sim_vendor:/opt/ros/jazzy/opt/gz_sensors_vendor:/opt/ros/jazzy/opt/gz_physics_vendor:/opt/ros/jazzy/opt/sdformat_vendor:/opt/ros/jazzy/opt/gz_gui_vendor:/opt/ros/jazzy/opt/gz_transport_vendor:/opt/ros/jazzy/opt/gz_rendering_vendor:/opt/ros/jazzy/opt/gz_plugin_vendor:/opt/ros/jazzy/opt/gz_fuel_tools_vendor:/opt/ros/jazzy/opt/gz_msgs_vendor:/opt/ros/jazzy/opt/gz_common_vendor:/opt/ros/jazzy/opt/gz_math_vendor:/opt/ros/jazzy/opt/gz_utils_vendor:/opt/ros/jazzy/opt/gz_tools_vendor:/opt/ros/jazzy/opt/gz_ogre_next_vendor:/opt/ros/jazzy/opt/gz_dartsim_vendor:/opt/ros/jazzy/opt/gz_cmake_vendor DEBUGINFOD_URLS=https://debuginfod.ubuntu.com PYTHONPATH=/home/user/sound_lidar_ws/build/lidar_focus/prefix_override:/usr/lib/python3/dist-packages/colcon_core/task/python/colcon_distutils_commands:/home/user/sound_lidar_ws/install/lidar_focus/lib/python3.12/site-packages:/home/user/sound_lidar_ws/install/sound_interfaces/lib/python3.12/site-packages:/home/user/sound_lidar_ws/build/sound_localizer:/home/user/sound_lidar_ws/install/sound_localizer/lib/python3.12/site-packages:/home/user/sound_lidar_ws/build/lidar_focus:/home/user/sound_lidar_ws/install/lidar_focus/lib/python3.12/site-packages:/opt/ros/jazzy/lib/python3.12/site-packages /usr/bin/python3 -W ignore:setup.py install is deprecated -W ignore:easy_install command is deprecated setup.py develop --editable --build-directory /home/user/sound_lidar_ws/build/lidar_focus/build --no-deps symlink_data
[5.937s] INFO:colcon.colcon_core.shell:Creating environment descriptor '/home/user/sound_lidar_ws/build/lidar_focus/share/lidar_focus/hook/pythonpath_develop.dsv'
[5.940s] INFO:colcon.colcon_core.shell:Creating environment hook '/home/user/sound_lidar_ws/build/lidar_focus/share/lidar_focus/hook/pythonpath_develop.sh'
[5.945s] Level 1:colcon.colcon_core.environment:checking '/home/user/sound_lidar_ws/install/lidar_focus' for CMake module files
[5.946s] Level 1:colcon.colcon_core.environment:checking '/home/user/sound_lidar_ws/install/lidar_focus' for CMake config files
[5.948s] Level 1:colcon.colcon_core.environment:checking '/home/user/sound_lidar_ws/install/lidar_focus/lib'
[5.948s] Level 1:colcon.colcon_core.environment:checking '/home/user/sound_lidar_ws/install/lidar_focus/bin'
[5.948s] Level 1:colcon.colcon_core.shell:create_environment_hook('lidar_focus', 'path')
[5.949s] INFO:colcon.colcon_core.shell:Creating environment hook '/home/user/sound_lidar_ws/install/lidar_focus/share/lidar_focus/hook/path.ps1'
[5.950s] INFO:colcon.colcon_core.shell:Creating environment descriptor '/home/user/sound_lidar_ws/install/lidar_focus/share/lidar_focus/hook/path.dsv'
[5.951s] INFO:colcon.colcon_core.shell:Creating environment hook '/home/user/sound_lidar_ws/install/lidar_focus/share/lidar_focus/hook/path.sh'
[5.952s] Level 1:colcon.colcon_core.environment:checking '/home/user/sound_lidar_ws/install/lidar_focus/lib/pkgconfig/lidar_focus.pc'
[5.952s] Level 1:colcon.colcon_core.environment:checking '/home/user/sound_lidar_ws/install/lidar_focus/lib/python3.12/site-packages'
[5.952s] Level 1:colcon.colcon_core.shell:create_environment_hook('lidar_focus', 'pythonpath')
[5.953s] INFO:colcon.colcon_core.shell:Creating environment hook '/home/user/sound_lidar_ws/install/lidar_focus/share/lidar_focus/hook/pythonpath.ps1'
[5.954s] INFO:colcon.colcon_core.shell:Creating environment descriptor '/home/user/sound_lidar_ws/install/lidar_focus/share/lidar_focus/hook/pythonpath.dsv'
[5.954s] INFO:colcon.colcon_core.shell:Creating environment hook '/home/user/sound_lidar_ws/install/lidar_focus/share/lidar_focus/hook/pythonpath.sh'
[5.956s] Level 1:colcon.colcon_core.environment:checking '/home/user/sound_lidar_ws/install/lidar_focus/bin'
[5.956s] Level 1:colcon.colcon_core.shell:create_environment_hook('lidar_focus', 'pythonscriptspath')
[5.957s] INFO:colcon.colcon_core.shell:Creating environment hook '/home/user/sound_lidar_ws/install/lidar_focus/share/lidar_focus/hook/pythonscriptspath.ps1'
[5.958s] INFO:colcon.colcon_core.shell:Creating environment descriptor '/home/user/sound_lidar_ws/install/lidar_focus/share/lidar_focus/hook/pythonscriptspath.dsv'
[5.958s] INFO:colcon.colcon_core.shell:Creating environment hook '/home/user/sound_lidar_ws/install/lidar_focus/share/lidar_focus/hook/pythonscriptspath.sh'
[5.959s] Level 1:colcon.colcon_core.environment:create_environment_scripts_only(lidar_focus)
[5.960s] INFO:colcon.colcon_core.shell:Creating package script '/home/user/sound_lidar_ws/install/lidar_focus/share/lidar_focus/package.ps1'
[5.961s] INFO:colcon.colcon_core.shell:Creating package descriptor '/home/user/sound_lidar_ws/install/lidar_focus/share/lidar_focus/package.dsv'
[5.962s] INFO:colcon.colcon_core.shell:Creating package script '/home/user/sound_lidar_ws/install/lidar_focus/share/lidar_focus/package.sh'
[5.963s] INFO:colcon.colcon_core.shell:Creating package script '/home/user/sound_lidar_ws/install/lidar_focus/share/lidar_focus/package.bash'
[5.964s] INFO:colcon.colcon_core.shell:Creating package script '/home/user/sound_lidar_ws/install/lidar_focus/share/lidar_focus/package.zsh'
[5.965s] Level 1:colcon.colcon_core.environment:create_file_with_runtime_dependencies(/home/user/sound_lidar_ws/install/lidar_focus/share/colcon-core/packages/lidar_focus)
[6.106s] Level 1:colcon.colcon_core.shell:create_environment_hook('sound_localizer', 'pythonpath_develop')
[6.107s] INFO:colcon.colcon_core.shell:Creating environment hook '/home/user/sound_lidar_ws/build/sound_localizer/share/sound_localizer/hook/pythonpath_develop.ps1'
[6.108s] DEBUG:colcon.colcon_core.event_handler.log_command:Invoked command in '/home/user/sound_lidar_ws/build/sound_localizer' returned '0': CMAKE_PREFIX_PATH=/home/user/sound_lidar_ws/install/sound_interfaces:/home/user/ros2_ws/install/unitree_lidar_ros2:/opt/ros/jazzy/opt/gz_sim_vendor:/opt/ros/jazzy/opt/gz_sensors_vendor:/opt/ros/jazzy/opt/gz_physics_vendor:/opt/ros/jazzy/opt/sdformat_vendor:/opt/ros/jazzy/opt/gz_gui_vendor:/opt/ros/jazzy/opt/gz_transport_vendor:/opt/ros/jazzy/opt/gz_rendering_vendor:/opt/ros/jazzy/opt/gz_plugin_vendor:/opt/ros/jazzy/opt/gz_fuel_tools_vendor:/opt/ros/jazzy/opt/gz_msgs_vendor:/opt/ros/jazzy/opt/gz_common_vendor:/opt/ros/jazzy/opt/gz_math_vendor:/opt/ros/jazzy/opt/gz_utils_vendor:/opt/ros/jazzy/opt/gz_tools_vendor:/opt/ros/jazzy/opt/gz_ogre_next_vendor:/opt/ros/jazzy/opt/gz_dartsim_vendor:/opt/ros/jazzy/opt/gz_cmake_vendor DEBUGINFOD_URLS=https://debuginfod.ubuntu.com PYTHONPATH=/home/user/sound_lidar_ws/build/sound_localizer/prefix_override:/usr/lib/python3/dist-packages/colcon_core/task/python/colcon_distutils_commands:/home/user/sound_lidar_ws/install/sound_localizer/lib/python3.12/site-packages:/home/user/sound_lidar_ws/install/sound_interfaces/lib/python3.12/site-packages:/home/user/sound_lidar_ws/build/sound_localizer:/home/user/sound_lidar_ws/install/sound_localizer/lib/python3.12/site-packages:/home/user/sound_lidar_ws/build/lidar_focus:/home/user/sound_lidar_ws/install/lidar_focus/lib/python3.12/site-packages:/opt/ros/jazzy/lib/python3.12/site-packages /usr/bin/python3 -W ignore:setup.py install is deprecated -W ignore:easy_install command is deprecated setup.py develop --editable --build-directory /home/user/sound_lidar_ws/build/sound_localizer/build --no-deps symlink_data
[6.109s] INFO:colcon.colcon_core.shell:Creating environment descriptor '/home/user/sound_lidar_ws/build/sound_localizer/share/sound_localizer/hook/pythonpath_develop.dsv'
[6.110s] INFO:colcon.colcon_core.shell:Creating environment hook '/home/user/sound_lidar_ws/build/sound_localizer/share/sound_localizer/hook/pythonpath_develop.sh'
[6.111s] Level 1:colcon.colcon_core.environment:checking '/home/user/sound_lidar_ws/install/sound_localizer' for CMake module files
[6.112s] Level 1:colcon.colcon_core.environment:checking '/home/user/sound_lidar_ws/install/sound_localizer' for CMake config files
[6.113s] Level 1:colcon.colcon_core.environment:checking '/home/user/sound_lidar_ws/install/sound_localizer/lib'
[6.113s] Level 1:colcon.colcon_core.environment:checking '/home/user/sound_lidar_ws/install/sound_localizer/bin'
[6.114s] Level 1:colcon.colcon_core.shell:create_environment_hook('sound_localizer', 'path')
[6.114s] INFO:colcon.colcon_core.shell:Creating environment hook '/home/user/sound_lidar_ws/install/sound_localizer/share/sound_localizer/hook/path.ps1'
[6.115s] INFO:colcon.colcon_core.shell:Creating environment descriptor '/home/user/sound_lidar_ws/install/sound_localizer/share/sound_localizer/hook/path.dsv'
[6.116s] INFO:colcon.colcon_core.shell:Creating environment hook '/home/user/sound_lidar_ws/install/sound_localizer/share/sound_localizer/hook/path.sh'
[6.117s] Level 1:colcon.colcon_core.environment:checking '/home/user/sound_lidar_ws/install/sound_localizer/lib/pkgconfig/sound_localizer.pc'
[6.117s] Level 1:colcon.colcon_core.environment:checking '/home/user/sound_lidar_ws/install/sound_localizer/lib/python3.12/site-packages'
[6.118s] Level 1:colcon.colcon_core.shell:create_environment_hook('sound_localizer', 'pythonpath')
[6.118s] INFO:colcon.colcon_core.shell:Creating environment hook '/home/user/sound_lidar_ws/install/sound_localizer/share/sound_localizer/hook/pythonpath.ps1'
[6.120s] INFO:colcon.colcon_core.shell:Creating environment descriptor '/home/user/sound_lidar_ws/install/sound_localizer/share/sound_localizer/hook/pythonpath.dsv'
[6.121s] INFO:colcon.colcon_core.shell:Creating environment hook '/home/user/sound_lidar_ws/install/sound_localizer/share/sound_localizer/hook/pythonpath.sh'
[6.122s] Level 1:colcon.colcon_core.environment:checking '/home/user/sound_lidar_ws/install/sound_localizer/bin'
[6.123s] Level 1:colcon.colcon_core.shell:create_environment_hook('sound_localizer', 'pythonscriptspath')
[6.123s] INFO:colcon.colcon_core.shell:Creating environment hook '/home/user/sound_lidar_ws/install/sound_localizer/share/sound_localizer/hook/pythonscriptspath.ps1'
[6.124s] INFO:colcon.colcon_core.shell:Creating environment descriptor '/home/user/sound_lidar_ws/install/sound_localizer/share/sound_localizer/hook/pythonscriptspath.dsv'
[6.125s] INFO:colcon.colcon_core.shell:Creating environment hook '/home/user/sound_lidar_ws/install/sound_localizer/share/sound_localizer/hook/pythonscriptspath.sh'
[6.126s] Level 1:colcon.colcon_core.environment:create_environment_scripts_only(sound_localizer)
[6.129s] INFO:colcon.colcon_core.shell:Creating package script '/home/user/sound_lidar_ws/install/sound_localizer/share/sound_localizer/package.ps1'
[6.136s] INFO:colcon.colcon_core.shell:Creating package descriptor '/home/user/sound_lidar_ws/install/sound_localizer/share/sound_localizer/package.dsv'
[6.139s] INFO:colcon.colcon_core.shell:Creating package script '/home/user/sound_lidar_ws/install/sound_localizer/share/sound_localizer/package.sh'
[6.145s] INFO:colcon.colcon_core.shell:Creating package script '/home/user/sound_lidar_ws/install/sound_localizer/share/sound_localizer/package.bash'
[6.147s] INFO:colcon.colcon_core.shell:Creating package script '/home/user/sound_lidar_ws/install/sound_localizer/share/sound_localizer/package.zsh'
[6.147s] Level 1:colcon.colcon_core.environment:create_file_with_runtime_dependencies(/home/user/sound_lidar_ws/install/sound_localizer/share/colcon-core/packages/sound_localizer)
[6.149s] DEBUG:colcon.colcon_parallel_executor.executor.parallel:closing loop
[6.150s] DEBUG:colcon.colcon_parallel_executor.executor.parallel:loop closed
[6.150s] DEBUG:colcon.colcon_parallel_executor.executor.parallel:run_until_complete finished with '0'
[6.150s] DEBUG:colcon.colcon_core.event_reactor:joining thread
[6.163s] INFO:colcon.colcon_core.plugin_system:Skipping extension 'colcon_notification.desktop_notification.terminal_notifier': Not used on non-Darwin systems
[6.163s] INFO:colcon.colcon_core.plugin_system:Skipping extension 'colcon_notification.desktop_notification.win32': Not used on non-Windows systems
[6.163s] INFO:colcon.colcon_notification.desktop_notification:Sending desktop notification using 'notify2'
[6.214s] DEBUG:colcon.colcon_core.event_reactor:joined thread
[6.215s] INFO:colcon.colcon_core.shell:Creating prefix script '/home/user/sound_lidar_ws/install/local_setup.ps1'
[6.216s] INFO:colcon.colcon_core.shell:Creating prefix util module '/home/user/sound_lidar_ws/install/_local_setup_util_ps1.py'
[6.218s] INFO:colcon.colcon_core.shell:Creating prefix chain script '/home/user/sound_lidar_ws/install/setup.ps1'
[6.221s] INFO:colcon.colcon_core.shell:Creating prefix script '/home/user/sound_lidar_ws/install/local_setup.sh'
[6.222s] INFO:colcon.colcon_core.shell:Creating prefix util module '/home/user/sound_lidar_ws/install/_local_setup_util_sh.py'
[6.224s] INFO:colcon.colcon_core.shell:Creating prefix chain script '/home/user/sound_lidar_ws/install/setup.sh'
[6.226s] INFO:colcon.colcon_core.shell:Creating prefix script '/home/user/sound_lidar_ws/install/local_setup.bash'
[6.227s] INFO:colcon.colcon_core.shell:Creating prefix chain script '/home/user/sound_lidar_ws/install/setup.bash'
[6.229s] INFO:colcon.colcon_core.shell:Creating prefix script '/home/user/sound_lidar_ws/install/local_setup.zsh'
[6.230s] INFO:colcon.colcon_core.shell:Creating prefix chain script '/home/user/sound_lidar_ws/install/setup.zsh'
