[2.007s] Invoking command in '/home/user/sound_lidar_ws/build/lidar_focus': DEBUGINFOD_URLS=https://debuginfod.ubuntu.com PYTHONPATH=/home/user/sound_lidar_ws/build/lidar_focus/prefix_override:/usr/lib/python3/dist-packages/colcon_core/task/python/colcon_distutils_commands:/home/user/sound_lidar_ws/install/lidar_focus/lib/python3.12/site-packages:/home/user/sound_lidar_ws/install/sound_interfaces/lib/python3.12/site-packages:/home/user/sound_lidar_ws/build/sound_localizer:/home/user/sound_lidar_ws/install/sound_localizer/lib/python3.12/site-packages:/home/user/sound_lidar_ws/build/lidar_focus:/home/user/sound_lidar_ws/install/lidar_focus/lib/python3.12/site-packages:/opt/ros/jazzy/lib/python3.12/site-packages /usr/bin/python3 -W ignore:setup.py install is deprecated -W ignore:easy_install command is deprecated setup.py develop --editable --build-directory /home/user/sound_lidar_ws/build/lidar_focus/build --no-deps symlink_data
[2.537s] running develop
[2.828s] running egg_info
[2.829s] creating lidar_focus.egg-info
[2.855s] writing lidar_focus.egg-info/PKG-INFO
[2.855s] writing dependency_links to lidar_focus.egg-info/dependency_links.txt
[2.856s] writing entry points to lidar_focus.egg-info/entry_points.txt
[2.856s] writing requirements to lidar_focus.egg-info/requires.txt
[2.856s] writing top-level names to lidar_focus.egg-info/top_level.txt
[2.856s] writing manifest file 'lidar_focus.egg-info/SOURCES.txt'
[2.917s] reading manifest file 'lidar_focus.egg-info/SOURCES.txt'
[2.918s] writing manifest file 'lidar_focus.egg-info/SOURCES.txt'
[2.947s] running build_ext
[2.947s] Creating /home/user/sound_lidar_ws/install/lidar_focus/lib/python3.12/site-packages/lidar-focus.egg-link (link to .)
[2.948s] Installing ground_removal_node script to /home/user/sound_lidar_ws/install/lidar_focus/lib/lidar_focus
[2.949s] Installing human_bbox_node script to /home/user/sound_lidar_ws/install/lidar_focus/lib/lidar_focus
[2.949s] Installing lidar_focus_node script to /home/user/sound_lidar_ws/install/lidar_focus/lib/lidar_focus
[2.949s] Installing sound_motion_roi_node script to /home/user/sound_lidar_ws/install/lidar_focus/lib/lidar_focus
[2.950s] 
[2.950s] Installed /home/user/sound_lidar_ws/build/lidar_focus
[2.951s] running symlink_data
[2.951s] creating /home/user/sound_lidar_ws/install/lidar_focus/share/ament_index
[2.951s] creating /home/user/sound_lidar_ws/install/lidar_focus/share/ament_index/resource_index
[2.951s] creating /home/user/sound_lidar_ws/install/lidar_focus/share/ament_index/resource_index/packages
[2.951s] symbolically linking /home/user/sound_lidar_ws/build/lidar_focus/resource/lidar_focus -> /home/user/sound_lidar_ws/install/lidar_focus/share/ament_index/resource_index/packages
[2.951s] symbolically linking /home/user/sound_lidar_ws/build/lidar_focus/package.xml -> /home/user/sound_lidar_ws/install/lidar_focus/share/lidar_focus
[2.951s] creating /home/user/sound_lidar_ws/install/lidar_focus/share/lidar_focus/launch
[2.951s] symbolically linking /home/user/sound_lidar_ws/build/lidar_focus/launch/sound_lidar.launch.py -> /home/user/sound_lidar_ws/install/lidar_focus/share/lidar_focus/launch
[3.128s] Invoked command in '/home/user/sound_lidar_ws/build/lidar_focus' returned '0': DEBUGINFOD_URLS=https://debuginfod.ubuntu.com PYTHONPATH=/home/user/sound_lidar_ws/build/lidar_focus/prefix_override:/usr/lib/python3/dist-packages/colcon_core/task/python/colcon_distutils_commands:/home/user/sound_lidar_ws/install/lidar_focus/lib/python3.12/site-packages:/home/user/sound_lidar_ws/install/sound_interfaces/lib/python3.12/site-packages:/home/user/sound_lidar_ws/build/sound_localizer:/home/user/sound_lidar_ws/install/sound_localizer/lib/python3.12/site-packages:/home/user/sound_lidar_ws/build/lidar_focus:/home/user/sound_lidar_ws/install/lidar_focus/lib/python3.12/site-packages:/opt/ros/jazzy/lib/python3.12/site-packages /usr/bin/python3 -W ignore:setup.py install is deprecated -W ignore:easy_install command is deprecated setup.py develop --editable --build-directory /home/user/sound_lidar_ws/build/lidar_focus/build --no-deps symlink_data
