[0.411s] DEBUG:colcon:Command line arguments: ['/usr/bin/colcon', 'build', '--symlink-install']
[0.411s] DEBUG:colcon:Parsed command line arguments: Namespace(log_base=None, log_level=None, verb_name='build', build_base='build', install_base='install', merge_install=False, symlink_install=True, test_result_base=None, continue_on_error=False, executor='parallel', parallel_workers=4, event_handlers=None, ignore_user_meta=False, metas=['./colcon.meta'], base_paths=['.'], packages_ignore=None, packages_ignore_regex=None, paths=None, packages_up_to=None, packages_up_to_regex=None, packages_above=None, packages_above_and_dependencies=None, packages_above_depth=None, packages_select_by_dep=None, packages_skip_by_dep=None, packages_skip_up_to=None, packages_select_build_failed=False, packages_skip_build_finished=False, packages_select_test_failures=False, packages_skip_test_passed=False, packages_select=None, packages_skip=None, packages_select_regex=None, packages_skip_regex=None, packages_start=None, packages_end=None, allow_overriding=[], cmake_args=None, cmake_target=None, cmake_target_skip_unavailable=False, cmake_clean_cache=False, cmake_clean_first=False, cmake_force_configure=False, ament_cmake_args=None, catkin_cmake_args=None, catkin_skip_building_tests=False, mixin_files=None, mixin=None, verb_parser=<colcon_mixin.mixin.mixin_argument.MixinArgumentDecorator object at 0xffff8986cb90>, verb_extension=<colcon_core.verb.build.BuildVerb object at 0xffff89a29010>, main=<bound method BuildVerb.main of <colcon_core.verb.build.BuildVerb object at 0xffff89a29010>>, mixin_verb=('build',))
[0.524s] Level 1:colcon.colcon_core.package_discovery:discover_packages(colcon_meta) check parameters
[0.524s] Level 1:colcon.colcon_core.package_discovery:discover_packages(recursive) check parameters
[0.525s] Level 1:colcon.colcon_core.package_discovery:discover_packages(ignore) check parameters
[0.525s] Level 1:colcon.colcon_core.package_discovery:discover_packages(path) check parameters
[0.525s] Level 1:colcon.colcon_core.package_discovery:discover_packages(colcon_meta) discover
[0.525s] Level 1:colcon.colcon_core.package_discovery:discover_packages(recursive) discover
[0.525s] INFO:colcon.colcon_core.package_discovery:Crawling recursively for packages in '/home/user/sound_lidar_ws'
[0.525s] Level 1:colcon.colcon_core.package_identification:_identify(.) by extensions ['ignore', 'ignore_ament_install']
[0.525s] Level 1:colcon.colcon_core.package_identification:_identify(.) by extension 'ignore'
[0.525s] Level 1:colcon.colcon_core.package_identification:_identify(.) by extension 'ignore_ament_install'
[0.525s] Level 1:colcon.colcon_core.package_identification:_identify(.) by extensions ['colcon_pkg']
[0.525s] Level 1:colcon.colcon_core.package_identification:_identify(.) by extension 'colcon_pkg'
[0.525s] Level 1:colcon.colcon_core.package_identification:_identify(.) by extensions ['colcon_meta']
[0.525s] Level 1:colcon.colcon_core.package_identification:_identify(.) by extension 'colcon_meta'
[0.525s] Level 1:colcon.colcon_core.package_identification:_identify(.) by extensions ['ros']
[0.525s] Level 1:colcon.colcon_core.package_identification:_identify(.) by extension 'ros'
[0.584s] Level 1:colcon.colcon_core.package_identification:_identify(.) by extensions ['cmake', 'python']
[0.584s] Level 1:colcon.colcon_core.package_identification:_identify(.) by extension 'cmake'
[0.584s] Level 1:colcon.colcon_core.package_identification:_identify(.) by extension 'python'
[0.584s] Level 1:colcon.colcon_core.package_identification:_identify(.) by extensions ['python_setup_py']
[0.584s] Level 1:colcon.colcon_core.package_identification:_identify(.) by extension 'python_setup_py'
[0.584s] Level 1:colcon.colcon_core.package_identification:_identify(build) by extensions ['ignore', 'ignore_ament_install']
[0.584s] Level 1:colcon.colcon_core.package_identification:_identify(build) by extension 'ignore'
[0.585s] Level 1:colcon.colcon_core.package_identification:_identify(build) ignored
[0.585s] Level 1:colcon.colcon_core.package_identification:_identify(install) by extensions ['ignore', 'ignore_ament_install']
[0.585s] Level 1:colcon.colcon_core.package_identification:_identify(install) by extension 'ignore'
[0.585s] Level 1:colcon.colcon_core.package_identification:_identify(install) ignored
[0.585s] Level 1:colcon.colcon_core.package_identification:_identify(log) by extensions ['ignore', 'ignore_ament_install']
[0.585s] Level 1:colcon.colcon_core.package_identification:_identify(log) by extension 'ignore'
[0.585s] Level 1:colcon.colcon_core.package_identification:_identify(log) ignored
[0.585s] Level 1:colcon.colcon_core.package_identification:_identify(my_lidar_data) by extensions ['ignore', 'ignore_ament_install']
[0.585s] Level 1:colcon.colcon_core.package_identification:_identify(my_lidar_data) by extension 'ignore'
[0.586s] Level 1:colcon.colcon_core.package_identification:_identify(my_lidar_data) by extension 'ignore_ament_install'
[0.586s] Level 1:colcon.colcon_core.package_identification:_identify(my_lidar_data) by extensions ['colcon_pkg']
[0.586s] Level 1:colcon.colcon_core.package_identification:_identify(my_lidar_data) by extension 'colcon_pkg'
[0.586s] Level 1:colcon.colcon_core.package_identification:_identify(my_lidar_data) by extensions ['colcon_meta']
[0.586s] Level 1:colcon.colcon_core.package_identification:_identify(my_lidar_data) by extension 'colcon_meta'
[0.586s] Level 1:colcon.colcon_core.package_identification:_identify(my_lidar_data) by extensions ['ros']
[0.586s] Level 1:colcon.colcon_core.package_identification:_identify(my_lidar_data) by extension 'ros'
[0.586s] Level 1:colcon.colcon_core.package_identification:_identify(my_lidar_data) by extensions ['cmake', 'python']
[0.586s] Level 1:colcon.colcon_core.package_identification:_identify(my_lidar_data) by extension 'cmake'
[0.587s] Level 1:colcon.colcon_core.package_identification:_identify(my_lidar_data) by extension 'python'
[0.587s] Level 1:colcon.colcon_core.package_identification:_identify(my_lidar_data) by extensions ['python_setup_py']
[0.587s] Level 1:colcon.colcon_core.package_identification:_identify(my_lidar_data) by extension 'python_setup_py'
[0.587s] Level 1:colcon.colcon_core.package_identification:_identify(src) by extensions ['ignore', 'ignore_ament_install']
[0.587s] Level 1:colcon.colcon_core.package_identification:_identify(src) by extension 'ignore'
[0.587s] Level 1:colcon.colcon_core.package_identification:_identify(src) by extension 'ignore_ament_install'
[0.587s] Level 1:colcon.colcon_core.package_identification:_identify(src) by extensions ['colcon_pkg']
[0.587s] Level 1:colcon.colcon_core.package_identification:_identify(src) by extension 'colcon_pkg'
[0.587s] Level 1:colcon.colcon_core.package_identification:_identify(src) by extensions ['colcon_meta']
[0.587s] Level 1:colcon.colcon_core.package_identification:_identify(src) by extension 'colcon_meta'
[0.587s] Level 1:colcon.colcon_core.package_identification:_identify(src) by extensions ['ros']
[0.587s] Level 1:colcon.colcon_core.package_identification:_identify(src) by extension 'ros'
[0.588s] Level 1:colcon.colcon_core.package_identification:_identify(src) by extensions ['cmake', 'python']
[0.588s] Level 1:colcon.colcon_core.package_identification:_identify(src) by extension 'cmake'
[0.588s] Level 1:colcon.colcon_core.package_identification:_identify(src) by extension 'python'
[0.588s] Level 1:colcon.colcon_core.package_identification:_identify(src) by extensions ['python_setup_py']
[0.588s] Level 1:colcon.colcon_core.package_identification:_identify(src) by extension 'python_setup_py'
[0.588s] Level 1:colcon.colcon_core.package_identification:_identify(src/lidar_focus) by extensions ['ignore', 'ignore_ament_install']
[0.588s] Level 1:colcon.colcon_core.package_identification:_identify(src/lidar_focus) by extension 'ignore'
[0.588s] Level 1:colcon.colcon_core.package_identification:_identify(src/lidar_focus) by extension 'ignore_ament_install'
[0.588s] Level 1:colcon.colcon_core.package_identification:_identify(src/lidar_focus) by extensions ['colcon_pkg']
[0.588s] Level 1:colcon.colcon_core.package_identification:_identify(src/lidar_focus) by extension 'colcon_pkg'
[0.589s] Level 1:colcon.colcon_core.package_identification:_identify(src/lidar_focus) by extensions ['colcon_meta']
[0.589s] Level 1:colcon.colcon_core.package_identification:_identify(src/lidar_focus) by extension 'colcon_meta'
[0.589s] Level 1:colcon.colcon_core.package_identification:_identify(src/lidar_focus) by extensions ['ros']
[0.589s] Level 1:colcon.colcon_core.package_identification:_identify(src/lidar_focus) by extension 'ros'
[0.598s] DEBUG:colcon.colcon_core.package_identification:Package 'src/lidar_focus' with type 'ros.ament_python' and name 'lidar_focus'
[0.599s] Level 1:colcon.colcon_core.package_identification:_identify(src/sound_interfaces) by extensions ['ignore', 'ignore_ament_install']
[0.599s] Level 1:colcon.colcon_core.package_identification:_identify(src/sound_interfaces) by extension 'ignore'
[0.599s] Level 1:colcon.colcon_core.package_identification:_identify(src/sound_interfaces) by extension 'ignore_ament_install'
[0.599s] Level 1:colcon.colcon_core.package_identification:_identify(src/sound_interfaces) by extensions ['colcon_pkg']
[0.599s] Level 1:colcon.colcon_core.package_identification:_identify(src/sound_interfaces) by extension 'colcon_pkg'
[0.599s] Level 1:colcon.colcon_core.package_identification:_identify(src/sound_interfaces) by extensions ['colcon_meta']
[0.599s] Level 1:colcon.colcon_core.package_identification:_identify(src/sound_interfaces) by extension 'colcon_meta'
[0.599s] Level 1:colcon.colcon_core.package_identification:_identify(src/sound_interfaces) by extensions ['ros']
[0.599s] Level 1:colcon.colcon_core.package_identification:_identify(src/sound_interfaces) by extension 'ros'
[0.601s] DEBUG:colcon.colcon_core.package_identification:Package 'src/sound_interfaces' with type 'ros.ament_cmake' and name 'sound_interfaces'
[0.601s] Level 1:colcon.colcon_core.package_identification:_identify(src/sound_localizer) by extensions ['ignore', 'ignore_ament_install']
[0.601s] Level 1:colcon.colcon_core.package_identification:_identify(src/sound_localizer) by extension 'ignore'
[0.601s] Level 1:colcon.colcon_core.package_identification:_identify(src/sound_localizer) by extension 'ignore_ament_install'
[0.601s] Level 1:colcon.colcon_core.package_identification:_identify(src/sound_localizer) by extensions ['colcon_pkg']
[0.601s] Level 1:colcon.colcon_core.package_identification:_identify(src/sound_localizer) by extension 'colcon_pkg'
[0.601s] Level 1:colcon.colcon_core.package_identification:_identify(src/sound_localizer) by extensions ['colcon_meta']
[0.601s] Level 1:colcon.colcon_core.package_identification:_identify(src/sound_localizer) by extension 'colcon_meta'
[0.602s] Level 1:colcon.colcon_core.package_identification:_identify(src/sound_localizer) by extensions ['ros']
[0.602s] Level 1:colcon.colcon_core.package_identification:_identify(src/sound_localizer) by extension 'ros'
[0.603s] DEBUG:colcon.colcon_core.package_identification:Package 'src/sound_localizer' with type 'ros.ament_python' and name 'sound_localizer'
[0.603s] Level 1:colcon.colcon_core.package_discovery:discover_packages(recursive) using defaults
[0.603s] Level 1:colcon.colcon_core.package_discovery:discover_packages(ignore) discover
[0.603s] Level 1:colcon.colcon_core.package_discovery:discover_packages(ignore) using defaults
[0.603s] Level 1:colcon.colcon_core.package_discovery:discover_packages(path) discover
[0.603s] Level 1:colcon.colcon_core.package_discovery:discover_packages(path) using defaults
[0.643s] Level 1:colcon.colcon_core.package_discovery:discover_packages(prefix_path) check parameters
[0.643s] Level 1:colcon.colcon_core.package_discovery:discover_packages(prefix_path) discover
[0.650s] DEBUG:colcon.colcon_installed_package_information.package_discovery:Found 337 installed packages in /opt/ros/jazzy
[0.653s] Level 1:colcon.colcon_core.package_discovery:discover_packages(prefix_path) using defaults
[0.726s] Level 5:colcon.colcon_core.verb:set package 'sound_interfaces' build argument 'cmake_args' from command line to 'None'
[0.726s] Level 5:colcon.colcon_core.verb:set package 'sound_interfaces' build argument 'cmake_target' from command line to 'None'
[0.726s] Level 5:colcon.colcon_core.verb:set package 'sound_interfaces' build argument 'cmake_target_skip_unavailable' from command line to 'False'
[0.726s] Level 5:colcon.colcon_core.verb:set package 'sound_interfaces' build argument 'cmake_clean_cache' from command line to 'False'
[0.726s] Level 5:colcon.colcon_core.verb:set package 'sound_interfaces' build argument 'cmake_clean_first' from command line to 'False'
[0.726s] Level 5:colcon.colcon_core.verb:set package 'sound_interfaces' build argument 'cmake_force_configure' from command line to 'False'
[0.726s] Level 5:colcon.colcon_core.verb:set package 'sound_interfaces' build argument 'ament_cmake_args' from command line to 'None'
[0.726s] Level 5:colcon.colcon_core.verb:set package 'sound_interfaces' build argument 'catkin_cmake_args' from command line to 'None'
[0.726s] Level 5:colcon.colcon_core.verb:set package 'sound_interfaces' build argument 'catkin_skip_building_tests' from command line to 'False'
[0.726s] DEBUG:colcon.colcon_core.verb:Building package 'sound_interfaces' with the following arguments: {'ament_cmake_args': None, 'build_base': '/home/user/sound_lidar_ws/build/sound_interfaces', 'catkin_cmake_args': None, 'catkin_skip_building_tests': False, 'cmake_args': None, 'cmake_clean_cache': False, 'cmake_clean_first': False, 'cmake_force_configure': False, 'cmake_target': None, 'cmake_target_skip_unavailable': False, 'install_base': '/home/user/sound_lidar_ws/install/sound_interfaces', 'merge_install': False, 'path': '/home/user/sound_lidar_ws/src/sound_interfaces', 'symlink_install': True, 'test_result_base': None}
[0.726s] Level 5:colcon.colcon_core.verb:set package 'lidar_focus' build argument 'cmake_args' from command line to 'None'
[0.726s] Level 5:colcon.colcon_core.verb:set package 'lidar_focus' build argument 'cmake_target' from command line to 'None'
[0.726s] Level 5:colcon.colcon_core.verb:set package 'lidar_focus' build argument 'cmake_target_skip_unavailable' from command line to 'False'
[0.727s] Level 5:colcon.colcon_core.verb:set package 'lidar_focus' build argument 'cmake_clean_cache' from command line to 'False'
[0.727s] Level 5:colcon.colcon_core.verb:set package 'lidar_focus' build argument 'cmake_clean_first' from command line to 'False'
[0.727s] Level 5:colcon.colcon_core.verb:set package 'lidar_focus' build argument 'cmake_force_configure' from command line to 'False'
[0.727s] Level 5:colcon.colcon_core.verb:set package 'lidar_focus' build argument 'ament_cmake_args' from command line to 'None'
[0.727s] Level 5:colcon.colcon_core.verb:set package 'lidar_focus' build argument 'catkin_cmake_args' from command line to 'None'
[0.727s] Level 5:colcon.colcon_core.verb:set package 'lidar_focus' build argument 'catkin_skip_building_tests' from command line to 'False'
[0.727s] DEBUG:colcon.colcon_core.verb:Building package 'lidar_focus' with the following arguments: {'ament_cmake_args': None, 'build_base': '/home/user/sound_lidar_ws/build/lidar_focus', 'catkin_cmake_args': None, 'catkin_skip_building_tests': False, 'cmake_args': None, 'cmake_clean_cache': False, 'cmake_clean_first': False, 'cmake_force_configure': False, 'cmake_target': None, 'cmake_target_skip_unavailable': False, 'install_base': '/home/user/sound_lidar_ws/install/lidar_focus', 'merge_install': False, 'path': '/home/user/sound_lidar_ws/src/lidar_focus', 'symlink_install': True, 'test_result_base': None}
[0.727s] Level 5:colcon.colcon_core.verb:set package 'sound_localizer' build argument 'cmake_args' from command line to 'None'
[0.727s] Level 5:colcon.colcon_core.verb:set package 'sound_localizer' build argument 'cmake_target' from command line to 'None'
[0.727s] Level 5:colcon.colcon_core.verb:set package 'sound_localizer' build argument 'cmake_target_skip_unavailable' from command line to 'False'
[0.727s] Level 5:colcon.colcon_core.verb:set package 'sound_localizer' build argument 'cmake_clean_cache' from command line to 'False'
[0.727s] Level 5:colcon.colcon_core.verb:set package 'sound_localizer' build argument 'cmake_clean_first' from command line to 'False'
[0.727s] Level 5:colcon.colcon_core.verb:set package 'sound_localizer' build argument 'cmake_force_configure' from command line to 'False'
[0.727s] Level 5:colcon.colcon_core.verb:set package 'sound_localizer' build argument 'ament_cmake_args' from command line to 'None'
[0.727s] Level 5:colcon.colcon_core.verb:set package 'sound_localizer' build argument 'catkin_cmake_args' from command line to 'None'
[0.727s] Level 5:colcon.colcon_core.verb:set package 'sound_localizer' build argument 'catkin_skip_building_tests' from command line to 'False'
[0.727s] DEBUG:colcon.colcon_core.verb:Building package 'sound_localizer' with the following arguments: {'ament_cmake_args': None, 'build_base': '/home/user/sound_lidar_ws/build/sound_localizer', 'catkin_cmake_args': None, 'catkin_skip_building_tests': False, 'cmake_args': None, 'cmake_clean_cache': False, 'cmake_clean_first': False, 'cmake_force_configure': False, 'cmake_target': None, 'cmake_target_skip_unavailable': False, 'install_base': '/home/user/sound_lidar_ws/install/sound_localizer', 'merge_install': False, 'path': '/home/user/sound_lidar_ws/src/sound_localizer', 'symlink_install': True, 'test_result_base': None}
[0.727s] INFO:colcon.colcon_core.executor:Executing jobs using 'parallel' executor
[0.729s] DEBUG:colcon.colcon_parallel_executor.executor.parallel:run_until_complete
[0.730s] INFO:colcon.colcon_ros.task.ament_cmake.build:Building ROS package in '/home/user/sound_lidar_ws/src/sound_interfaces' with build type 'ament_cmake'
[0.730s] INFO:colcon.colcon_cmake.task.cmake.build:Building CMake package in '/home/user/sound_lidar_ws/src/sound_interfaces'
[0.744s] INFO:colcon.colcon_core.plugin_system:Skipping extension 'colcon_core.shell.bat': Not used on non-Windows systems
[0.745s] INFO:colcon.colcon_core.shell:Skip shell extension 'powershell' for command environment: Not usable outside of PowerShell
[0.745s] DEBUG:colcon.colcon_core.shell:Skip shell extension 'dsv' for command environment
[0.759s] DEBUG:colcon.colcon_core.event_handler.log_command:Invoking command in '/home/user/sound_lidar_ws/build/sound_interfaces': CMAKE_PREFIX_PATH=${CMAKE_PREFIX_PATH}:/opt/ros/jazzy DEBUGINFOD_URLS=https://debuginfod.ubuntu.com /usr/bin/cmake --build /home/user/sound_lidar_ws/build/sound_interfaces -- -j4 -l4
[1.899s] DEBUG:colcon.colcon_core.event_handler.log_command:Invoked command in '/home/user/sound_lidar_ws/build/sound_interfaces' returned '0': CMAKE_PREFIX_PATH=${CMAKE_PREFIX_PATH}:/opt/ros/jazzy DEBUGINFOD_URLS=https://debuginfod.ubuntu.com /usr/bin/cmake --build /home/user/sound_lidar_ws/build/sound_interfaces -- -j4 -l4
[1.932s] DEBUG:colcon.colcon_core.event_handler.log_command:Invoking command in '/home/user/sound_lidar_ws/build/sound_interfaces': CMAKE_PREFIX_PATH=${CMAKE_PREFIX_PATH}:/opt/ros/jazzy DEBUGINFOD_URLS=https://debuginfod.ubuntu.com /usr/bin/cmake --install /home/user/sound_lidar_ws/build/sound_interfaces
[2.136s] Level 1:colcon.colcon_core.environment:create_environment_scripts_only(sound_interfaces)
[2.137s] DEBUG:colcon.colcon_core.event_handler.log_command:Invoked command in '/home/user/sound_lidar_ws/build/sound_interfaces' returned '0': CMAKE_PREFIX_PATH=${CMAKE_PREFIX_PATH}:/opt/ros/jazzy DEBUGINFOD_URLS=https://debuginfod.ubuntu.com /usr/bin/cmake --install /home/user/sound_lidar_ws/build/sound_interfaces
[2.149s] Level 1:colcon.colcon_core.environment:checking '/home/user/sound_lidar_ws/install/sound_interfaces' for CMake module files
[2.150s] Level 1:colcon.colcon_core.environment:checking '/home/user/sound_lidar_ws/install/sound_interfaces' for CMake config files
[2.151s] Level 1:colcon.colcon_core.shell:create_environment_hook('sound_interfaces', 'cmake_prefix_path')
[2.152s] INFO:colcon.colcon_core.shell:Creating environment hook '/home/user/sound_lidar_ws/install/sound_interfaces/share/sound_interfaces/hook/cmake_prefix_path.ps1'
[2.154s] INFO:colcon.colcon_core.shell:Creating environment descriptor '/home/user/sound_lidar_ws/install/sound_interfaces/share/sound_interfaces/hook/cmake_prefix_path.dsv'
[2.155s] INFO:colcon.colcon_core.shell:Creating environment hook '/home/user/sound_lidar_ws/install/sound_interfaces/share/sound_interfaces/hook/cmake_prefix_path.sh'
[2.157s] Level 1:colcon.colcon_core.environment:checking '/home/user/sound_lidar_ws/install/sound_interfaces/lib'
[2.158s] Level 1:colcon.colcon_core.shell:create_environment_hook('sound_interfaces', 'ld_library_path_lib')
[2.158s] INFO:colcon.colcon_core.shell:Creating environment hook '/home/user/sound_lidar_ws/install/sound_interfaces/share/sound_interfaces/hook/ld_library_path_lib.ps1'
[2.159s] INFO:colcon.colcon_core.shell:Creating environment descriptor '/home/user/sound_lidar_ws/install/sound_interfaces/share/sound_interfaces/hook/ld_library_path_lib.dsv'
[2.159s] INFO:colcon.colcon_core.shell:Creating environment hook '/home/user/sound_lidar_ws/install/sound_interfaces/share/sound_interfaces/hook/ld_library_path_lib.sh'
[2.160s] Level 1:colcon.colcon_core.environment:checking '/home/user/sound_lidar_ws/install/sound_interfaces/bin'
[2.160s] Level 1:colcon.colcon_core.environment:checking '/home/user/sound_lidar_ws/install/sound_interfaces/lib/pkgconfig/sound_interfaces.pc'
[2.161s] Level 1:colcon.colcon_core.environment:checking '/home/user/sound_lidar_ws/install/sound_interfaces/lib/python3.12/site-packages'
[2.161s] Level 1:colcon.colcon_core.shell:create_environment_hook('sound_interfaces', 'pythonpath')
[2.161s] INFO:colcon.colcon_core.shell:Creating environment hook '/home/user/sound_lidar_ws/install/sound_interfaces/share/sound_interfaces/hook/pythonpath.ps1'
[2.162s] INFO:colcon.colcon_core.shell:Creating environment descriptor '/home/user/sound_lidar_ws/install/sound_interfaces/share/sound_interfaces/hook/pythonpath.dsv'
[2.163s] INFO:colcon.colcon_core.shell:Creating environment hook '/home/user/sound_lidar_ws/install/sound_interfaces/share/sound_interfaces/hook/pythonpath.sh'
[2.164s] Level 1:colcon.colcon_core.environment:checking '/home/user/sound_lidar_ws/install/sound_interfaces/bin'
[2.164s] INFO:colcon.colcon_core.shell:Creating package script '/home/user/sound_lidar_ws/install/sound_interfaces/share/sound_interfaces/package.ps1'
[2.166s] INFO:colcon.colcon_core.shell:Creating package descriptor '/home/user/sound_lidar_ws/install/sound_interfaces/share/sound_interfaces/package.dsv'
[2.167s] INFO:colcon.colcon_core.shell:Creating package script '/home/user/sound_lidar_ws/install/sound_interfaces/share/sound_interfaces/package.sh'
[2.168s] INFO:colcon.colcon_core.shell:Creating package script '/home/user/sound_lidar_ws/install/sound_interfaces/share/sound_interfaces/package.bash'
[2.170s] INFO:colcon.colcon_core.shell:Creating package script '/home/user/sound_lidar_ws/install/sound_interfaces/share/sound_interfaces/package.zsh'
[2.172s] Level 1:colcon.colcon_core.environment:create_file_with_runtime_dependencies(/home/user/sound_lidar_ws/install/sound_interfaces/share/colcon-core/packages/sound_interfaces)
[2.174s] Level 1:colcon.colcon_core.environment:create_environment_scripts_only(sound_interfaces)
[2.174s] Level 1:colcon.colcon_core.environment:checking '/home/user/sound_lidar_ws/install/sound_interfaces' for CMake module files
[2.175s] Level 1:colcon.colcon_core.environment:checking '/home/user/sound_lidar_ws/install/sound_interfaces' for CMake config files
[2.176s] Level 1:colcon.colcon_core.shell:create_environment_hook('sound_interfaces', 'cmake_prefix_path')
[2.176s] INFO:colcon.colcon_core.shell:Creating environment hook '/home/user/sound_lidar_ws/install/sound_interfaces/share/sound_interfaces/hook/cmake_prefix_path.ps1'
[2.177s] INFO:colcon.colcon_core.shell:Creating environment descriptor '/home/user/sound_lidar_ws/install/sound_interfaces/share/sound_interfaces/hook/cmake_prefix_path.dsv'
[2.178s] INFO:colcon.colcon_core.shell:Creating environment hook '/home/user/sound_lidar_ws/install/sound_interfaces/share/sound_interfaces/hook/cmake_prefix_path.sh'
[2.179s] Level 1:colcon.colcon_core.environment:checking '/home/user/sound_lidar_ws/install/sound_interfaces/lib'
[2.179s] Level 1:colcon.colcon_core.shell:create_environment_hook('sound_interfaces', 'ld_library_path_lib')
[2.179s] INFO:colcon.colcon_core.shell:Creating environment hook '/home/user/sound_lidar_ws/install/sound_interfaces/share/sound_interfaces/hook/ld_library_path_lib.ps1'
[2.180s] INFO:colcon.colcon_core.shell:Creating environment descriptor '/home/user/sound_lidar_ws/install/sound_interfaces/share/sound_interfaces/hook/ld_library_path_lib.dsv'
[2.181s] INFO:colcon.colcon_core.shell:Creating environment hook '/home/user/sound_lidar_ws/install/sound_interfaces/share/sound_interfaces/hook/ld_library_path_lib.sh'
[2.182s] Level 1:colcon.colcon_core.environment:checking '/home/user/sound_lidar_ws/install/sound_interfaces/bin'
[2.182s] Level 1:colcon.colcon_core.environment:checking '/home/user/sound_lidar_ws/install/sound_interfaces/lib/pkgconfig/sound_interfaces.pc'
[2.182s] Level 1:colcon.colcon_core.environment:checking '/home/user/sound_lidar_ws/install/sound_interfaces/lib/python3.12/site-packages'
[2.182s] Level 1:colcon.colcon_core.shell:create_environment_hook('sound_interfaces', 'pythonpath')
[2.183s] INFO:colcon.colcon_core.shell:Creating environment hook '/home/user/sound_lidar_ws/install/sound_interfaces/share/sound_interfaces/hook/pythonpath.ps1'
[2.183s] INFO:colcon.colcon_core.shell:Creating environment descriptor '/home/user/sound_lidar_ws/install/sound_interfaces/share/sound_interfaces/hook/pythonpath.dsv'
[2.184s] INFO:colcon.colcon_core.shell:Creating environment hook '/home/user/sound_lidar_ws/install/sound_interfaces/share/sound_interfaces/hook/pythonpath.sh'
[2.186s] Level 1:colcon.colcon_core.environment:checking '/home/user/sound_lidar_ws/install/sound_interfaces/bin'
[2.186s] INFO:colcon.colcon_core.shell:Creating package script '/home/user/sound_lidar_ws/install/sound_interfaces/share/sound_interfaces/package.ps1'
[2.187s] INFO:colcon.colcon_core.shell:Creating package descriptor '/home/user/sound_lidar_ws/install/sound_interfaces/share/sound_interfaces/package.dsv'
[2.188s] INFO:colcon.colcon_core.shell:Creating package script '/home/user/sound_lidar_ws/install/sound_interfaces/share/sound_interfaces/package.sh'
[2.188s] INFO:colcon.colcon_core.shell:Creating package script '/home/user/sound_lidar_ws/install/sound_interfaces/share/sound_interfaces/package.bash'
[2.189s] INFO:colcon.colcon_core.shell:Creating package script '/home/user/sound_lidar_ws/install/sound_interfaces/share/sound_interfaces/package.zsh'
[2.190s] Level 1:colcon.colcon_core.environment:create_file_with_runtime_dependencies(/home/user/sound_lidar_ws/install/sound_interfaces/share/colcon-core/packages/sound_interfaces)
[2.191s] INFO:colcon.colcon_ros.task.ament_python.build:Building ROS package in '/home/user/sound_lidar_ws/src/lidar_focus' with build type 'ament_python'
[2.192s] Level 1:colcon.colcon_core.shell:create_environment_hook('lidar_focus', 'ament_prefix_path')
[2.192s] INFO:colcon.colcon_core.shell:Creating environment hook '/home/user/sound_lidar_ws/install/lidar_focus/share/lidar_focus/hook/ament_prefix_path.ps1'
[2.196s] INFO:colcon.colcon_core.shell:Creating environment descriptor '/home/user/sound_lidar_ws/install/lidar_focus/share/lidar_focus/hook/ament_prefix_path.dsv'
[2.197s] INFO:colcon.colcon_core.shell:Creating environment hook '/home/user/sound_lidar_ws/install/lidar_focus/share/lidar_focus/hook/ament_prefix_path.sh'
[2.199s] INFO:colcon.colcon_core.shell:Skip shell extension 'powershell' for command environment: Not usable outside of PowerShell
[2.199s] DEBUG:colcon.colcon_core.shell:Skip shell extension 'dsv' for command environment
[2.208s] INFO:colcon.colcon_ros.task.ament_python.build:Building ROS package in '/home/user/sound_lidar_ws/src/sound_localizer' with build type 'ament_python'
[2.208s] Level 1:colcon.colcon_core.shell:create_environment_hook('sound_localizer', 'ament_prefix_path')
[2.209s] INFO:colcon.colcon_core.shell:Creating environment hook '/home/user/sound_lidar_ws/install/sound_localizer/share/sound_localizer/hook/ament_prefix_path.ps1'
[2.212s] INFO:colcon.colcon_core.shell:Creating environment descriptor '/home/user/sound_lidar_ws/install/sound_localizer/share/sound_localizer/hook/ament_prefix_path.dsv'
[2.213s] INFO:colcon.colcon_core.shell:Creating environment hook '/home/user/sound_lidar_ws/install/sound_localizer/share/sound_localizer/hook/ament_prefix_path.sh'
[2.216s] INFO:colcon.colcon_core.shell:Skip shell extension 'powershell' for command environment: Not usable outside of PowerShell
[2.216s] DEBUG:colcon.colcon_core.shell:Skip shell extension 'dsv' for command environment
[2.700s] INFO:colcon.colcon_core.task.python.build:Building Python package in '/home/user/sound_lidar_ws/src/lidar_focus'
[2.700s] INFO:colcon.colcon_core.shell:Skip shell extension 'powershell' for command environment: Not usable outside of PowerShell
[2.700s] DEBUG:colcon.colcon_core.shell:Skip shell extension 'dsv' for command environment
[3.094s] INFO:colcon.colcon_core.task.python.build:Building Python package in '/home/user/sound_lidar_ws/src/sound_localizer'
[3.094s] INFO:colcon.colcon_core.shell:Skip shell extension 'powershell' for command environment: Not usable outside of PowerShell
[3.094s] DEBUG:colcon.colcon_core.shell:Skip shell extension 'dsv' for command environment
[4.509s] DEBUG:colcon.colcon_core.event_handler.log_command:Invoking command in '/home/user/sound_lidar_ws/build/sound_localizer': AMENT_PREFIX_PATH=/home/user/sound_lidar_ws/install/sound_interfaces:${AMENT_PREFIX_PATH} CMAKE_PREFIX_PATH=/home/user/sound_lidar_ws/install/sound_interfaces:${CMAKE_PREFIX_PATH} DEBUGINFOD_URLS=https://debuginfod.ubuntu.com LD_LIBRARY_PATH=/home/user/sound_lidar_ws/install/sound_interfaces/lib:${LD_LIBRARY_PATH} PYTHONPATH=/home/user/sound_lidar_ws/build/sound_localizer/prefix_override:/usr/lib/python3/dist-packages/colcon_core/task/python/colcon_distutils_commands:/home/user/sound_lidar_ws/install/sound_localizer/lib/python3.12/site-packages:/home/user/sound_lidar_ws/install/sound_interfaces/lib/python3.12/site-packages:${PYTHONPATH} /usr/bin/python3 -W ignore:setup.py install is deprecated -W ignore:easy_install command is deprecated setup.py develop --editable --build-directory /home/user/sound_lidar_ws/build/sound_localizer/build --no-deps symlink_data
[4.512s] DEBUG:colcon.colcon_core.task.python.build:While undoing a previous installation files outside the Python library path are being ignored: /home/user/sound_lidar_ws/install/lidar_focus/share/ament_index/resource_index/packages/lidar_focus
[4.512s] DEBUG:colcon.colcon_core.task.python.build:While undoing a previous installation files outside the Python library path are being ignored: /home/user/sound_lidar_ws/install/lidar_focus/share/lidar_focus/package.xml
[4.512s] DEBUG:colcon.colcon_core.task.python.build:While undoing a previous installation files outside the Python library path are being ignored: /home/user/sound_lidar_ws/install/lidar_focus/share/lidar_focus/launch/sound_lidar.launch.py
[4.513s] DEBUG:colcon.colcon_core.task.python.build:While undoing a previous installation files outside the Python library path are being ignored: /home/user/sound_lidar_ws/install/lidar_focus/lib/lidar_focus/eval_logger_node
[4.513s] DEBUG:colcon.colcon_core.task.python.build:While undoing a previous installation files outside the Python library path are being ignored: /home/user/sound_lidar_ws/install/lidar_focus/lib/lidar_focus/ground_removal_node
[4.513s] DEBUG:colcon.colcon_core.task.python.build:While undoing a previous installation files outside the Python library path are being ignored: /home/user/sound_lidar_ws/install/lidar_focus/lib/lidar_focus/human_bbox_node
[4.513s] DEBUG:colcon.colcon_core.task.python.build:While undoing a previous installation files outside the Python library path are being ignored: /home/user/sound_lidar_ws/install/lidar_focus/lib/lidar_focus/lidar_focus_node
[4.513s] DEBUG:colcon.colcon_core.task.python.build:While undoing a previous installation files outside the Python library path are being ignored: /home/user/sound_lidar_ws/install/lidar_focus/lib/lidar_focus/r_calibration_node
[4.513s] DEBUG:colcon.colcon_core.task.python.build:While undoing a previous installation files outside the Python library path are being ignored: /home/user/sound_lidar_ws/install/lidar_focus/lib/lidar_focus/sound_motion_roi_node
[4.516s] DEBUG:colcon.colcon_core.event_handler.log_command:Invoking command in '/home/user/sound_lidar_ws/build/lidar_focus': AMENT_PREFIX_PATH=/home/user/sound_lidar_ws/install/sound_interfaces:${AMENT_PREFIX_PATH} CMAKE_PREFIX_PATH=/home/user/sound_lidar_ws/install/sound_interfaces:${CMAKE_PREFIX_PATH} DEBUGINFOD_URLS=https://debuginfod.ubuntu.com LD_LIBRARY_PATH=/home/user/sound_lidar_ws/install/sound_interfaces/lib:${LD_LIBRARY_PATH} PYTHONPATH=/home/user/sound_lidar_ws/build/lidar_focus/prefix_override:/usr/lib/python3/dist-packages/colcon_core/task/python/colcon_distutils_commands:/home/user/sound_lidar_ws/install/lidar_focus/lib/python3.12/site-packages:/home/user/sound_lidar_ws/install/sound_interfaces/lib/python3.12/site-packages:${PYTHONPATH} /usr/bin/python3 -W ignore:setup.py install is deprecated -W ignore:easy_install command is deprecated setup.py develop --editable --build-directory /home/user/sound_lidar_ws/build/lidar_focus/build --no-deps symlink_data --force
[5.621s] Level 1:colcon.colcon_core.shell:create_environment_hook('sound_localizer', 'pythonpath_develop')
[5.621s] INFO:colcon.colcon_core.shell:Creating environment hook '/home/user/sound_lidar_ws/build/sound_localizer/share/sound_localizer/hook/pythonpath_develop.ps1'
[5.622s] DEBUG:colcon.colcon_core.event_handler.log_command:Invoked command in '/home/user/sound_lidar_ws/build/sound_localizer' returned '0': AMENT_PREFIX_PATH=/home/user/sound_lidar_ws/install/sound_interfaces:${AMENT_PREFIX_PATH} CMAKE_PREFIX_PATH=/home/user/sound_lidar_ws/install/sound_interfaces:${CMAKE_PREFIX_PATH} DEBUGINFOD_URLS=https://debuginfod.ubuntu.com LD_LIBRARY_PATH=/home/user/sound_lidar_ws/install/sound_interfaces/lib:${LD_LIBRARY_PATH} PYTHONPATH=/home/user/sound_lidar_ws/build/sound_localizer/prefix_override:/usr/lib/python3/dist-packages/colcon_core/task/python/colcon_distutils_commands:/home/user/sound_lidar_ws/install/sound_localizer/lib/python3.12/site-packages:/home/user/sound_lidar_ws/install/sound_interfaces/lib/python3.12/site-packages:${PYTHONPATH} /usr/bin/python3 -W ignore:setup.py install is deprecated -W ignore:easy_install command is deprecated setup.py develop --editable --build-directory /home/user/sound_lidar_ws/build/sound_localizer/build --no-deps symlink_data
[5.624s] INFO:colcon.colcon_core.shell:Creating environment descriptor '/home/user/sound_lidar_ws/build/sound_localizer/share/sound_localizer/hook/pythonpath_develop.dsv'
[5.625s] INFO:colcon.colcon_core.shell:Creating environment hook '/home/user/sound_lidar_ws/build/sound_localizer/share/sound_localizer/hook/pythonpath_develop.sh'
[5.627s] Level 1:colcon.colcon_core.environment:checking '/home/user/sound_lidar_ws/install/sound_localizer' for CMake module files
[5.627s] Level 1:colcon.colcon_core.environment:checking '/home/user/sound_lidar_ws/install/sound_localizer' for CMake config files
[5.629s] Level 1:colcon.colcon_core.environment:checking '/home/user/sound_lidar_ws/install/sound_localizer/lib'
[5.629s] Level 1:colcon.colcon_core.environment:checking '/home/user/sound_lidar_ws/install/sound_localizer/bin'
[5.629s] Level 1:colcon.colcon_core.shell:create_environment_hook('sound_localizer', 'path')
[5.630s] INFO:colcon.colcon_core.shell:Creating environment hook '/home/user/sound_lidar_ws/install/sound_localizer/share/sound_localizer/hook/path.ps1'
[5.630s] INFO:colcon.colcon_core.shell:Creating environment descriptor '/home/user/sound_lidar_ws/install/sound_localizer/share/sound_localizer/hook/path.dsv'
[5.631s] INFO:colcon.colcon_core.shell:Creating environment hook '/home/user/sound_lidar_ws/install/sound_localizer/share/sound_localizer/hook/path.sh'
[5.632s] Level 1:colcon.colcon_core.environment:checking '/home/user/sound_lidar_ws/install/sound_localizer/lib/pkgconfig/sound_localizer.pc'
[5.633s] Level 1:colcon.colcon_core.environment:checking '/home/user/sound_lidar_ws/install/sound_localizer/lib/python3.12/site-packages'
[5.633s] Level 1:colcon.colcon_core.shell:create_environment_hook('sound_localizer', 'pythonpath')
[5.633s] INFO:colcon.colcon_core.shell:Creating environment hook '/home/user/sound_lidar_ws/install/sound_localizer/share/sound_localizer/hook/pythonpath.ps1'
[5.634s] INFO:colcon.colcon_core.shell:Creating environment descriptor '/home/user/sound_lidar_ws/install/sound_localizer/share/sound_localizer/hook/pythonpath.dsv'
[5.635s] INFO:colcon.colcon_core.shell:Creating environment hook '/home/user/sound_lidar_ws/install/sound_localizer/share/sound_localizer/hook/pythonpath.sh'
[5.636s] Level 1:colcon.colcon_core.environment:checking '/home/user/sound_lidar_ws/install/sound_localizer/bin'
[5.637s] Level 1:colcon.colcon_core.shell:create_environment_hook('sound_localizer', 'pythonscriptspath')
[5.637s] INFO:colcon.colcon_core.shell:Creating environment hook '/home/user/sound_lidar_ws/install/sound_localizer/share/sound_localizer/hook/pythonscriptspath.ps1'
[5.638s] INFO:colcon.colcon_core.shell:Creating environment descriptor '/home/user/sound_lidar_ws/install/sound_localizer/share/sound_localizer/hook/pythonscriptspath.dsv'
[5.639s] INFO:colcon.colcon_core.shell:Creating environment hook '/home/user/sound_lidar_ws/install/sound_localizer/share/sound_localizer/hook/pythonscriptspath.sh'
[5.640s] Level 1:colcon.colcon_core.environment:create_environment_scripts_only(sound_localizer)
[5.641s] INFO:colcon.colcon_core.shell:Creating package script '/home/user/sound_lidar_ws/install/sound_localizer/share/sound_localizer/package.ps1'
[5.642s] INFO:colcon.colcon_core.shell:Creating package descriptor '/home/user/sound_lidar_ws/install/sound_localizer/share/sound_localizer/package.dsv'
[5.643s] INFO:colcon.colcon_core.shell:Creating package script '/home/user/sound_lidar_ws/install/sound_localizer/share/sound_localizer/package.sh'
[5.644s] INFO:colcon.colcon_core.shell:Creating package script '/home/user/sound_lidar_ws/install/sound_localizer/share/sound_localizer/package.bash'
[5.644s] INFO:colcon.colcon_core.shell:Creating package script '/home/user/sound_lidar_ws/install/sound_localizer/share/sound_localizer/package.zsh'
[5.645s] Level 1:colcon.colcon_core.environment:create_file_with_runtime_dependencies(/home/user/sound_lidar_ws/install/sound_localizer/share/colcon-core/packages/sound_localizer)
[5.648s] Level 1:colcon.colcon_core.shell:create_environment_hook('lidar_focus', 'pythonpath_develop')
[5.649s] INFO:colcon.colcon_core.shell:Creating environment hook '/home/user/sound_lidar_ws/build/lidar_focus/share/lidar_focus/hook/pythonpath_develop.ps1'
[5.651s] DEBUG:colcon.colcon_core.event_handler.log_command:Invoked command in '/home/user/sound_lidar_ws/build/lidar_focus' returned '0': AMENT_PREFIX_PATH=/home/user/sound_lidar_ws/install/sound_interfaces:${AMENT_PREFIX_PATH} CMAKE_PREFIX_PATH=/home/user/sound_lidar_ws/install/sound_interfaces:${CMAKE_PREFIX_PATH} DEBUGINFOD_URLS=https://debuginfod.ubuntu.com LD_LIBRARY_PATH=/home/user/sound_lidar_ws/install/sound_interfaces/lib:${LD_LIBRARY_PATH} PYTHONPATH=/home/user/sound_lidar_ws/build/lidar_focus/prefix_override:/usr/lib/python3/dist-packages/colcon_core/task/python/colcon_distutils_commands:/home/user/sound_lidar_ws/install/lidar_focus/lib/python3.12/site-packages:/home/user/sound_lidar_ws/install/sound_interfaces/lib/python3.12/site-packages:${PYTHONPATH} /usr/bin/python3 -W ignore:setup.py install is deprecated -W ignore:easy_install command is deprecated setup.py develop --editable --build-directory /home/user/sound_lidar_ws/build/lidar_focus/build --no-deps symlink_data --force
[5.652s] INFO:colcon.colcon_core.shell:Creating environment descriptor '/home/user/sound_lidar_ws/build/lidar_focus/share/lidar_focus/hook/pythonpath_develop.dsv'
[5.654s] INFO:colcon.colcon_core.shell:Creating environment hook '/home/user/sound_lidar_ws/build/lidar_focus/share/lidar_focus/hook/pythonpath_develop.sh'
[5.656s] Level 1:colcon.colcon_core.environment:checking '/home/user/sound_lidar_ws/install/lidar_focus' for CMake module files
[5.657s] Level 1:colcon.colcon_core.environment:checking '/home/user/sound_lidar_ws/install/lidar_focus' for CMake config files
[5.660s] Level 1:colcon.colcon_core.environment:checking '/home/user/sound_lidar_ws/install/lidar_focus/lib'
[5.661s] Level 1:colcon.colcon_core.environment:checking '/home/user/sound_lidar_ws/install/lidar_focus/bin'
[5.662s] Level 1:colcon.colcon_core.shell:create_environment_hook('lidar_focus', 'path')
[5.663s] INFO:colcon.colcon_core.shell:Creating environment hook '/home/user/sound_lidar_ws/install/lidar_focus/share/lidar_focus/hook/path.ps1'
[5.667s] INFO:colcon.colcon_core.shell:Creating environment descriptor '/home/user/sound_lidar_ws/install/lidar_focus/share/lidar_focus/hook/path.dsv'
[5.669s] INFO:colcon.colcon_core.shell:Creating environment hook '/home/user/sound_lidar_ws/install/lidar_focus/share/lidar_focus/hook/path.sh'
[5.670s] Level 1:colcon.colcon_core.environment:checking '/home/user/sound_lidar_ws/install/lidar_focus/lib/pkgconfig/lidar_focus.pc'
[5.671s] Level 1:colcon.colcon_core.environment:checking '/home/user/sound_lidar_ws/install/lidar_focus/lib/python3.12/site-packages'
[5.672s] Level 1:colcon.colcon_core.shell:create_environment_hook('lidar_focus', 'pythonpath')
[5.673s] INFO:colcon.colcon_core.shell:Creating environment hook '/home/user/sound_lidar_ws/install/lidar_focus/share/lidar_focus/hook/pythonpath.ps1'
[5.675s] INFO:colcon.colcon_core.shell:Creating environment descriptor '/home/user/sound_lidar_ws/install/lidar_focus/share/lidar_focus/hook/pythonpath.dsv'
[5.676s] INFO:colcon.colcon_core.shell:Creating environment hook '/home/user/sound_lidar_ws/install/lidar_focus/share/lidar_focus/hook/pythonpath.sh'
[5.679s] Level 1:colcon.colcon_core.environment:checking '/home/user/sound_lidar_ws/install/lidar_focus/bin'
[5.680s] Level 1:colcon.colcon_core.shell:create_environment_hook('lidar_focus', 'pythonscriptspath')
[5.681s] INFO:colcon.colcon_core.shell:Creating environment hook '/home/user/sound_lidar_ws/install/lidar_focus/share/lidar_focus/hook/pythonscriptspath.ps1'
[5.682s] INFO:colcon.colcon_core.shell:Creating environment descriptor '/home/user/sound_lidar_ws/install/lidar_focus/share/lidar_focus/hook/pythonscriptspath.dsv'
[5.683s] INFO:colcon.colcon_core.shell:Creating environment hook '/home/user/sound_lidar_ws/install/lidar_focus/share/lidar_focus/hook/pythonscriptspath.sh'
[5.684s] Level 1:colcon.colcon_core.environment:create_environment_scripts_only(lidar_focus)
[5.685s] INFO:colcon.colcon_core.shell:Creating package script '/home/user/sound_lidar_ws/install/lidar_focus/share/lidar_focus/package.ps1'
[5.686s] INFO:colcon.colcon_core.shell:Creating package descriptor '/home/user/sound_lidar_ws/install/lidar_focus/share/lidar_focus/package.dsv'
[5.687s] INFO:colcon.colcon_core.shell:Creating package script '/home/user/sound_lidar_ws/install/lidar_focus/share/lidar_focus/package.sh'
[5.688s] INFO:colcon.colcon_core.shell:Creating package script '/home/user/sound_lidar_ws/install/lidar_focus/share/lidar_focus/package.bash'
[5.689s] INFO:colcon.colcon_core.shell:Creating package script '/home/user/sound_lidar_ws/install/lidar_focus/share/lidar_focus/package.zsh'
[5.690s] Level 1:colcon.colcon_core.environment:create_file_with_runtime_dependencies(/home/user/sound_lidar_ws/install/lidar_focus/share/colcon-core/packages/lidar_focus)
[5.691s] DEBUG:colcon.colcon_parallel_executor.executor.parallel:closing loop
[5.691s] DEBUG:colcon.colcon_parallel_executor.executor.parallel:loop closed
[5.692s] DEBUG:colcon.colcon_parallel_executor.executor.parallel:run_until_complete finished with '0'
[5.692s] DEBUG:colcon.colcon_core.event_reactor:joining thread
[5.727s] INFO:colcon.colcon_core.plugin_system:Skipping extension 'colcon_notification.desktop_notification.terminal_notifier': Not used on non-Darwin systems
[5.727s] INFO:colcon.colcon_core.plugin_system:Skipping extension 'colcon_notification.desktop_notification.win32': Not used on non-Windows systems
[5.727s] INFO:colcon.colcon_notification.desktop_notification:Sending desktop notification using 'notify2'
[5.767s] DEBUG:colcon.colcon_core.event_reactor:joined thread
[5.767s] INFO:colcon.colcon_core.shell:Creating prefix script '/home/user/sound_lidar_ws/install/local_setup.ps1'
[5.769s] INFO:colcon.colcon_core.shell:Creating prefix util module '/home/user/sound_lidar_ws/install/_local_setup_util_ps1.py'
[5.772s] INFO:colcon.colcon_core.shell:Creating prefix chain script '/home/user/sound_lidar_ws/install/setup.ps1'
[5.775s] INFO:colcon.colcon_core.shell:Creating prefix script '/home/user/sound_lidar_ws/install/local_setup.sh'
[5.777s] INFO:colcon.colcon_core.shell:Creating prefix util module '/home/user/sound_lidar_ws/install/_local_setup_util_sh.py'
[5.778s] INFO:colcon.colcon_core.shell:Creating prefix chain script '/home/user/sound_lidar_ws/install/setup.sh'
[5.781s] INFO:colcon.colcon_core.shell:Creating prefix script '/home/user/sound_lidar_ws/install/local_setup.bash'
[5.783s] INFO:colcon.colcon_core.shell:Creating prefix chain script '/home/user/sound_lidar_ws/install/setup.bash'
[5.784s] INFO:colcon.colcon_core.shell:Creating prefix script '/home/user/sound_lidar_ws/install/local_setup.zsh'
[5.786s] INFO:colcon.colcon_core.shell:Creating prefix chain script '/home/user/sound_lidar_ws/install/setup.zsh'
